Generate .mod/version.h
Generating dependencies for vacuum/vacuum.f90
Generating dependencies for vacuum/vacuum_response.f90
Generating dependencies for vacuum/vacuum_equilibrium.f90
Generating dependencies for jorek2_main.f90
Generating dependencies for timing/mod_clock.f90
Generating dependencies for timing/flush_it.f90
Generating dependencies for timing/tr_module.f90
Generating dependencies for timing/r3_info.f90
Generating dependencies for datatypes/profiles.f90
Generating dependencies for datatypes/data_structure.f90
Generating dependencies for tools/cla.f90
Generating dependencies for postproc/parse_commands.f90
Generating dependencies for postproc/settings.f90
Generating dependencies for postproc/postproc_help.f90
Generating dependencies for postproc/exec_commands.f90
Generating dependencies for postproc/convert_character.f90
Generating dependencies for postproc/jorek2_postproc.f90
Generating dependencies for diagnostics/new_diag/mod_straight_field_line.f90
Generating dependencies for diagnostics/new_diag/mod_diag_output.f90
Generating dependencies for diagnostics/new_diag/mod_new_diag.f90
Generating dependencies for diagnostics/new_diag/mod_four_filter.f90
Generating dependencies for diagnostics/new_diag/mod_expression.f90
Generating dependencies for diagnostics/new_diag/mod_position.f90
Generating dependencies for plots/plot_flux_surfaces.f90
Generating dependencies for plots/plot_profiles.f90
Generating dependencies for plots/plot_solution.f90
Generating dependencies for plots/plot_coils.f90
Generating dependencies for plots/plot_grid.f90
Generating dependencies for grids/grid_polar_bezier.f90
Generating dependencies for plots/plot_velocity_profile.f90
Generating dependencies for grids/grid_xpoint_data.f90
Generating dependencies for grids/grid_xpoint.f90
Generating dependencies for grids/grid_xpoint_wall.f90
Generating dependencies for grids/define_boundary.f90
Generating dependencies for grids/grid_double_xpoint.f90
Generating dependencies for grids/grid_bezier_square.f90
Generating dependencies for grids/grid_bezier_square_polar.f90
Generating dependencies for grids/grid_flux_surface.f90
Generating dependencies for grids/mod_boundary.f90
Generating dependencies for elements/basisfunctions1.f90
Generating dependencies for elements/interp_RZ.f90
Generating dependencies for elements/gauss.f90
Generating dependencies for elements/initialise_basis.f90
Generating dependencies for elements/cub1D.f90
Generating dependencies for elements/mod_basisfunctions.f90
Generating dependencies for elements/interp.f90
Generating dependencies for elements/basisfunctions.f90
Generating dependencies for elements/interp_PRZ.f90
Generating dependencies for elements/basis_at_gaussian.f90
Generating dependencies for elements/bezier_1d.f90
Generating dependencies for elements/basisfunctions2.f90
Generating dependencies for elements/hermite_elements.f90
Generating dependencies for matrix/mod_locate_irn_jcn.f90
Generating dependencies for matrix/construct_matrix_mod.f90
Generating dependencies for matrix/mod_reduce.f90
Generating dependencies for matrix/sort_I_mrgrnk.f90
Generating dependencies for matrix/mod_global_matrix_structure.f90
Generating dependencies for matrix/mod_coicsr.f90
Generating dependencies for matrix/mod_ch_nod_rhs_elm.f90
Generating dependencies for matrix/scale_global_matrix.f90
Generating dependencies for matrix/mod_ch_node_struct.f90
Generating dependencies for matrix/global_distributed_matrix.f90
Generating dependencies for matrix/construct_matrix_murge_mod.f90
Generating dependencies for refinement/Ref_Update_Index.f90
Generating dependencies for refinement/Refine_Element.f90
Generating dependencies for refinement/Ref_Add_Elements.f90
Generating dependencies for refinement/Ref_Active_Node.f90
Generating dependencies for refinement/Refine_Elem_List.f90
Generating dependencies for refinement/Ref_Update_Neighbours.f90
Generating dependencies for refinement/Ref_boundary_node.f90
Generating dependencies for refinement/mod_refinement.f90
Generating dependencies for refinement/Ref_Check_Neighb_Stat.f90
Generating dependencies for refinement/Ref_Add_Node.f90
Generating dependencies for refinement/mod_neighbours.f90
Generating dependencies for refinement/Ref_Find_Constrained_Node.f90
Generating dependencies for models/model500/mod_parameters.f90
Generating dependencies for models/model500/initial_conditions.f90
Generating dependencies for models/model500/mod_elt_matrix_fft.f90
Generating dependencies for models/model500/mod_boundary_conditions.f90
Generating dependencies for models/model500/mod_boundary_matrix_open.f90
Generating dependencies for models/model500/boundary_matrix.f90
Generating dependencies for models/model500/initialise_parameters.f90
Generating dependencies for models/model500/mod_elt_matrix.f90
Generating dependencies for models/model500/init_live_data_model.f90
Generating dependencies for models/model500/sources.f90
Generating dependencies for models/mgi_module.f90
Generating dependencies for solvers/gmres_driver.f90
Generating dependencies for solvers/solve_pastix_all.f90
Generating dependencies for solvers/solve_mumps_all.f90
Generating dependencies for solvers/pastix_module.f90
Generating dependencies for solvers/root.f90
Generating dependencies for solvers/wsmp_module.f90
Generating dependencies for solvers/murge_module.f90
Generating dependencies for solvers/SolveM2.f90
Generating dependencies for solvers/gmres_precondition.f90
Generating dependencies for solvers/solve_murge_all.f90
Generating dependencies for solvers/solve_mat_n.f90
Generating dependencies for solvers/initialise_mumps.f90
Generating dependencies for solvers/mnewtax.f90
Generating dependencies for solvers/solvP3.f90
Generating dependencies for solvers/gmres_matrix_vector.f90
Generating dependencies for solvers/mumps_module.f90
Generating dependencies for solvers/initialise_pastix.f90
Generating dependencies for grids/grid_utils/meshac2.f90
Generating dependencies for grids/grid_utils/find_extrapolation_points_central_part.f90
Generating dependencies for grids/grid_utils/define_new_grid_points.f90
Generating dependencies for grids/grid_utils/update_neighbours.f90
Generating dependencies for grids/grid_utils/define_final_grid.f90
Generating dependencies for grids/grid_utils/spline.f90
Generating dependencies for grids/grid_utils/find_crossing_on_surface_piece.f90
Generating dependencies for grids/grid_utils/define_flux_values.f90
Generating dependencies for grids/grid_utils/find_R_surface.f90
Generating dependencies for grids/grid_utils/find_wall_crossing.f90
Generating dependencies for grids/grid_utils/py_plots_grids.f90
Generating dependencies for grids/grid_utils/tg02a.f90
Generating dependencies for grids/grid_utils/find_crossing.f90
Generating dependencies for grids/grid_utils/high_resolution_wall.f90
Generating dependencies for grids/grid_utils/create_x_node.f90
Generating dependencies for grids/grid_utils/find_RZ.f90
Generating dependencies for grids/grid_utils/tb15a.f90
Generating dependencies for grids/grid_utils/find_Z_surface.f90
Generating dependencies for grids/grid_utils/check_point_is_inside_wall.f90
Generating dependencies for grids/grid_utils/find_theta_surface.f90
Generating dependencies for grids/grid_utils/fgauss.f90
Generating dependencies for grids/grid_utils/find_strategic_points.f90
Generating dependencies for grids/grid_utils/create_new_node.f90
Generating dependencies for grids/grid_utils/find_wall_crossings_with_flux_surface.f90
Generating dependencies for grids/grid_utils/reorder_flux_surfaces.f90
Generating dependencies for communication/broadcast_RMP_profiles.f90
Generating dependencies for communication/live_data2.f90
Generating dependencies for communication/export_pov.f90
Generating dependencies for communication/broadcast_num_profiles.f90
Generating dependencies for communication/live_data4.f90
Generating dependencies for communication/distribute_vector.f90
Generating dependencies for communication/export_boundary.f90
Generating dependencies for communication/distribute_nodes_elements.f90
Generating dependencies for communication/mod_export_restart.f90
Generating dependencies for communication/export_helena.f90
Generating dependencies for communication/broadcast_elements.f90
Generating dependencies for communication/mod_import_restart.f90
Generating dependencies for communication/broadcast_phys.f90
Generating dependencies for communication/mpi_mod.f90
Generating dependencies for communication/live_data.f90
Generating dependencies for communication/update_deltas.f90
Generating dependencies for communication/live_data3.f90
Generating dependencies for communication/import_equil.f90
Generating dependencies for communication/distribute_harmonics.f90
Generating dependencies for communication/update_values.f90
Generating dependencies for communication/broadcast_nodes.f90
Generating dependencies for communication/split_broadcast.f90
Generating dependencies for communication/eqdsk2jorek.f90
Generating dependencies for communication/export_nemec.f90
Generating dependencies for communication/broadcast_boundary.f90
Generating dependencies for communication/export_grid.f90
Generating dependencies for communication/import_boundary.f90
Generating dependencies for models/constants.f90
Generating dependencies for models/equil_info.f90
Generating dependencies for models/element_matrix_poisson.f90
Generating dependencies for models/derive_num_profiles.f90
Generating dependencies for models/neo_coef.f90
Generating dependencies for models/temperature.f90
Generating dependencies for models/current.f90
Generating dependencies for models/equilibrium.f90
Generating dependencies for models/phys_module.f90
Generating dependencies for models/mod_add_pellet.f90
Generating dependencies for models/element_matrix_GS.f90
Generating dependencies for models/element_matrix_poisson_inverse.f90
Generating dependencies for models/temperature_i.f90
Generating dependencies for models/chgmt_node.f90
Generating dependencies for models/update_time_evol_params.f90
Generating dependencies for models/preset_parameters.f90
Generating dependencies for models/mod_poiss.f90
Generating dependencies for models/F_profile.f90
Generating dependencies for models/read_RMP_profiles.f90
Generating dependencies for models/ffprime.f90
Generating dependencies for models/mod_bootstrap_functions.f90
Generating dependencies for models/temperature_e.f90
Generating dependencies for models/element_matrix_GS_inverse.f90
Generating dependencies for models/diffusivities.f90
Generating dependencies for models/nodes_elements.f90
Generating dependencies for models/initialise_and_broadcast_parameters.f90
Generating dependencies for models/mod_assembly.f90
Generating dependencies for models/det_modes.f90
Generating dependencies for models/read_num_profiles.f90
Generating dependencies for models/element_matrix_GS_perturbation.f90
Generating dependencies for models/pellet_module.f90
Generating dependencies for models/domains.f90
Generating dependencies for models/corr_neg.f90
Generating dependencies for models/density.f90
Generating dependencies for models/mod_log_params.f90
Generating dependencies for diagnostics/jorek2_stan.f90
Generating dependencies for diagnostics/jorek_extract_data.f90
Generating dependencies for diagnostics/jorek2vtk_3d.f90
Generating dependencies for diagnostics/flux_surface_add_point.f90
Generating dependencies for diagnostics/fourier.f90
Generating dependencies for diagnostics/find_limiter.f90
Generating dependencies for diagnostics/dlength.f90
Generating dependencies for diagnostics/energy.f90
Generating dependencies for diagnostics/jorek2_strikes_ordered.f90
Generating dependencies for diagnostics/integral_current.f90
Generating dependencies for diagnostics/jorek2vtk.f90
Generating dependencies for diagnostics/jorpol.f90
Generating dependencies for diagnostics/integrals_3D.f90
Generating dependencies for diagnostics/jorek_to_helena.f90
Generating dependencies for diagnostics/boundary_check.f90
Generating dependencies for diagnostics/integrals.f90
Generating dependencies for diagnostics/out_save_module.f90
Generating dependencies for diagnostics/jorek2_connection2.f90
Generating dependencies for diagnostics/elements_nodes_neighbours.f90
Generating dependencies for diagnostics/temp.f90
Generating dependencies for diagnostics/psi_minmax.f90
Generating dependencies for diagnostics/jorek2vtk_GaussVortTerms.f90
Generating dependencies for diagnostics/flux_surface_add_line.f90
Generating dependencies for diagnostics/rst_bin2hdf5.f90
Generating dependencies for diagnostics/divertor_desc.f90
Generating dependencies for diagnostics/jorek2help.f90
Generating dependencies for diagnostics/jorek2_povray.f90
Generating dependencies for diagnostics/jorek2_poincare.f90
Generating dependencies for diagnostics/jorek2_target2vtk.f90
Generating dependencies for diagnostics/find_axis.f90
Generating dependencies for diagnostics/determine_PhiN.f90
Generating dependencies for diagnostics/print_grid.f90
Generating dependencies for diagnostics/hdf5_io_module.f90
Generating dependencies for diagnostics/rst_hdf52bin.f90
Generating dependencies for diagnostics/jorek2_fieldlines_vtk.f90
Generating dependencies for diagnostics/RZ_minmax.f90
Generating dependencies for diagnostics/new_diag_demo.f90
Generating dependencies for diagnostics/diagnostics.f90
Generating dependencies for diagnostics/find_flux_surfaces.f90
Generating dependencies for diagnostics/find_xpoint.f90
Generating dependencies for diagnostics/jorek2_powers.f90
Generating dependencies for diagnostics/jorek2_import_perturbation.f90
Generating dependencies for diagnostics/q_profile.f90
Generating dependencies for diagnostics/determine_q_profile.f90
Generating dependencies for diagnostics/find_strike.f90
Generating dependencies for diagnostics/jordel.f90
Generating dependencies for diagnostics/jorek2_four.f90
Generating dependencies for diagnostics/enbiggen.f90
Generating dependencies for diagnostics/jorek2_diagno.f90
Generating dependencies for diagnostics/jorek2_connection_stan.f90
Generate .mod/version.h
mpif90 -f90=ifort -mt_mpi -align -qopenmp -O0 -g -traceback -fstack-security-check -ftrapuv -r8 -i4 -DUSE_BLOCK -fpp -xHost -O2  -qopenmp  -warn all -warn nointerfaces -warn nounused -fpp -r8 -check all,noarg_temp_created -check bounds -check uninit -debug all -debug-parameters -fpe0 -gen-interfaces -warn-interfaces -module .mod  -implicitnone -DJOREK_MODEL=500 -DUSE_MPI -DUSE_FFTW -DUSE_PASTIX -DUSE_HDF5 -I.mod -I/cineca/prod/opt/libraries/fftw/3.3.4/intelmpi--5.1--binary/include `/marconi/home/userexternal/dvanvugt/libraries/pastix/5.2.3/intelmpi--pe-xe-2016--binary--ptscotch/install/pastix-conf --incs` -I/cineca/prod/opt/libraries/hdf5/1.8.17/intelmpi--5.1--binary/include -Itiming   -c models/constants.f90 -o .obj/constants.o
mpif90 -f90=ifort -mt_mpi -align -qopenmp -O0 -g -traceback -fstack-security-check -ftrapuv -r8 -i4 -DUSE_BLOCK -fpp -xHost -O2  -qopenmp  -warn all -warn nointerfaces -warn nounused -fpp -r8 -check all,noarg_temp_created -check bounds -check uninit -debug all -debug-parameters -fpe0 -gen-interfaces -warn-interfaces -module .mod  -implicitnone -DJOREK_MODEL=500 -DUSE_MPI -DUSE_FFTW -DUSE_PASTIX -DUSE_HDF5 -I.mod -I/cineca/prod/opt/libraries/fftw/3.3.4/intelmpi--5.1--binary/include `/marconi/home/userexternal/dvanvugt/libraries/pastix/5.2.3/intelmpi--pe-xe-2016--binary--ptscotch/install/pastix-conf --incs` -I/cineca/prod/opt/libraries/hdf5/1.8.17/intelmpi--5.1--binary/include -Itiming   -c solvers/mumps_module.f90 -o .obj/mumps_module.o
mpif90 -f90=ifort -mt_mpi -align -qopenmp -O0 -g -traceback -fstack-security-check -ftrapuv -r8 -i4 -DUSE_BLOCK -fpp -xHost -O2  -qopenmp  -warn all -warn nointerfaces -warn nounused -fpp -r8 -check all,noarg_temp_created -check bounds -check uninit -debug all -debug-parameters -fpe0 -gen-interfaces -warn-interfaces -module .mod  -implicitnone -DJOREK_MODEL=500 -DUSE_MPI -DUSE_FFTW -DUSE_PASTIX -DUSE_HDF5 -I.mod -I/cineca/prod/opt/libraries/fftw/3.3.4/intelmpi--5.1--binary/include `/marconi/home/userexternal/dvanvugt/libraries/pastix/5.2.3/intelmpi--pe-xe-2016--binary--ptscotch/install/pastix-conf --incs` -I/cineca/prod/opt/libraries/hdf5/1.8.17/intelmpi--5.1--binary/include -Itiming   -c solvers/pastix_module.f90 -o .obj/pastix_module.o
mpif90 -f90=ifort -mt_mpi -align -qopenmp -O0 -g -traceback -fstack-security-check -ftrapuv -r8 -i4 -DUSE_BLOCK -fpp -xHost -O2  -qopenmp  -warn all -warn nointerfaces -warn nounused -fpp -r8 -check all,noarg_temp_created -check bounds -check uninit -debug all -debug-parameters -fpe0 -gen-interfaces -warn-interfaces -module .mod  -implicitnone -DJOREK_MODEL=500 -DUSE_MPI -DUSE_FFTW -DUSE_PASTIX -DUSE_HDF5 -I.mod -I/cineca/prod/opt/libraries/fftw/3.3.4/intelmpi--5.1--binary/include `/marconi/home/userexternal/dvanvugt/libraries/pastix/5.2.3/intelmpi--pe-xe-2016--binary--ptscotch/install/pastix-conf --incs` -I/cineca/prod/opt/libraries/hdf5/1.8.17/intelmpi--5.1--binary/include -Itiming   -c communication/mpi_mod.f90 -o .obj/mpi_mod.o
mpif90 -f90=ifort -mt_mpi -align -qopenmp -O0 -g -traceback -fstack-security-check -ftrapuv -r8 -i4 -DUSE_BLOCK -fpp -xHost -O2  -qopenmp  -warn all -warn nointerfaces -warn nounused -fpp -r8 -check all,noarg_temp_created -check bounds -check uninit -debug all -debug-parameters -fpe0 -gen-interfaces -warn-interfaces -module .mod  -implicitnone -DJOREK_MODEL=500 -DUSE_MPI -DUSE_FFTW -DUSE_PASTIX -DUSE_HDF5 -I.mod -I/cineca/prod/opt/libraries/fftw/3.3.4/intelmpi--5.1--binary/include `/marconi/home/userexternal/dvanvugt/libraries/pastix/5.2.3/intelmpi--pe-xe-2016--binary--ptscotch/install/pastix-conf --incs` -I/cineca/prod/opt/libraries/hdf5/1.8.17/intelmpi--5.1--binary/include -Itiming   -c models/model500/mod_parameters.f90 -o .obj/mod_parameters.o
mpif90 -f90=ifort -mt_mpi -align -qopenmp -O0 -g -traceback -fstack-security-check -ftrapuv -r8 -i4 -DUSE_BLOCK -fpp -xHost -O2  -qopenmp  -warn all -warn nointerfaces -warn nounused -fpp -r8 -check all,noarg_temp_created -check bounds -check uninit -debug all -debug-parameters -fpe0 -gen-interfaces -warn-interfaces -module .mod  -implicitnone -DJOREK_MODEL=500 -DUSE_MPI -DUSE_FFTW -DUSE_PASTIX -DUSE_HDF5 -I.mod -I/cineca/prod/opt/libraries/fftw/3.3.4/intelmpi--5.1--binary/include `/marconi/home/userexternal/dvanvugt/libraries/pastix/5.2.3/intelmpi--pe-xe-2016--binary--ptscotch/install/pastix-conf --incs` -I/cineca/prod/opt/libraries/hdf5/1.8.17/intelmpi--5.1--binary/include -Itiming   -c elements/gauss.f90 -o .obj/gauss.o
mpif90 -f90=ifort -mt_mpi -align -qopenmp -O0 -g -traceback -fstack-security-check -ftrapuv -r8 -i4 -DUSE_BLOCK -fpp -xHost -O2  -qopenmp  -warn all -warn nointerfaces -warn nounused -fpp -r8 -check all,noarg_temp_created -check bounds -check uninit -debug all -debug-parameters -fpe0 -gen-interfaces -warn-interfaces -module .mod  -implicitnone -DJOREK_MODEL=500 -DUSE_MPI -DUSE_FFTW -DUSE_PASTIX -DUSE_HDF5 -I.mod -I/cineca/prod/opt/libraries/fftw/3.3.4/intelmpi--5.1--binary/include `/marconi/home/userexternal/dvanvugt/libraries/pastix/5.2.3/intelmpi--pe-xe-2016--binary--ptscotch/install/pastix-conf --incs` -I/cineca/prod/opt/libraries/hdf5/1.8.17/intelmpi--5.1--binary/include -Itiming   -c diagnostics/hdf5_io_module.f90 -o .obj/hdf5_io_module.o
mpif90 -f90=ifort -mt_mpi -align -qopenmp -O0 -g -traceback -fstack-security-check -ftrapuv -r8 -i4 -DUSE_BLOCK -fpp -xHost -O2  -qopenmp  -warn all -warn nointerfaces -warn nounused -fpp -r8 -check all,noarg_temp_created -check bounds -check uninit -debug all -debug-parameters -fpe0 -gen-interfaces -warn-interfaces -module .mod  -implicitnone -DJOREK_MODEL=500 -DUSE_MPI -DUSE_FFTW -DUSE_PASTIX -DUSE_HDF5 -I.mod -I/cineca/prod/opt/libraries/fftw/3.3.4/intelmpi--5.1--binary/include `/marconi/home/userexternal/dvanvugt/libraries/pastix/5.2.3/intelmpi--pe-xe-2016--binary--ptscotch/install/pastix-conf --incs` -I/cineca/prod/opt/libraries/hdf5/1.8.17/intelmpi--5.1--binary/include -Itiming   -c grids/grid_xpoint_data.f90 -o .obj/grid_xpoint_data.o
mpif90 -f90=ifort -mt_mpi -align -qopenmp -O0 -g -traceback -fstack-security-check -ftrapuv -r8 -i4 -DUSE_BLOCK -fpp -xHost -O2  -qopenmp  -warn all -warn nointerfaces -warn nounused -fpp -r8 -check all,noarg_temp_created -check bounds -check uninit -debug all -debug-parameters -fpe0 -gen-interfaces -warn-interfaces -module .mod  -implicitnone -DJOREK_MODEL=500 -DUSE_MPI -DUSE_FFTW -DUSE_PASTIX -DUSE_HDF5 -I.mod -I/cineca/prod/opt/libraries/fftw/3.3.4/intelmpi--5.1--binary/include `/marconi/home/userexternal/dvanvugt/libraries/pastix/5.2.3/intelmpi--pe-xe-2016--binary--ptscotch/install/pastix-conf --incs` -I/cineca/prod/opt/libraries/hdf5/1.8.17/intelmpi--5.1--binary/include -Itiming   -c matrix/mod_coicsr.f90 -o .obj/mod_coicsr.o
mpif90 -f90=ifort -mt_mpi -align -qopenmp -O0 -g -traceback -fstack-security-check -ftrapuv -r8 -i4 -DUSE_BLOCK -fpp -xHost -O2  -qopenmp  -warn all -warn nointerfaces -warn nounused -fpp -r8 -check all,noarg_temp_created -check bounds -check uninit -debug all -debug-parameters -fpe0 -gen-interfaces -warn-interfaces -module .mod  -implicitnone -DJOREK_MODEL=500 -DUSE_MPI -DUSE_FFTW -DUSE_PASTIX -DUSE_HDF5 -I.mod -I/cineca/prod/opt/libraries/fftw/3.3.4/intelmpi--5.1--binary/include `/marconi/home/userexternal/dvanvugt/libraries/pastix/5.2.3/intelmpi--pe-xe-2016--binary--ptscotch/install/pastix-conf --incs` -I/cineca/prod/opt/libraries/hdf5/1.8.17/intelmpi--5.1--binary/include -Itiming   -c timing/tr_module.f90 -o .obj/tr_module.o
mpif90 -f90=ifort -mt_mpi -align -qopenmp -O0 -g -traceback -fstack-security-check -ftrapuv -r8 -i4 -DUSE_BLOCK -fpp -xHost -O2  -qopenmp  -warn all -warn nointerfaces -warn nounused -fpp -r8 -check all,noarg_temp_created -check bounds -check uninit -debug all -debug-parameters -fpe0 -gen-interfaces -warn-interfaces -module .mod  -implicitnone -DJOREK_MODEL=500 -DUSE_MPI -DUSE_FFTW -DUSE_PASTIX -DUSE_HDF5 -I.mod -I/cineca/prod/opt/libraries/fftw/3.3.4/intelmpi--5.1--binary/include `/marconi/home/userexternal/dvanvugt/libraries/pastix/5.2.3/intelmpi--pe-xe-2016--binary--ptscotch/install/pastix-conf --incs` -I/cineca/prod/opt/libraries/hdf5/1.8.17/intelmpi--5.1--binary/include -Itiming   -c timing/flush_it.f90 -o .obj/flush_it.o
mpicc -align -qopenmp -O0 -g -traceback -fstack-security-check -ftrapuv  -DJOREK_MODEL=500 -DUSE_MPI -DUSE_FFTW -DUSE_PASTIX -DUSE_HDF5 -I.mod -I/cineca/prod/opt/libraries/fftw/3.3.4/intelmpi--5.1--binary/include `/marconi/home/userexternal/dvanvugt/libraries/pastix/5.2.3/intelmpi--pe-xe-2016--binary--ptscotch/install/pastix-conf --incs` -I/cineca/prod/opt/libraries/hdf5/1.8.17/intelmpi--5.1--binary/include -Itiming   -c timing/pastix_getmem.c -o .obj/pastix_getmem.o
mpif90 -f90=ifort -mt_mpi -align -qopenmp -O0 -g -traceback -fstack-security-check -ftrapuv -r8 -i4 -DUSE_BLOCK -fpp -xHost -O2  -qopenmp  -warn all -warn nointerfaces -warn nounused -fpp -r8 -check all,noarg_temp_created -check bounds -check uninit -debug all -debug-parameters -fpe0 -gen-interfaces -warn-interfaces -module .mod  -implicitnone -DJOREK_MODEL=500 -DUSE_MPI -DUSE_FFTW -DUSE_PASTIX -DUSE_HDF5 -I.mod -I/cineca/prod/opt/libraries/fftw/3.3.4/intelmpi--5.1--binary/include `/marconi/home/userexternal/dvanvugt/libraries/pastix/5.2.3/intelmpi--pe-xe-2016--binary--ptscotch/install/pastix-conf --incs` -I/cineca/prod/opt/libraries/hdf5/1.8.17/intelmpi--5.1--binary/include -Itiming   -c timing/mod_clock.f90 -o .obj/mod_clock.o
mpif90 -f90=ifort -mt_mpi -align -qopenmp -O0 -g -traceback -fstack-security-check -ftrapuv -r8 -i4 -DUSE_BLOCK -fpp -xHost -O2  -qopenmp  -warn all -warn nointerfaces -warn nounused -fpp -r8 -check all,noarg_temp_created -check bounds -check uninit -debug all -debug-parameters -fpe0 -gen-interfaces -warn-interfaces -module .mod  -implicitnone -DJOREK_MODEL=500 -DUSE_MPI -DUSE_FFTW -DUSE_PASTIX -DUSE_HDF5 -I.mod -I/cineca/prod/opt/libraries/fftw/3.3.4/intelmpi--5.1--binary/include `/marconi/home/userexternal/dvanvugt/libraries/pastix/5.2.3/intelmpi--pe-xe-2016--binary--ptscotch/install/pastix-conf --incs` -I/cineca/prod/opt/libraries/hdf5/1.8.17/intelmpi--5.1--binary/include -Itiming   -c solvers/wsmp_module.f90 -o .obj/wsmp_module.o
mpif90 -f90=ifort -mt_mpi -align -qopenmp -O0 -g -traceback -fstack-security-check -ftrapuv -r8 -i4 -DUSE_BLOCK -fpp -xHost -O2  -qopenmp  -warn all -warn nointerfaces -warn nounused -fpp -r8 -check all,noarg_temp_created -check bounds -check uninit -debug all -debug-parameters -fpe0 -gen-interfaces -warn-interfaces -module .mod  -implicitnone -DJOREK_MODEL=500 -DUSE_MPI -DUSE_FFTW -DUSE_PASTIX -DUSE_HDF5 -I.mod -I/cineca/prod/opt/libraries/fftw/3.3.4/intelmpi--5.1--binary/include `/marconi/home/userexternal/dvanvugt/libraries/pastix/5.2.3/intelmpi--pe-xe-2016--binary--ptscotch/install/pastix-conf --incs` -I/cineca/prod/opt/libraries/hdf5/1.8.17/intelmpi--5.1--binary/include -Itiming   -c elements/basis_at_gaussian.f90 -o .obj/basis_at_gaussian.o
mpif90 -f90=ifort -mt_mpi -align -qopenmp -O0 -g -traceback -fstack-security-check -ftrapuv -r8 -i4 -DUSE_BLOCK -fpp -xHost -O2  -qopenmp  -warn all -warn nointerfaces -warn nounused -fpp -r8 -check all,noarg_temp_created -check bounds -check uninit -debug all -debug-parameters -fpe0 -gen-interfaces -warn-interfaces -module .mod  -implicitnone -DJOREK_MODEL=500 -DUSE_MPI -DUSE_FFTW -DUSE_PASTIX -DUSE_HDF5 -I.mod -I/cineca/prod/opt/libraries/fftw/3.3.4/intelmpi--5.1--binary/include `/marconi/home/userexternal/dvanvugt/libraries/pastix/5.2.3/intelmpi--pe-xe-2016--binary--ptscotch/install/pastix-conf --incs` -I/cineca/prod/opt/libraries/hdf5/1.8.17/intelmpi--5.1--binary/include -Itiming   -c solvers/root.f90 -o .obj/root.o
mpif90 -f90=ifort -mt_mpi -align -qopenmp -O0 -g -traceback -fstack-security-check -ftrapuv -r8 -i4 -DUSE_BLOCK -fpp -xHost -O2  -qopenmp  -warn all -warn nointerfaces -warn nounused -fpp -r8 -check all,noarg_temp_created -check bounds -check uninit -debug all -debug-parameters -fpe0 -gen-interfaces -warn-interfaces -module .mod  -implicitnone -DJOREK_MODEL=500 -DUSE_MPI -DUSE_FFTW -DUSE_PASTIX -DUSE_HDF5 -I.mod -I/cineca/prod/opt/libraries/fftw/3.3.4/intelmpi--5.1--binary/include `/marconi/home/userexternal/dvanvugt/libraries/pastix/5.2.3/intelmpi--pe-xe-2016--binary--ptscotch/install/pastix-conf --incs` -I/cineca/prod/opt/libraries/hdf5/1.8.17/intelmpi--5.1--binary/include -Itiming   -c elements/cub1D.f90 -o .obj/cub1D.o
mpif90 -f90=ifort -mt_mpi -align -qopenmp -O0 -g -traceback -fstack-security-check -ftrapuv -r8 -i4 -DUSE_BLOCK -fpp -xHost -O2  -qopenmp  -warn all -warn nointerfaces -warn nounused -fpp -r8 -check all,noarg_temp_created -check bounds -check uninit -debug all -debug-parameters -fpe0 -gen-interfaces -warn-interfaces -module .mod  -implicitnone -DJOREK_MODEL=500 -DUSE_MPI -DUSE_FFTW -DUSE_PASTIX -DUSE_HDF5 -I.mod -I/cineca/prod/opt/libraries/fftw/3.3.4/intelmpi--5.1--binary/include `/marconi/home/userexternal/dvanvugt/libraries/pastix/5.2.3/intelmpi--pe-xe-2016--binary--ptscotch/install/pastix-conf --incs` -I/cineca/prod/opt/libraries/hdf5/1.8.17/intelmpi--5.1--binary/include -Itiming   -c elements/basisfunctions2.f90 -o .obj/basisfunctions2.o
mpif90 -f90=ifort -mt_mpi -align -qopenmp -O0 -g -traceback -fstack-security-check -ftrapuv -r8 -i4 -DUSE_BLOCK -fpp -xHost -O2  -qopenmp  -warn all -warn nointerfaces -warn nounused -fpp -r8 -check all,noarg_temp_created -check bounds -check uninit -debug all -debug-parameters -fpe0 -gen-interfaces -warn-interfaces -module .mod  -implicitnone -DJOREK_MODEL=500 -DUSE_MPI -DUSE_FFTW -DUSE_PASTIX -DUSE_HDF5 -I.mod -I/cineca/prod/opt/libraries/fftw/3.3.4/intelmpi--5.1--binary/include `/marconi/home/userexternal/dvanvugt/libraries/pastix/5.2.3/intelmpi--pe-xe-2016--binary--ptscotch/install/pastix-conf --incs` -I/cineca/prod/opt/libraries/hdf5/1.8.17/intelmpi--5.1--binary/include -Itiming   -c elements/mod_basisfunctions.f90 -o .obj/mod_basisfunctions.o
mpif90 -f90=ifort -mt_mpi -align -qopenmp -O0 -g -traceback -fstack-security-check -ftrapuv -r8 -i4 -DUSE_BLOCK -fpp -xHost -O2  -qopenmp  -warn all -warn nointerfaces -warn nounused -fpp -r8 -check all,noarg_temp_created -check bounds -check uninit -debug all -debug-parameters -fpe0 -gen-interfaces -warn-interfaces -module .mod  -implicitnone -DJOREK_MODEL=500 -DUSE_MPI -DUSE_FFTW -DUSE_PASTIX -DUSE_HDF5 -I.mod -I/cineca/prod/opt/libraries/fftw/3.3.4/intelmpi--5.1--binary/include `/marconi/home/userexternal/dvanvugt/libraries/pastix/5.2.3/intelmpi--pe-xe-2016--binary--ptscotch/install/pastix-conf --incs` -I/cineca/prod/opt/libraries/hdf5/1.8.17/intelmpi--5.1--binary/include -Itiming   -c elements/basisfunctions1.f90 -o .obj/basisfunctions1.o
mpif90 -f90=ifort -mt_mpi -align -qopenmp -O0 -g -traceback -fstack-security-check -ftrapuv -r8 -i4 -DUSE_BLOCK -fpp -xHost -O2  -qopenmp  -warn all -warn nointerfaces -warn nounused -fpp -r8 -check all,noarg_temp_created -check bounds -check uninit -debug all -debug-parameters -fpe0 -gen-interfaces -warn-interfaces -module .mod  -implicitnone -DJOREK_MODEL=500 -DUSE_MPI -DUSE_FFTW -DUSE_PASTIX -DUSE_HDF5 -I.mod -I/cineca/prod/opt/libraries/fftw/3.3.4/intelmpi--5.1--binary/include `/marconi/home/userexternal/dvanvugt/libraries/pastix/5.2.3/intelmpi--pe-xe-2016--binary--ptscotch/install/pastix-conf --incs` -I/cineca/prod/opt/libraries/hdf5/1.8.17/intelmpi--5.1--binary/include -Itiming   -c solvers/SolveM2.f90 -o .obj/SolveM2.o
mpif90 -f90=ifort -mt_mpi -align -qopenmp -O0 -g -traceback -fstack-security-check -ftrapuv -r8 -i4 -DUSE_BLOCK -fpp -xHost -O2  -qopenmp  -warn all -warn nointerfaces -warn nounused -fpp -r8 -check all,noarg_temp_created -check bounds -check uninit -debug all -debug-parameters -fpe0 -gen-interfaces -warn-interfaces -module .mod  -implicitnone -DJOREK_MODEL=500 -DUSE_MPI -DUSE_FFTW -DUSE_PASTIX -DUSE_HDF5 -I.mod -I/cineca/prod/opt/libraries/fftw/3.3.4/intelmpi--5.1--binary/include `/marconi/home/userexternal/dvanvugt/libraries/pastix/5.2.3/intelmpi--pe-xe-2016--binary--ptscotch/install/pastix-conf --incs` -I/cineca/prod/opt/libraries/hdf5/1.8.17/intelmpi--5.1--binary/include -Itiming   -c solvers/solvP3.f90 -o .obj/solvP3.o
mpif90 -f90=ifort -mt_mpi -align -qopenmp -O0 -g -traceback -fstack-security-check -ftrapuv -r8 -i4 -DUSE_BLOCK -fpp -xHost -O2  -qopenmp  -warn all -warn nointerfaces -warn nounused -fpp -r8 -check all,noarg_temp_created -check bounds -check uninit -debug all -debug-parameters -fpe0 -gen-interfaces -warn-interfaces -module .mod  -implicitnone -DJOREK_MODEL=500 -DUSE_MPI -DUSE_FFTW -DUSE_PASTIX -DUSE_HDF5 -I.mod -I/cineca/prod/opt/libraries/fftw/3.3.4/intelmpi--5.1--binary/include `/marconi/home/userexternal/dvanvugt/libraries/pastix/5.2.3/intelmpi--pe-xe-2016--binary--ptscotch/install/pastix-conf --incs` -I/cineca/prod/opt/libraries/hdf5/1.8.17/intelmpi--5.1--binary/include -Itiming   -c grids/grid_utils/fgauss.f90 -o .obj/fgauss.o
mpif90 -f90=ifort -mt_mpi -align -qopenmp -O0 -g -traceback -fstack-security-check -ftrapuv -r8 -i4 -DUSE_BLOCK -fpp -xHost -O2  -qopenmp  -warn all -warn nointerfaces -warn nounused -fpp -r8 -check all,noarg_temp_created -check bounds -check uninit -debug all -debug-parameters -fpe0 -gen-interfaces -warn-interfaces -module .mod  -warn nodeclarations -DJOREK_MODEL=500 -DUSE_MPI -DUSE_FFTW -DUSE_PASTIX -DUSE_HDF5 -I.mod -I/cineca/prod/opt/libraries/fftw/3.3.4/intelmpi--5.1--binary/include `/marconi/home/userexternal/dvanvugt/libraries/pastix/5.2.3/intelmpi--pe-xe-2016--binary--ptscotch/install/pastix-conf --incs` -I/cineca/prod/opt/libraries/hdf5/1.8.17/intelmpi--5.1--binary/include -Itiming   -c grids/grid_utils/RFT2.f -o .obj/RFT2.o
mpif90 -f90=ifort -mt_mpi -align -qopenmp -O0 -g -traceback -fstack-security-check -ftrapuv -r8 -i4 -DUSE_BLOCK -fpp -xHost -O2  -qopenmp  -warn all -warn nointerfaces -warn nounused -fpp -r8 -check all,noarg_temp_created -check bounds -check uninit -debug all -debug-parameters -fpe0 -gen-interfaces -warn-interfaces -module .mod  -implicitnone -DJOREK_MODEL=500 -DUSE_MPI -DUSE_FFTW -DUSE_PASTIX -DUSE_HDF5 -I.mod -I/cineca/prod/opt/libraries/fftw/3.3.4/intelmpi--5.1--binary/include `/marconi/home/userexternal/dvanvugt/libraries/pastix/5.2.3/intelmpi--pe-xe-2016--binary--ptscotch/install/pastix-conf --incs` -I/cineca/prod/opt/libraries/hdf5/1.8.17/intelmpi--5.1--binary/include -Itiming   -c elements/basisfunctions.f90 -o .obj/basisfunctions.o
mpif90 -f90=ifort -mt_mpi -align -qopenmp -O0 -g -traceback -fstack-security-check -ftrapuv -r8 -i4 -DUSE_BLOCK -fpp -xHost -O2  -qopenmp  -warn all -warn nointerfaces -warn nounused -fpp -r8 -check all,noarg_temp_created -check bounds -check uninit -debug all -debug-parameters -fpe0 -gen-interfaces -warn-interfaces -module .mod  -implicitnone -DJOREK_MODEL=500 -DUSE_MPI -DUSE_FFTW -DUSE_PASTIX -DUSE_HDF5 -I.mod -I/cineca/prod/opt/libraries/fftw/3.3.4/intelmpi--5.1--binary/include `/marconi/home/userexternal/dvanvugt/libraries/pastix/5.2.3/intelmpi--pe-xe-2016--binary--ptscotch/install/pastix-conf --incs` -I/cineca/prod/opt/libraries/hdf5/1.8.17/intelmpi--5.1--binary/include -Itiming   -c timing/r3_info.f90 -o .obj/r3_info.o
mpif90 -f90=ifort -mt_mpi -align -qopenmp -O0 -g -traceback -fstack-security-check -ftrapuv -r8 -i4 -DUSE_BLOCK -fpp -xHost -O2  -qopenmp  -warn all -warn nointerfaces -warn nounused -fpp -r8 -check all,noarg_temp_created -check bounds -check uninit -debug all -debug-parameters -fpe0 -gen-interfaces -warn-interfaces -module .mod  -implicitnone -DJOREK_MODEL=500 -DUSE_MPI -DUSE_FFTW -DUSE_PASTIX -DUSE_HDF5 -I.mod -I/cineca/prod/opt/libraries/fftw/3.3.4/intelmpi--5.1--binary/include `/marconi/home/userexternal/dvanvugt/libraries/pastix/5.2.3/intelmpi--pe-xe-2016--binary--ptscotch/install/pastix-conf --incs` -I/cineca/prod/opt/libraries/hdf5/1.8.17/intelmpi--5.1--binary/include -Itiming   -c communication/split_broadcast.f90 -o .obj/split_broadcast.o
mpif90 -f90=ifort -mt_mpi -align -qopenmp -O0 -g -traceback -fstack-security-check -ftrapuv -r8 -i4 -DUSE_BLOCK -fpp -xHost -O2  -qopenmp  -warn all -warn nointerfaces -warn nounused -fpp -r8 -check all,noarg_temp_created -check bounds -check uninit -debug all -debug-parameters -fpe0 -gen-interfaces -warn-interfaces -module .mod  -warn nodeclarations -DJOREK_MODEL=500 -DUSE_MPI -DUSE_FFTW -DUSE_PASTIX -DUSE_HDF5 -I.mod -I/cineca/prod/opt/libraries/fftw/3.3.4/intelmpi--5.1--binary/include `/marconi/home/userexternal/dvanvugt/libraries/pastix/5.2.3/intelmpi--pe-xe-2016--binary--ptscotch/install/pastix-conf --incs` -I/cineca/prod/opt/libraries/hdf5/1.8.17/intelmpi--5.1--binary/include -Itiming   -c plots/ppplib.f -o .obj/ppplib.o
mpif90 -f90=ifort -mt_mpi -align -qopenmp -O0 -g -traceback -fstack-security-check -ftrapuv -r8 -i4 -DUSE_BLOCK -fpp -xHost -O2  -qopenmp  -warn all -warn nointerfaces -warn nounused -fpp -r8 -check all,noarg_temp_created -check bounds -check uninit -debug all -debug-parameters -fpe0 -gen-interfaces -warn-interfaces -module .mod  -implicitnone -DJOREK_MODEL=500 -DUSE_MPI -DUSE_FFTW -DUSE_PASTIX -DUSE_HDF5 -I.mod -I/cineca/prod/opt/libraries/fftw/3.3.4/intelmpi--5.1--binary/include `/marconi/home/userexternal/dvanvugt/libraries/pastix/5.2.3/intelmpi--pe-xe-2016--binary--ptscotch/install/pastix-conf --incs` -I/cineca/prod/opt/libraries/hdf5/1.8.17/intelmpi--5.1--binary/include -Itiming   -c elements/bezier_1d.f90 -o .obj/bezier_1d.o
mpif90 -f90=ifort -mt_mpi -align -qopenmp -O0 -g -traceback -fstack-security-check -ftrapuv -r8 -i4 -DUSE_BLOCK -fpp -xHost -O2  -qopenmp  -warn all -warn nointerfaces -warn nounused -fpp -r8 -check all,noarg_temp_created -check bounds -check uninit -debug all -debug-parameters -fpe0 -gen-interfaces -warn-interfaces -module .mod  -implicitnone -DJOREK_MODEL=500 -DUSE_MPI -DUSE_FFTW -DUSE_PASTIX -DUSE_HDF5 -I.mod -I/cineca/prod/opt/libraries/fftw/3.3.4/intelmpi--5.1--binary/include `/marconi/home/userexternal/dvanvugt/libraries/pastix/5.2.3/intelmpi--pe-xe-2016--binary--ptscotch/install/pastix-conf --incs` -I/cineca/prod/opt/libraries/hdf5/1.8.17/intelmpi--5.1--binary/include -Itiming   -c solvers/initialise_mumps.f90 -o .obj/initialise_mumps.o
mpif90 -f90=ifort -mt_mpi -align -qopenmp -O0 -g -traceback -fstack-security-check -ftrapuv -r8 -i4 -DUSE_BLOCK -fpp -xHost -O2  -qopenmp  -warn all -warn nointerfaces -warn nounused -fpp -r8 -check all,noarg_temp_created -check bounds -check uninit -debug all -debug-parameters -fpe0 -gen-interfaces -warn-interfaces -module .mod  -warn nodeclarations -DJOREK_MODEL=500 -DUSE_MPI -DUSE_FFTW -DUSE_PASTIX -DUSE_HDF5 -I.mod -I/cineca/prod/opt/libraries/fftw/3.3.4/intelmpi--5.1--binary/include `/marconi/home/userexternal/dvanvugt/libraries/pastix/5.2.3/intelmpi--pe-xe-2016--binary--ptscotch/install/pastix-conf --incs` -I/cineca/prod/opt/libraries/hdf5/1.8.17/intelmpi--5.1--binary/include -Itiming   -c solvers/dPackgmres.f -o .obj/dPackgmres.o
mpif90 -f90=ifort -mt_mpi -align -qopenmp -O0 -g -traceback -fstack-security-check -ftrapuv -r8 -i4 -DUSE_BLOCK -fpp -xHost -O2  -qopenmp  -warn all -warn nointerfaces -warn nounused -fpp -r8 -check all,noarg_temp_created -check bounds -check uninit -debug all -debug-parameters -fpe0 -gen-interfaces -warn-interfaces -module .mod  -implicitnone -DJOREK_MODEL=500 -DUSE_MPI -DUSE_FFTW -DUSE_PASTIX -DUSE_HDF5 -I.mod -I/cineca/prod/opt/libraries/fftw/3.3.4/intelmpi--5.1--binary/include `/marconi/home/userexternal/dvanvugt/libraries/pastix/5.2.3/intelmpi--pe-xe-2016--binary--ptscotch/install/pastix-conf --incs` -I/cineca/prod/opt/libraries/hdf5/1.8.17/intelmpi--5.1--binary/include -Itiming   -c grids/grid_utils/spline.f90 -o .obj/spline.o
mpif90 -f90=ifort -mt_mpi -align -qopenmp -O0 -g -traceback -fstack-security-check -ftrapuv -r8 -i4 -DUSE_BLOCK -fpp -xHost -O2  -qopenmp  -warn all -warn nointerfaces -warn nounused -fpp -r8 -check all,noarg_temp_created -check bounds -check uninit -debug all -debug-parameters -fpe0 -gen-interfaces -warn-interfaces -module .mod  -implicitnone -DJOREK_MODEL=500 -DUSE_MPI -DUSE_FFTW -DUSE_PASTIX -DUSE_HDF5 -I.mod -I/cineca/prod/opt/libraries/fftw/3.3.4/intelmpi--5.1--binary/include `/marconi/home/userexternal/dvanvugt/libraries/pastix/5.2.3/intelmpi--pe-xe-2016--binary--ptscotch/install/pastix-conf --incs` -I/cineca/prod/opt/libraries/hdf5/1.8.17/intelmpi--5.1--binary/include -Itiming   -c diagnostics/dlength.f90 -o .obj/dlength.o
mpif90 -f90=ifort -mt_mpi -align -qopenmp -O0 -g -traceback -fstack-security-check -ftrapuv -r8 -i4 -DUSE_BLOCK -fpp -xHost -O2  -qopenmp  -warn all -warn nointerfaces -warn nounused -fpp -r8 -check all,noarg_temp_created -check bounds -check uninit -debug all -debug-parameters -fpe0 -gen-interfaces -warn-interfaces -module .mod  -implicitnone -DJOREK_MODEL=500 -DUSE_MPI -DUSE_FFTW -DUSE_PASTIX -DUSE_HDF5 -I.mod -I/cineca/prod/opt/libraries/fftw/3.3.4/intelmpi--5.1--binary/include `/marconi/home/userexternal/dvanvugt/libraries/pastix/5.2.3/intelmpi--pe-xe-2016--binary--ptscotch/install/pastix-conf --incs` -I/cineca/prod/opt/libraries/hdf5/1.8.17/intelmpi--5.1--binary/include -Itiming   -c grids/grid_utils/tb15a.f90 -o .obj/tb15a.o
mpif90 -f90=ifort -mt_mpi -align -qopenmp -O0 -g -traceback -fstack-security-check -ftrapuv -r8 -i4 -DUSE_BLOCK -fpp -xHost -O2  -qopenmp  -warn all -warn nointerfaces -warn nounused -fpp -r8 -check all,noarg_temp_created -check bounds -check uninit -debug all -debug-parameters -fpe0 -gen-interfaces -warn-interfaces -module .mod  -implicitnone -DJOREK_MODEL=500 -DUSE_MPI -DUSE_FFTW -DUSE_PASTIX -DUSE_HDF5 -I.mod -I/cineca/prod/opt/libraries/fftw/3.3.4/intelmpi--5.1--binary/include `/marconi/home/userexternal/dvanvugt/libraries/pastix/5.2.3/intelmpi--pe-xe-2016--binary--ptscotch/install/pastix-conf --incs` -I/cineca/prod/opt/libraries/hdf5/1.8.17/intelmpi--5.1--binary/include -Itiming   -c grids/grid_utils/tg02a.f90 -o .obj/tg02a.o
mpif90 -f90=ifort -mt_mpi -align -qopenmp -O0 -g -traceback -fstack-security-check -ftrapuv -r8 -i4 -DUSE_BLOCK -fpp -xHost -O2  -qopenmp  -warn all -warn nointerfaces -warn nounused -fpp -r8 -check all,noarg_temp_created -check bounds -check uninit -debug all -debug-parameters -fpe0 -gen-interfaces -warn-interfaces -module .mod  -implicitnone -DJOREK_MODEL=500 -DUSE_MPI -DUSE_FFTW -DUSE_PASTIX -DUSE_HDF5 -I.mod -I/cineca/prod/opt/libraries/fftw/3.3.4/intelmpi--5.1--binary/include `/marconi/home/userexternal/dvanvugt/libraries/pastix/5.2.3/intelmpi--pe-xe-2016--binary--ptscotch/install/pastix-conf --incs` -I/cineca/prod/opt/libraries/hdf5/1.8.17/intelmpi--5.1--binary/include -Itiming   -c grids/grid_utils/find_wall_crossing.f90 -o .obj/find_wall_crossing.o
mpif90 -f90=ifort -mt_mpi -align -qopenmp -O0 -g -traceback -fstack-security-check -ftrapuv -r8 -i4 -DUSE_BLOCK -fpp -xHost -O2  -qopenmp  -warn all -warn nointerfaces -warn nounused -fpp -r8 -check all,noarg_temp_created -check bounds -check uninit -debug all -debug-parameters -fpe0 -gen-interfaces -warn-interfaces -module .mod  -implicitnone -DJOREK_MODEL=500 -DUSE_MPI -DUSE_FFTW -DUSE_PASTIX -DUSE_HDF5 -I.mod -I/cineca/prod/opt/libraries/fftw/3.3.4/intelmpi--5.1--binary/include `/marconi/home/userexternal/dvanvugt/libraries/pastix/5.2.3/intelmpi--pe-xe-2016--binary--ptscotch/install/pastix-conf --incs` -I/cineca/prod/opt/libraries/hdf5/1.8.17/intelmpi--5.1--binary/include -Itiming   -c datatypes/data_structure.f90 -o .obj/data_structure.o
mpif90 -f90=ifort -mt_mpi -align -qopenmp -O0 -g -traceback -fstack-security-check -ftrapuv -r8 -i4 -DUSE_BLOCK -fpp -xHost -O2  -qopenmp  -warn all -warn nointerfaces -warn nounused -fpp -r8 -check all,noarg_temp_created -check bounds -check uninit -debug all -debug-parameters -fpe0 -gen-interfaces -warn-interfaces -module .mod  -implicitnone -DJOREK_MODEL=500 -DUSE_MPI -DUSE_FFTW -DUSE_PASTIX -DUSE_HDF5 -I.mod -I/cineca/prod/opt/libraries/fftw/3.3.4/intelmpi--5.1--binary/include `/marconi/home/userexternal/dvanvugt/libraries/pastix/5.2.3/intelmpi--pe-xe-2016--binary--ptscotch/install/pastix-conf --incs` -I/cineca/prod/opt/libraries/hdf5/1.8.17/intelmpi--5.1--binary/include -Itiming   -c vacuum/vacuum.f90 -o .obj/vacuum.o
mpif90 -f90=ifort -mt_mpi -align -qopenmp -O0 -g -traceback -fstack-security-check -ftrapuv -r8 -i4 -DUSE_BLOCK -fpp -xHost -O2  -qopenmp  -warn all -warn nointerfaces -warn nounused -fpp -r8 -check all,noarg_temp_created -check bounds -check uninit -debug all -debug-parameters -fpe0 -gen-interfaces -warn-interfaces -module .mod  -implicitnone -DJOREK_MODEL=500 -DUSE_MPI -DUSE_FFTW -DUSE_PASTIX -DUSE_HDF5 -I.mod -I/cineca/prod/opt/libraries/fftw/3.3.4/intelmpi--5.1--binary/include `/marconi/home/userexternal/dvanvugt/libraries/pastix/5.2.3/intelmpi--pe-xe-2016--binary--ptscotch/install/pastix-conf --incs` -I/cineca/prod/opt/libraries/hdf5/1.8.17/intelmpi--5.1--binary/include -Itiming   -c datatypes/profiles.f90 -o .obj/profiles.o
mpif90 -f90=ifort -mt_mpi -align -qopenmp -O0 -g -traceback -fstack-security-check -ftrapuv -r8 -i4 -DUSE_BLOCK -fpp -xHost -O2  -qopenmp  -warn all -warn nointerfaces -warn nounused -fpp -r8 -check all,noarg_temp_created -check bounds -check uninit -debug all -debug-parameters -fpe0 -gen-interfaces -warn-interfaces -module .mod  -implicitnone -DJOREK_MODEL=500 -DUSE_MPI -DUSE_FFTW -DUSE_PASTIX -DUSE_HDF5 -I.mod -I/cineca/prod/opt/libraries/fftw/3.3.4/intelmpi--5.1--binary/include `/marconi/home/userexternal/dvanvugt/libraries/pastix/5.2.3/intelmpi--pe-xe-2016--binary--ptscotch/install/pastix-conf --incs` -I/cineca/prod/opt/libraries/hdf5/1.8.17/intelmpi--5.1--binary/include -Itiming   -c grids/grid_utils/meshac2.f90 -o .obj/meshac2.o
mpif90 -f90=ifort -mt_mpi -align -qopenmp -O0 -g -traceback -fstack-security-check -ftrapuv -r8 -i4 -DUSE_BLOCK -fpp -xHost -O2  -qopenmp  -warn all -warn nointerfaces -warn nounused -fpp -r8 -check all,noarg_temp_created -check bounds -check uninit -debug all -debug-parameters -fpe0 -gen-interfaces -warn-interfaces -module .mod  -implicitnone -DJOREK_MODEL=500 -DUSE_MPI -DUSE_FFTW -DUSE_PASTIX -DUSE_HDF5 -I.mod -I/cineca/prod/opt/libraries/fftw/3.3.4/intelmpi--5.1--binary/include `/marconi/home/userexternal/dvanvugt/libraries/pastix/5.2.3/intelmpi--pe-xe-2016--binary--ptscotch/install/pastix-conf --incs` -I/cineca/prod/opt/libraries/hdf5/1.8.17/intelmpi--5.1--binary/include -Itiming   -c matrix/global_distributed_matrix.f90 -o .obj/global_distributed_matrix.o
mpif90 -f90=ifort -mt_mpi -align -qopenmp -O0 -g -traceback -fstack-security-check -ftrapuv -r8 -i4 -DUSE_BLOCK -fpp -xHost -O2  -qopenmp  -warn all -warn nointerfaces -warn nounused -fpp -r8 -check all,noarg_temp_created -check bounds -check uninit -debug all -debug-parameters -fpe0 -gen-interfaces -warn-interfaces -module .mod  -implicitnone -DJOREK_MODEL=500 -DUSE_MPI -DUSE_FFTW -DUSE_PASTIX -DUSE_HDF5 -I.mod -I/cineca/prod/opt/libraries/fftw/3.3.4/intelmpi--5.1--binary/include `/marconi/home/userexternal/dvanvugt/libraries/pastix/5.2.3/intelmpi--pe-xe-2016--binary--ptscotch/install/pastix-conf --incs` -I/cineca/prod/opt/libraries/hdf5/1.8.17/intelmpi--5.1--binary/include -Itiming   -c models/nodes_elements.f90 -o .obj/nodes_elements.o
mpif90 -f90=ifort -mt_mpi -align -qopenmp -O0 -g -traceback -fstack-security-check -ftrapuv -r8 -i4 -DUSE_BLOCK -fpp -xHost -O2  -qopenmp  -warn all -warn nointerfaces -warn nounused -fpp -r8 -check all,noarg_temp_created -check bounds -check uninit -debug all -debug-parameters -fpe0 -gen-interfaces -warn-interfaces -module .mod  -implicitnone -DJOREK_MODEL=500 -DUSE_MPI -DUSE_FFTW -DUSE_PASTIX -DUSE_HDF5 -I.mod -I/cineca/prod/opt/libraries/fftw/3.3.4/intelmpi--5.1--binary/include `/marconi/home/userexternal/dvanvugt/libraries/pastix/5.2.3/intelmpi--pe-xe-2016--binary--ptscotch/install/pastix-conf --incs` -I/cineca/prod/opt/libraries/hdf5/1.8.17/intelmpi--5.1--binary/include -Itiming   -c models/phys_module.f90 -o .obj/phys_module.o
mpif90 -f90=ifort -mt_mpi -align -qopenmp -O0 -g -traceback -fstack-security-check -ftrapuv -r8 -i4 -DUSE_BLOCK -fpp -xHost -O2  -qopenmp  -warn all -warn nointerfaces -warn nounused -fpp -r8 -check all,noarg_temp_created -check bounds -check uninit -debug all -debug-parameters -fpe0 -gen-interfaces -warn-interfaces -module .mod  -implicitnone -DJOREK_MODEL=500 -DUSE_MPI -DUSE_FFTW -DUSE_PASTIX -DUSE_HDF5 -I.mod -I/cineca/prod/opt/libraries/fftw/3.3.4/intelmpi--5.1--binary/include `/marconi/home/userexternal/dvanvugt/libraries/pastix/5.2.3/intelmpi--pe-xe-2016--binary--ptscotch/install/pastix-conf --incs` -I/cineca/prod/opt/libraries/hdf5/1.8.17/intelmpi--5.1--binary/include -Itiming   -c models/equil_info.f90 -o .obj/equil_info.o
mpif90 -f90=ifort -mt_mpi -align -qopenmp -O0 -g -traceback -fstack-security-check -ftrapuv -r8 -i4 -DUSE_BLOCK -fpp -xHost -O2  -qopenmp  -warn all -warn nointerfaces -warn nounused -fpp -r8 -check all,noarg_temp_created -check bounds -check uninit -debug all -debug-parameters -fpe0 -gen-interfaces -warn-interfaces -module .mod  -implicitnone -DJOREK_MODEL=500 -DUSE_MPI -DUSE_FFTW -DUSE_PASTIX -DUSE_HDF5 -I.mod -I/cineca/prod/opt/libraries/fftw/3.3.4/intelmpi--5.1--binary/include `/marconi/home/userexternal/dvanvugt/libraries/pastix/5.2.3/intelmpi--pe-xe-2016--binary--ptscotch/install/pastix-conf --incs` -I/cineca/prod/opt/libraries/hdf5/1.8.17/intelmpi--5.1--binary/include -Itiming   -c grids/mod_boundary.f90 -o .obj/mod_boundary.o
mpif90 -f90=ifort -mt_mpi -align -qopenmp -O0 -g -traceback -fstack-security-check -ftrapuv -r8 -i4 -DUSE_BLOCK -fpp -xHost -O2  -qopenmp  -warn all -warn nointerfaces -warn nounused -fpp -r8 -check all,noarg_temp_created -check bounds -check uninit -debug all -debug-parameters -fpe0 -gen-interfaces -warn-interfaces -module .mod  -implicitnone -DJOREK_MODEL=500 -DUSE_MPI -DUSE_FFTW -DUSE_PASTIX -DUSE_HDF5 -I.mod -I/cineca/prod/opt/libraries/fftw/3.3.4/intelmpi--5.1--binary/include `/marconi/home/userexternal/dvanvugt/libraries/pastix/5.2.3/intelmpi--pe-xe-2016--binary--ptscotch/install/pastix-conf --incs` -I/cineca/prod/opt/libraries/hdf5/1.8.17/intelmpi--5.1--binary/include -Itiming   -c matrix/mod_ch_node_struct.f90 -o .obj/mod_ch_node_struct.o
mpif90 -f90=ifort -mt_mpi -align -qopenmp -O0 -g -traceback -fstack-security-check -ftrapuv -r8 -i4 -DUSE_BLOCK -fpp -xHost -O2  -qopenmp  -warn all -warn nointerfaces -warn nounused -fpp -r8 -check all,noarg_temp_created -check bounds -check uninit -debug all -debug-parameters -fpe0 -gen-interfaces -warn-interfaces -module .mod  -implicitnone -DJOREK_MODEL=500 -DUSE_MPI -DUSE_FFTW -DUSE_PASTIX -DUSE_HDF5 -I.mod -I/cineca/prod/opt/libraries/fftw/3.3.4/intelmpi--5.1--binary/include `/marconi/home/userexternal/dvanvugt/libraries/pastix/5.2.3/intelmpi--pe-xe-2016--binary--ptscotch/install/pastix-conf --incs` -I/cineca/prod/opt/libraries/hdf5/1.8.17/intelmpi--5.1--binary/include -Itiming   -c matrix/mod_ch_nod_rhs_elm.f90 -o .obj/mod_ch_nod_rhs_elm.o
mpif90 -f90=ifort -mt_mpi -align -qopenmp -O0 -g -traceback -fstack-security-check -ftrapuv -r8 -i4 -DUSE_BLOCK -fpp -xHost -O2  -qopenmp  -warn all -warn nointerfaces -warn nounused -fpp -r8 -check all,noarg_temp_created -check bounds -check uninit -debug all -debug-parameters -fpe0 -gen-interfaces -warn-interfaces -module .mod  -implicitnone -DJOREK_MODEL=500 -DUSE_MPI -DUSE_FFTW -DUSE_PASTIX -DUSE_HDF5 -I.mod -I/cineca/prod/opt/libraries/fftw/3.3.4/intelmpi--5.1--binary/include `/marconi/home/userexternal/dvanvugt/libraries/pastix/5.2.3/intelmpi--pe-xe-2016--binary--ptscotch/install/pastix-conf --incs` -I/cineca/prod/opt/libraries/hdf5/1.8.17/intelmpi--5.1--binary/include -Itiming   -c grids/grid_utils/find_RZ.f90 -o .obj/find_RZ.o
mpif90 -f90=ifort -mt_mpi -align -qopenmp -O0 -g -traceback -fstack-security-check -ftrapuv -r8 -i4 -DUSE_BLOCK -fpp -xHost -O2  -qopenmp  -warn all -warn nointerfaces -warn nounused -fpp -r8 -check all,noarg_temp_created -check bounds -check uninit -debug all -debug-parameters -fpe0 -gen-interfaces -warn-interfaces -module .mod  -implicitnone -DJOREK_MODEL=500 -DUSE_MPI -DUSE_FFTW -DUSE_PASTIX -DUSE_HDF5 -I.mod -I/cineca/prod/opt/libraries/fftw/3.3.4/intelmpi--5.1--binary/include `/marconi/home/userexternal/dvanvugt/libraries/pastix/5.2.3/intelmpi--pe-xe-2016--binary--ptscotch/install/pastix-conf --incs` -I/cineca/prod/opt/libraries/hdf5/1.8.17/intelmpi--5.1--binary/include -Itiming   -c diagnostics/RZ_minmax.f90 -o .obj/RZ_minmax.o
mpif90 -f90=ifort -mt_mpi -align -qopenmp -O0 -g -traceback -fstack-security-check -ftrapuv -r8 -i4 -DUSE_BLOCK -fpp -xHost -O2  -qopenmp  -warn all -warn nointerfaces -warn nounused -fpp -r8 -check all,noarg_temp_created -check bounds -check uninit -debug all -debug-parameters -fpe0 -gen-interfaces -warn-interfaces -module .mod  -implicitnone -DJOREK_MODEL=500 -DUSE_MPI -DUSE_FFTW -DUSE_PASTIX -DUSE_HDF5 -I.mod -I/cineca/prod/opt/libraries/fftw/3.3.4/intelmpi--5.1--binary/include `/marconi/home/userexternal/dvanvugt/libraries/pastix/5.2.3/intelmpi--pe-xe-2016--binary--ptscotch/install/pastix-conf --incs` -I/cineca/prod/opt/libraries/hdf5/1.8.17/intelmpi--5.1--binary/include -Itiming   -c elements/interp_RZ.f90 -o .obj/interp_RZ.o
mpif90 -f90=ifort -mt_mpi -align -qopenmp -O0 -g -traceback -fstack-security-check -ftrapuv -r8 -i4 -DUSE_BLOCK -fpp -xHost -O2  -qopenmp  -warn all -warn nointerfaces -warn nounused -fpp -r8 -check all,noarg_temp_created -check bounds -check uninit -debug all -debug-parameters -fpe0 -gen-interfaces -warn-interfaces -module .mod  -implicitnone -DJOREK_MODEL=500 -DUSE_MPI -DUSE_FFTW -DUSE_PASTIX -DUSE_HDF5 -I.mod -I/cineca/prod/opt/libraries/fftw/3.3.4/intelmpi--5.1--binary/include `/marconi/home/userexternal/dvanvugt/libraries/pastix/5.2.3/intelmpi--pe-xe-2016--binary--ptscotch/install/pastix-conf --incs` -I/cineca/prod/opt/libraries/hdf5/1.8.17/intelmpi--5.1--binary/include -Itiming   -c elements/interp.f90 -o .obj/interp.o
mpif90 -f90=ifort -mt_mpi -align -qopenmp -O0 -g -traceback -fstack-security-check -ftrapuv -r8 -i4 -DUSE_BLOCK -fpp -xHost -O2  -qopenmp  -warn all -warn nointerfaces -warn nounused -fpp -r8 -check all,noarg_temp_created -check bounds -check uninit -debug all -debug-parameters -fpe0 -gen-interfaces -warn-interfaces -module .mod  -implicitnone -DJOREK_MODEL=500 -DUSE_MPI -DUSE_FFTW -DUSE_PASTIX -DUSE_HDF5 -I.mod -I/cineca/prod/opt/libraries/fftw/3.3.4/intelmpi--5.1--binary/include `/marconi/home/userexternal/dvanvugt/libraries/pastix/5.2.3/intelmpi--pe-xe-2016--binary--ptscotch/install/pastix-conf --incs` -I/cineca/prod/opt/libraries/hdf5/1.8.17/intelmpi--5.1--binary/include -Itiming   -c diagnostics/find_xpoint.f90 -o .obj/find_xpoint.o
mpif90 -f90=ifort -mt_mpi -align -qopenmp -O0 -g -traceback -fstack-security-check -ftrapuv -r8 -i4 -DUSE_BLOCK -fpp -xHost -O2  -qopenmp  -warn all -warn nointerfaces -warn nounused -fpp -r8 -check all,noarg_temp_created -check bounds -check uninit -debug all -debug-parameters -fpe0 -gen-interfaces -warn-interfaces -module .mod  -implicitnone -DJOREK_MODEL=500 -DUSE_MPI -DUSE_FFTW -DUSE_PASTIX -DUSE_HDF5 -I.mod -I/cineca/prod/opt/libraries/fftw/3.3.4/intelmpi--5.1--binary/include `/marconi/home/userexternal/dvanvugt/libraries/pastix/5.2.3/intelmpi--pe-xe-2016--binary--ptscotch/install/pastix-conf --incs` -I/cineca/prod/opt/libraries/hdf5/1.8.17/intelmpi--5.1--binary/include -Itiming   -c solvers/mnewtax.f90 -o .obj/mnewtax.o
mpif90 -f90=ifort -mt_mpi -align -qopenmp -O0 -g -traceback -fstack-security-check -ftrapuv -r8 -i4 -DUSE_BLOCK -fpp -xHost -O2  -qopenmp  -warn all -warn nointerfaces -warn nounused -fpp -r8 -check all,noarg_temp_created -check bounds -check uninit -debug all -debug-parameters -fpe0 -gen-interfaces -warn-interfaces -module .mod  -implicitnone -DJOREK_MODEL=500 -DUSE_MPI -DUSE_FFTW -DUSE_PASTIX -DUSE_HDF5 -I.mod -I/cineca/prod/opt/libraries/fftw/3.3.4/intelmpi--5.1--binary/include `/marconi/home/userexternal/dvanvugt/libraries/pastix/5.2.3/intelmpi--pe-xe-2016--binary--ptscotch/install/pastix-conf --incs` -I/cineca/prod/opt/libraries/hdf5/1.8.17/intelmpi--5.1--binary/include -Itiming   -c diagnostics/find_axis.f90 -o .obj/find_axis.o
mpif90 -f90=ifort -mt_mpi -align -qopenmp -O0 -g -traceback -fstack-security-check -ftrapuv -r8 -i4 -DUSE_BLOCK -fpp -xHost -O2  -qopenmp  -warn all -warn nointerfaces -warn nounused -fpp -r8 -check all,noarg_temp_created -check bounds -check uninit -debug all -debug-parameters -fpe0 -gen-interfaces -warn-interfaces -module .mod  -implicitnone -DJOREK_MODEL=500 -DUSE_MPI -DUSE_FFTW -DUSE_PASTIX -DUSE_HDF5 -I.mod -I/cineca/prod/opt/libraries/fftw/3.3.4/intelmpi--5.1--binary/include `/marconi/home/userexternal/dvanvugt/libraries/pastix/5.2.3/intelmpi--pe-xe-2016--binary--ptscotch/install/pastix-conf --incs` -I/cineca/prod/opt/libraries/hdf5/1.8.17/intelmpi--5.1--binary/include -Itiming   -c models/density.f90 -o .obj/density.o
mpif90 -f90=ifort -mt_mpi -align -qopenmp -O0 -g -traceback -fstack-security-check -ftrapuv -r8 -i4 -DUSE_BLOCK -fpp -xHost -O2  -qopenmp  -warn all -warn nointerfaces -warn nounused -fpp -r8 -check all,noarg_temp_created -check bounds -check uninit -debug all -debug-parameters -fpe0 -gen-interfaces -warn-interfaces -module .mod  -implicitnone -DJOREK_MODEL=500 -DUSE_MPI -DUSE_FFTW -DUSE_PASTIX -DUSE_HDF5 -I.mod -I/cineca/prod/opt/libraries/fftw/3.3.4/intelmpi--5.1--binary/include `/marconi/home/userexternal/dvanvugt/libraries/pastix/5.2.3/intelmpi--pe-xe-2016--binary--ptscotch/install/pastix-conf --incs` -I/cineca/prod/opt/libraries/hdf5/1.8.17/intelmpi--5.1--binary/include -Itiming   -c models/current.f90 -o .obj/current.o
mpif90 -f90=ifort -mt_mpi -align -qopenmp -O0 -g -traceback -fstack-security-check -ftrapuv -r8 -i4 -DUSE_BLOCK -fpp -xHost -O2  -qopenmp  -warn all -warn nointerfaces -warn nounused -fpp -r8 -check all,noarg_temp_created -check bounds -check uninit -debug all -debug-parameters -fpe0 -gen-interfaces -warn-interfaces -module .mod  -implicitnone -DJOREK_MODEL=500 -DUSE_MPI -DUSE_FFTW -DUSE_PASTIX -DUSE_HDF5 -I.mod -I/cineca/prod/opt/libraries/fftw/3.3.4/intelmpi--5.1--binary/include `/marconi/home/userexternal/dvanvugt/libraries/pastix/5.2.3/intelmpi--pe-xe-2016--binary--ptscotch/install/pastix-conf --incs` -I/cineca/prod/opt/libraries/hdf5/1.8.17/intelmpi--5.1--binary/include -Itiming   -c models/temperature_e.f90 -o .obj/temperature_e.o
mpif90 -f90=ifort -mt_mpi -align -qopenmp -O0 -g -traceback -fstack-security-check -ftrapuv -r8 -i4 -DUSE_BLOCK -fpp -xHost -O2  -qopenmp  -warn all -warn nointerfaces -warn nounused -fpp -r8 -check all,noarg_temp_created -check bounds -check uninit -debug all -debug-parameters -fpe0 -gen-interfaces -warn-interfaces -module .mod  -implicitnone -DJOREK_MODEL=500 -DUSE_MPI -DUSE_FFTW -DUSE_PASTIX -DUSE_HDF5 -I.mod -I/cineca/prod/opt/libraries/fftw/3.3.4/intelmpi--5.1--binary/include `/marconi/home/userexternal/dvanvugt/libraries/pastix/5.2.3/intelmpi--pe-xe-2016--binary--ptscotch/install/pastix-conf --incs` -I/cineca/prod/opt/libraries/hdf5/1.8.17/intelmpi--5.1--binary/include -Itiming   -c models/ffprime.f90 -o .obj/ffprime.o
mpif90 -f90=ifort -mt_mpi -align -qopenmp -O0 -g -traceback -fstack-security-check -ftrapuv -r8 -i4 -DUSE_BLOCK -fpp -xHost -O2  -qopenmp  -warn all -warn nointerfaces -warn nounused -fpp -r8 -check all,noarg_temp_created -check bounds -check uninit -debug all -debug-parameters -fpe0 -gen-interfaces -warn-interfaces -module .mod  -implicitnone -DJOREK_MODEL=500 -DUSE_MPI -DUSE_FFTW -DUSE_PASTIX -DUSE_HDF5 -I.mod -I/cineca/prod/opt/libraries/fftw/3.3.4/intelmpi--5.1--binary/include `/marconi/home/userexternal/dvanvugt/libraries/pastix/5.2.3/intelmpi--pe-xe-2016--binary--ptscotch/install/pastix-conf --incs` -I/cineca/prod/opt/libraries/hdf5/1.8.17/intelmpi--5.1--binary/include -Itiming   -c models/temperature_i.f90 -o .obj/temperature_i.o
mpif90 -f90=ifort -mt_mpi -align -qopenmp -O0 -g -traceback -fstack-security-check -ftrapuv -r8 -i4 -DUSE_BLOCK -fpp -xHost -O2  -qopenmp  -warn all -warn nointerfaces -warn nounused -fpp -r8 -check all,noarg_temp_created -check bounds -check uninit -debug all -debug-parameters -fpe0 -gen-interfaces -warn-interfaces -module .mod  -implicitnone -DJOREK_MODEL=500 -DUSE_MPI -DUSE_FFTW -DUSE_PASTIX -DUSE_HDF5 -I.mod -I/cineca/prod/opt/libraries/fftw/3.3.4/intelmpi--5.1--binary/include `/marconi/home/userexternal/dvanvugt/libraries/pastix/5.2.3/intelmpi--pe-xe-2016--binary--ptscotch/install/pastix-conf --incs` -I/cineca/prod/opt/libraries/hdf5/1.8.17/intelmpi--5.1--binary/include -Itiming   -c models/temperature.f90 -o .obj/temperature.o
mpif90 -f90=ifort -mt_mpi -align -qopenmp -O0 -g -traceback -fstack-security-check -ftrapuv -r8 -i4 -DUSE_BLOCK -fpp -xHost -O2  -qopenmp  -warn all -warn nointerfaces -warn nounused -fpp -r8 -check all,noarg_temp_created -check bounds -check uninit -debug all -debug-parameters -fpe0 -gen-interfaces -warn-interfaces -module .mod  -implicitnone -DJOREK_MODEL=500 -DUSE_MPI -DUSE_FFTW -DUSE_PASTIX -DUSE_HDF5 -I.mod -I/cineca/prod/opt/libraries/fftw/3.3.4/intelmpi--5.1--binary/include `/marconi/home/userexternal/dvanvugt/libraries/pastix/5.2.3/intelmpi--pe-xe-2016--binary--ptscotch/install/pastix-conf --incs` -I/cineca/prod/opt/libraries/hdf5/1.8.17/intelmpi--5.1--binary/include -Itiming   -c models/model500/sources.f90 -o .obj/sources.o
mpif90 -f90=ifort -mt_mpi -align -qopenmp -O0 -g -traceback -fstack-security-check -ftrapuv -r8 -i4 -DUSE_BLOCK -fpp -xHost -O2  -qopenmp  -warn all -warn nointerfaces -warn nounused -fpp -r8 -check all,noarg_temp_created -check bounds -check uninit -debug all -debug-parameters -fpe0 -gen-interfaces -warn-interfaces -module .mod  -implicitnone -DJOREK_MODEL=500 -DUSE_MPI -DUSE_FFTW -DUSE_PASTIX -DUSE_HDF5 -I.mod -I/cineca/prod/opt/libraries/fftw/3.3.4/intelmpi--5.1--binary/include `/marconi/home/userexternal/dvanvugt/libraries/pastix/5.2.3/intelmpi--pe-xe-2016--binary--ptscotch/install/pastix-conf --incs` -I/cineca/prod/opt/libraries/hdf5/1.8.17/intelmpi--5.1--binary/include -Itiming   -c models/corr_neg.f90 -o .obj/corr_neg.o
mpif90 -f90=ifort -mt_mpi -align -qopenmp -O0 -g -traceback -fstack-security-check -ftrapuv -r8 -i4 -DUSE_BLOCK -fpp -xHost -O2  -qopenmp  -warn all -warn nointerfaces -warn nounused -fpp -r8 -check all,noarg_temp_created -check bounds -check uninit -debug all -debug-parameters -fpe0 -gen-interfaces -warn-interfaces -module .mod  -implicitnone -DJOREK_MODEL=500 -DUSE_MPI -DUSE_FFTW -DUSE_PASTIX -DUSE_HDF5 -I.mod -I/cineca/prod/opt/libraries/fftw/3.3.4/intelmpi--5.1--binary/include `/marconi/home/userexternal/dvanvugt/libraries/pastix/5.2.3/intelmpi--pe-xe-2016--binary--ptscotch/install/pastix-conf --incs` -I/cineca/prod/opt/libraries/hdf5/1.8.17/intelmpi--5.1--binary/include -Itiming   -c elements/interp_PRZ.f90 -o .obj/interp_PRZ.o
mpif90 -f90=ifort -mt_mpi -align -qopenmp -O0 -g -traceback -fstack-security-check -ftrapuv -r8 -i4 -DUSE_BLOCK -fpp -xHost -O2  -qopenmp  -warn all -warn nointerfaces -warn nounused -fpp -r8 -check all,noarg_temp_created -check bounds -check uninit -debug all -debug-parameters -fpe0 -gen-interfaces -warn-interfaces -module .mod  -implicitnone -DJOREK_MODEL=500 -DUSE_MPI -DUSE_FFTW -DUSE_PASTIX -DUSE_HDF5 -I.mod -I/cineca/prod/opt/libraries/fftw/3.3.4/intelmpi--5.1--binary/include `/marconi/home/userexternal/dvanvugt/libraries/pastix/5.2.3/intelmpi--pe-xe-2016--binary--ptscotch/install/pastix-conf --incs` -I/cineca/prod/opt/libraries/hdf5/1.8.17/intelmpi--5.1--binary/include -Itiming   -c diagnostics/find_strike.f90 -o .obj/find_strike.o
mpif90 -f90=ifort -mt_mpi -align -qopenmp -O0 -g -traceback -fstack-security-check -ftrapuv -r8 -i4 -DUSE_BLOCK -fpp -xHost -O2  -qopenmp  -warn all -warn nointerfaces -warn nounused -fpp -r8 -check all,noarg_temp_created -check bounds -check uninit -debug all -debug-parameters -fpe0 -gen-interfaces -warn-interfaces -module .mod  -implicitnone -DJOREK_MODEL=500 -DUSE_MPI -DUSE_FFTW -DUSE_PASTIX -DUSE_HDF5 -I.mod -I/cineca/prod/opt/libraries/fftw/3.3.4/intelmpi--5.1--binary/include `/marconi/home/userexternal/dvanvugt/libraries/pastix/5.2.3/intelmpi--pe-xe-2016--binary--ptscotch/install/pastix-conf --incs` -I/cineca/prod/opt/libraries/hdf5/1.8.17/intelmpi--5.1--binary/include -Itiming   -c diagnostics/find_limiter.f90 -o .obj/find_limiter.o
mpif90 -f90=ifort -mt_mpi -align -qopenmp -O0 -g -traceback -fstack-security-check -ftrapuv -r8 -i4 -DUSE_BLOCK -fpp -xHost -O2  -qopenmp  -warn all -warn nointerfaces -warn nounused -fpp -r8 -check all,noarg_temp_created -check bounds -check uninit -debug all -debug-parameters -fpe0 -gen-interfaces -warn-interfaces -module .mod  -implicitnone -DJOREK_MODEL=500 -DUSE_MPI -DUSE_FFTW -DUSE_PASTIX -DUSE_HDF5 -I.mod -I/cineca/prod/opt/libraries/fftw/3.3.4/intelmpi--5.1--binary/include `/marconi/home/userexternal/dvanvugt/libraries/pastix/5.2.3/intelmpi--pe-xe-2016--binary--ptscotch/install/pastix-conf --incs` -I/cineca/prod/opt/libraries/hdf5/1.8.17/intelmpi--5.1--binary/include -Itiming   -c vacuum/vacuum_response.f90 -o .obj/vacuum_response.o
mpif90 -f90=ifort -mt_mpi -align -qopenmp -O0 -g -traceback -fstack-security-check -ftrapuv -r8 -i4 -DUSE_BLOCK -fpp -xHost -O2  -qopenmp  -warn all -warn nointerfaces -warn nounused -fpp -r8 -check all,noarg_temp_created -check bounds -check uninit -debug all -debug-parameters -fpe0 -gen-interfaces -warn-interfaces -module .mod  -implicitnone -DJOREK_MODEL=500 -DUSE_MPI -DUSE_FFTW -DUSE_PASTIX -DUSE_HDF5 -I.mod -I/cineca/prod/opt/libraries/fftw/3.3.4/intelmpi--5.1--binary/include `/marconi/home/userexternal/dvanvugt/libraries/pastix/5.2.3/intelmpi--pe-xe-2016--binary--ptscotch/install/pastix-conf --incs` -I/cineca/prod/opt/libraries/hdf5/1.8.17/intelmpi--5.1--binary/include -Itiming   -c communication/export_boundary.f90 -o .obj/export_boundary.o
mpif90 -f90=ifort -mt_mpi -align -qopenmp -O0 -g -traceback -fstack-security-check -ftrapuv -r8 -i4 -DUSE_BLOCK -fpp -xHost -O2  -qopenmp  -warn all -warn nointerfaces -warn nounused -fpp -r8 -check all,noarg_temp_created -check bounds -check uninit -debug all -debug-parameters -fpe0 -gen-interfaces -warn-interfaces -module .mod  -implicitnone -DJOREK_MODEL=500 -DUSE_MPI -DUSE_FFTW -DUSE_PASTIX -DUSE_HDF5 -I.mod -I/cineca/prod/opt/libraries/fftw/3.3.4/intelmpi--5.1--binary/include `/marconi/home/userexternal/dvanvugt/libraries/pastix/5.2.3/intelmpi--pe-xe-2016--binary--ptscotch/install/pastix-conf --incs` -I/cineca/prod/opt/libraries/hdf5/1.8.17/intelmpi--5.1--binary/include -Itiming   -c communication/live_data.f90 -o .obj/live_data.o
mpif90 -f90=ifort -mt_mpi -align -qopenmp -O0 -g -traceback -fstack-security-check -ftrapuv -r8 -i4 -DUSE_BLOCK -fpp -xHost -O2  -qopenmp  -warn all -warn nointerfaces -warn nounused -fpp -r8 -check all,noarg_temp_created -check bounds -check uninit -debug all -debug-parameters -fpe0 -gen-interfaces -warn-interfaces -module .mod  -implicitnone -DJOREK_MODEL=500 -DUSE_MPI -DUSE_FFTW -DUSE_PASTIX -DUSE_HDF5 -I.mod -I/cineca/prod/opt/libraries/fftw/3.3.4/intelmpi--5.1--binary/include `/marconi/home/userexternal/dvanvugt/libraries/pastix/5.2.3/intelmpi--pe-xe-2016--binary--ptscotch/install/pastix-conf --incs` -I/cineca/prod/opt/libraries/hdf5/1.8.17/intelmpi--5.1--binary/include -Itiming   -c models/diffusivities.f90 -o .obj/diffusivities.o
mpif90 -f90=ifort -mt_mpi -align -qopenmp -O0 -g -traceback -fstack-security-check -ftrapuv -r8 -i4 -DUSE_BLOCK -fpp -xHost -O2  -qopenmp  -warn all -warn nointerfaces -warn nounused -fpp -r8 -check all,noarg_temp_created -check bounds -check uninit -debug all -debug-parameters -fpe0 -gen-interfaces -warn-interfaces -module .mod  -implicitnone -DJOREK_MODEL=500 -DUSE_MPI -DUSE_FFTW -DUSE_PASTIX -DUSE_HDF5 -I.mod -I/cineca/prod/opt/libraries/fftw/3.3.4/intelmpi--5.1--binary/include `/marconi/home/userexternal/dvanvugt/libraries/pastix/5.2.3/intelmpi--pe-xe-2016--binary--ptscotch/install/pastix-conf --incs` -I/cineca/prod/opt/libraries/hdf5/1.8.17/intelmpi--5.1--binary/include -Itiming   -c diagnostics/determine_q_profile.f90 -o .obj/determine_q_profile.o
mpif90 -f90=ifort -mt_mpi -align -qopenmp -O0 -g -traceback -fstack-security-check -ftrapuv -r8 -i4 -DUSE_BLOCK -fpp -xHost -O2  -qopenmp  -warn all -warn nointerfaces -warn nounused -fpp -r8 -check all,noarg_temp_created -check bounds -check uninit -debug all -debug-parameters -fpe0 -gen-interfaces -warn-interfaces -module .mod  -implicitnone -DJOREK_MODEL=500 -DUSE_MPI -DUSE_FFTW -DUSE_PASTIX -DUSE_HDF5 -I.mod -I/cineca/prod/opt/libraries/fftw/3.3.4/intelmpi--5.1--binary/include `/marconi/home/userexternal/dvanvugt/libraries/pastix/5.2.3/intelmpi--pe-xe-2016--binary--ptscotch/install/pastix-conf --incs` -I/cineca/prod/opt/libraries/hdf5/1.8.17/intelmpi--5.1--binary/include -Itiming   -c diagnostics/find_flux_surfaces.f90 -o .obj/find_flux_surfaces.o
mpif90 -f90=ifort -mt_mpi -align -qopenmp -O0 -g -traceback -fstack-security-check -ftrapuv -r8 -i4 -DUSE_BLOCK -fpp -xHost -O2  -qopenmp  -warn all -warn nointerfaces -warn nounused -fpp -r8 -check all,noarg_temp_created -check bounds -check uninit -debug all -debug-parameters -fpe0 -gen-interfaces -warn-interfaces -module .mod  -implicitnone -DJOREK_MODEL=500 -DUSE_MPI -DUSE_FFTW -DUSE_PASTIX -DUSE_HDF5 -I.mod -I/cineca/prod/opt/libraries/fftw/3.3.4/intelmpi--5.1--binary/include `/marconi/home/userexternal/dvanvugt/libraries/pastix/5.2.3/intelmpi--pe-xe-2016--binary--ptscotch/install/pastix-conf --incs` -I/cineca/prod/opt/libraries/hdf5/1.8.17/intelmpi--5.1--binary/include -Itiming   -c diagnostics/flux_surface_add_line.f90 -o .obj/flux_surface_add_line.o
mpif90 -f90=ifort -mt_mpi -align -qopenmp -O0 -g -traceback -fstack-security-check -ftrapuv -r8 -i4 -DUSE_BLOCK -fpp -xHost -O2  -qopenmp  -warn all -warn nointerfaces -warn nounused -fpp -r8 -check all,noarg_temp_created -check bounds -check uninit -debug all -debug-parameters -fpe0 -gen-interfaces -warn-interfaces -module .mod  -implicitnone -DJOREK_MODEL=500 -DUSE_MPI -DUSE_FFTW -DUSE_PASTIX -DUSE_HDF5 -I.mod -I/cineca/prod/opt/libraries/fftw/3.3.4/intelmpi--5.1--binary/include `/marconi/home/userexternal/dvanvugt/libraries/pastix/5.2.3/intelmpi--pe-xe-2016--binary--ptscotch/install/pastix-conf --incs` -I/cineca/prod/opt/libraries/hdf5/1.8.17/intelmpi--5.1--binary/include -Itiming   -c diagnostics/psi_minmax.f90 -o .obj/psi_minmax.o
mpif90 -f90=ifort -mt_mpi -align -qopenmp -O0 -g -traceback -fstack-security-check -ftrapuv -r8 -i4 -DUSE_BLOCK -fpp -xHost -O2  -qopenmp  -warn all -warn nointerfaces -warn nounused -fpp -r8 -check all,noarg_temp_created -check bounds -check uninit -debug all -debug-parameters -fpe0 -gen-interfaces -warn-interfaces -module .mod  -implicitnone -DJOREK_MODEL=500 -DUSE_MPI -DUSE_FFTW -DUSE_PASTIX -DUSE_HDF5 -I.mod -I/cineca/prod/opt/libraries/fftw/3.3.4/intelmpi--5.1--binary/include `/marconi/home/userexternal/dvanvugt/libraries/pastix/5.2.3/intelmpi--pe-xe-2016--binary--ptscotch/install/pastix-conf --incs` -I/cineca/prod/opt/libraries/hdf5/1.8.17/intelmpi--5.1--binary/include -Itiming   -c diagnostics/flux_surface_add_point.f90 -o .obj/flux_surface_add_point.o
mpif90 -f90=ifort -mt_mpi -align -qopenmp -O0 -g -traceback -fstack-security-check -ftrapuv -r8 -i4 -DUSE_BLOCK -fpp -xHost -O2  -qopenmp  -warn all -warn nointerfaces -warn nounused -fpp -r8 -check all,noarg_temp_created -check bounds -check uninit -debug all -debug-parameters -fpe0 -gen-interfaces -warn-interfaces -module .mod  -implicitnone -DJOREK_MODEL=500 -DUSE_MPI -DUSE_FFTW -DUSE_PASTIX -DUSE_HDF5 -I.mod -I/cineca/prod/opt/libraries/fftw/3.3.4/intelmpi--5.1--binary/include `/marconi/home/userexternal/dvanvugt/libraries/pastix/5.2.3/intelmpi--pe-xe-2016--binary--ptscotch/install/pastix-conf --incs` -I/cineca/prod/opt/libraries/hdf5/1.8.17/intelmpi--5.1--binary/include -Itiming   -c grids/grid_utils/find_theta_surface.f90 -o .obj/find_theta_surface.o
mpif90 -f90=ifort -mt_mpi -align -qopenmp -O0 -g -traceback -fstack-security-check -ftrapuv -r8 -i4 -DUSE_BLOCK -fpp -xHost -O2  -qopenmp  -warn all -warn nointerfaces -warn nounused -fpp -r8 -check all,noarg_temp_created -check bounds -check uninit -debug all -debug-parameters -fpe0 -gen-interfaces -warn-interfaces -module .mod  -implicitnone -DJOREK_MODEL=500 -DUSE_MPI -DUSE_FFTW -DUSE_PASTIX -DUSE_HDF5 -I.mod -I/cineca/prod/opt/libraries/fftw/3.3.4/intelmpi--5.1--binary/include `/marconi/home/userexternal/dvanvugt/libraries/pastix/5.2.3/intelmpi--pe-xe-2016--binary--ptscotch/install/pastix-conf --incs` -I/cineca/prod/opt/libraries/hdf5/1.8.17/intelmpi--5.1--binary/include -Itiming   -c grids/grid_utils/py_plots_grids.f90 -o .obj/py_plots_grids.o
mpif90 -f90=ifort -mt_mpi -align -qopenmp -O0 -g -traceback -fstack-security-check -ftrapuv -r8 -i4 -DUSE_BLOCK -fpp -xHost -O2  -qopenmp  -warn all -warn nointerfaces -warn nounused -fpp -r8 -check all,noarg_temp_created -check bounds -check uninit -debug all -debug-parameters -fpe0 -gen-interfaces -warn-interfaces -module .mod  -implicitnone -DJOREK_MODEL=500 -DUSE_MPI -DUSE_FFTW -DUSE_PASTIX -DUSE_HDF5 -I.mod -I/cineca/prod/opt/libraries/fftw/3.3.4/intelmpi--5.1--binary/include `/marconi/home/userexternal/dvanvugt/libraries/pastix/5.2.3/intelmpi--pe-xe-2016--binary--ptscotch/install/pastix-conf --incs` -I/cineca/prod/opt/libraries/hdf5/1.8.17/intelmpi--5.1--binary/include -Itiming   -c grids/grid_utils/high_resolution_wall.f90 -o .obj/high_resolution_wall.o
mpif90 -f90=ifort -mt_mpi -align -qopenmp -O0 -g -traceback -fstack-security-check -ftrapuv -r8 -i4 -DUSE_BLOCK -fpp -xHost -O2  -qopenmp  -warn all -warn nointerfaces -warn nounused -fpp -r8 -check all,noarg_temp_created -check bounds -check uninit -debug all -debug-parameters -fpe0 -gen-interfaces -warn-interfaces -module .mod  -implicitnone -DJOREK_MODEL=500 -DUSE_MPI -DUSE_FFTW -DUSE_PASTIX -DUSE_HDF5 -I.mod -I/cineca/prod/opt/libraries/fftw/3.3.4/intelmpi--5.1--binary/include `/marconi/home/userexternal/dvanvugt/libraries/pastix/5.2.3/intelmpi--pe-xe-2016--binary--ptscotch/install/pastix-conf --incs` -I/cineca/prod/opt/libraries/hdf5/1.8.17/intelmpi--5.1--binary/include -Itiming   -c grids/grid_utils/check_point_is_inside_wall.f90 -o .obj/check_point_is_inside_wall.o
mpif90 -f90=ifort -mt_mpi -align -qopenmp -O0 -g -traceback -fstack-security-check -ftrapuv -r8 -i4 -DUSE_BLOCK -fpp -xHost -O2  -qopenmp  -warn all -warn nointerfaces -warn nounused -fpp -r8 -check all,noarg_temp_created -check bounds -check uninit -debug all -debug-parameters -fpe0 -gen-interfaces -warn-interfaces -module .mod  -implicitnone -DJOREK_MODEL=500 -DUSE_MPI -DUSE_FFTW -DUSE_PASTIX -DUSE_HDF5 -I.mod -I/cineca/prod/opt/libraries/fftw/3.3.4/intelmpi--5.1--binary/include `/marconi/home/userexternal/dvanvugt/libraries/pastix/5.2.3/intelmpi--pe-xe-2016--binary--ptscotch/install/pastix-conf --incs` -I/cineca/prod/opt/libraries/hdf5/1.8.17/intelmpi--5.1--binary/include -Itiming   -c grids/grid_utils/find_crossing_on_surface_piece.f90 -o .obj/find_crossing_on_surface_piece.o
mpif90 -f90=ifort -mt_mpi -align -qopenmp -O0 -g -traceback -fstack-security-check -ftrapuv -r8 -i4 -DUSE_BLOCK -fpp -xHost -O2  -qopenmp  -warn all -warn nointerfaces -warn nounused -fpp -r8 -check all,noarg_temp_created -check bounds -check uninit -debug all -debug-parameters -fpe0 -gen-interfaces -warn-interfaces -module .mod  -implicitnone -DJOREK_MODEL=500 -DUSE_MPI -DUSE_FFTW -DUSE_PASTIX -DUSE_HDF5 -I.mod -I/cineca/prod/opt/libraries/fftw/3.3.4/intelmpi--5.1--binary/include `/marconi/home/userexternal/dvanvugt/libraries/pastix/5.2.3/intelmpi--pe-xe-2016--binary--ptscotch/install/pastix-conf --incs` -I/cineca/prod/opt/libraries/hdf5/1.8.17/intelmpi--5.1--binary/include -Itiming   -c models/model500/mod_boundary_matrix_open.f90 -o .obj/mod_boundary_matrix_open.o
mpif90 -f90=ifort -mt_mpi -align -qopenmp -O0 -g -traceback -fstack-security-check -ftrapuv -r8 -i4 -DUSE_BLOCK -fpp -xHost -O2  -qopenmp  -warn all -warn nointerfaces -warn nounused -fpp -r8 -check all,noarg_temp_created -check bounds -check uninit -debug all -debug-parameters -fpe0 -gen-interfaces -warn-interfaces -module .mod  -implicitnone -DJOREK_MODEL=500 -DUSE_MPI -DUSE_FFTW -DUSE_PASTIX -DUSE_HDF5 -I.mod -I/cineca/prod/opt/libraries/fftw/3.3.4/intelmpi--5.1--binary/include `/marconi/home/userexternal/dvanvugt/libraries/pastix/5.2.3/intelmpi--pe-xe-2016--binary--ptscotch/install/pastix-conf --incs` -I/cineca/prod/opt/libraries/hdf5/1.8.17/intelmpi--5.1--binary/include -Itiming   -c matrix/mod_locate_irn_jcn.f90 -o .obj/mod_locate_irn_jcn.o
mpif90 -f90=ifort -mt_mpi -align -qopenmp -O0 -g -traceback -fstack-security-check -ftrapuv -r8 -i4 -DUSE_BLOCK -fpp -xHost -O2  -qopenmp  -warn all -warn nointerfaces -warn nounused -fpp -r8 -check all,noarg_temp_created -check bounds -check uninit -debug all -debug-parameters -fpe0 -gen-interfaces -warn-interfaces -module .mod  -implicitnone -DJOREK_MODEL=500 -DUSE_MPI -DUSE_FFTW -DUSE_PASTIX -DUSE_HDF5 -I.mod -I/cineca/prod/opt/libraries/fftw/3.3.4/intelmpi--5.1--binary/include `/marconi/home/userexternal/dvanvugt/libraries/pastix/5.2.3/intelmpi--pe-xe-2016--binary--ptscotch/install/pastix-conf --incs` -I/cineca/prod/opt/libraries/hdf5/1.8.17/intelmpi--5.1--binary/include -Itiming   -c matrix/mod_global_matrix_structure.f90 -o .obj/mod_global_matrix_structure.o
mpif90 -f90=ifort -mt_mpi -align -qopenmp -O0 -g -traceback -fstack-security-check -ftrapuv -r8 -i4 -DUSE_BLOCK -fpp -xHost -O2  -qopenmp  -warn all -warn nointerfaces -warn nounused -fpp -r8 -check all,noarg_temp_created -check bounds -check uninit -debug all -debug-parameters -fpe0 -gen-interfaces -warn-interfaces -module .mod  -implicitnone -DJOREK_MODEL=500 -DUSE_MPI -DUSE_FFTW -DUSE_PASTIX -DUSE_HDF5 -I.mod -I/cineca/prod/opt/libraries/fftw/3.3.4/intelmpi--5.1--binary/include `/marconi/home/userexternal/dvanvugt/libraries/pastix/5.2.3/intelmpi--pe-xe-2016--binary--ptscotch/install/pastix-conf --incs` -I/cineca/prod/opt/libraries/hdf5/1.8.17/intelmpi--5.1--binary/include -Itiming   -c models/model500/boundary_matrix.f90 -o .obj/boundary_matrix.o
mpif90 -f90=ifort -mt_mpi -align -qopenmp -O0 -g -traceback -fstack-security-check -ftrapuv -r8 -i4 -DUSE_BLOCK -fpp -xHost -O2  -qopenmp  -warn all -warn nointerfaces -warn nounused -fpp -r8 -check all,noarg_temp_created -check bounds -check uninit -debug all -debug-parameters -fpe0 -gen-interfaces -warn-interfaces -module .mod  -implicitnone -DJOREK_MODEL=500 -DUSE_MPI -DUSE_FFTW -DUSE_PASTIX -DUSE_HDF5 -I.mod -I/cineca/prod/opt/libraries/fftw/3.3.4/intelmpi--5.1--binary/include `/marconi/home/userexternal/dvanvugt/libraries/pastix/5.2.3/intelmpi--pe-xe-2016--binary--ptscotch/install/pastix-conf --incs` -I/cineca/prod/opt/libraries/hdf5/1.8.17/intelmpi--5.1--binary/include -Itiming   -c diagnostics/out_save_module.f90 -o .obj/out_save_module.o
mpif90 -f90=ifort -mt_mpi -align -qopenmp -O0 -g -traceback -fstack-security-check -ftrapuv -r8 -i4 -DUSE_BLOCK -fpp -xHost -O2  -qopenmp  -warn all -warn nointerfaces -warn nounused -fpp -r8 -check all,noarg_temp_created -check bounds -check uninit -debug all -debug-parameters -fpe0 -gen-interfaces -warn-interfaces -module .mod  -implicitnone -DJOREK_MODEL=500 -DUSE_MPI -DUSE_FFTW -DUSE_PASTIX -DUSE_HDF5 -I.mod -I/cineca/prod/opt/libraries/fftw/3.3.4/intelmpi--5.1--binary/include `/marconi/home/userexternal/dvanvugt/libraries/pastix/5.2.3/intelmpi--pe-xe-2016--binary--ptscotch/install/pastix-conf --incs` -I/cineca/prod/opt/libraries/hdf5/1.8.17/intelmpi--5.1--binary/include -Itiming   -c diagnostics/energy.f90 -o .obj/energy.o
mpif90 -f90=ifort -mt_mpi -align -qopenmp -O0 -g -traceback -fstack-security-check -ftrapuv -r8 -i4 -DUSE_BLOCK -fpp -xHost -O2  -qopenmp  -warn all -warn nointerfaces -warn nounused -fpp -r8 -check all,noarg_temp_created -check bounds -check uninit -debug all -debug-parameters -fpe0 -gen-interfaces -warn-interfaces -module .mod  -implicitnone -DJOREK_MODEL=500 -DUSE_MPI -DUSE_FFTW -DUSE_PASTIX -DUSE_HDF5 -I.mod -I/cineca/prod/opt/libraries/fftw/3.3.4/intelmpi--5.1--binary/include `/marconi/home/userexternal/dvanvugt/libraries/pastix/5.2.3/intelmpi--pe-xe-2016--binary--ptscotch/install/pastix-conf --incs` -I/cineca/prod/opt/libraries/hdf5/1.8.17/intelmpi--5.1--binary/include -Itiming   -c models/det_modes.f90 -o .obj/det_modes.o
mpif90 -f90=ifort -mt_mpi -align -qopenmp -O0 -g -traceback -fstack-security-check -ftrapuv -r8 -i4 -DUSE_BLOCK -fpp -xHost -O2  -qopenmp  -warn all -warn nointerfaces -warn nounused -fpp -r8 -check all,noarg_temp_created -check bounds -check uninit -debug all -debug-parameters -fpe0 -gen-interfaces -warn-interfaces -module .mod  -implicitnone -DJOREK_MODEL=500 -DUSE_MPI -DUSE_FFTW -DUSE_PASTIX -DUSE_HDF5 -I.mod -I/cineca/prod/opt/libraries/fftw/3.3.4/intelmpi--5.1--binary/include `/marconi/home/userexternal/dvanvugt/libraries/pastix/5.2.3/intelmpi--pe-xe-2016--binary--ptscotch/install/pastix-conf --incs` -I/cineca/prod/opt/libraries/hdf5/1.8.17/intelmpi--5.1--binary/include -Itiming   -c models/initialise_and_broadcast_parameters.f90 -o .obj/initialise_and_broadcast_parameters.o
mpif90 -f90=ifort -mt_mpi -align -qopenmp -O0 -g -traceback -fstack-security-check -ftrapuv -r8 -i4 -DUSE_BLOCK -fpp -xHost -O2  -qopenmp  -warn all -warn nointerfaces -warn nounused -fpp -r8 -check all,noarg_temp_created -check bounds -check uninit -debug all -debug-parameters -fpe0 -gen-interfaces -warn-interfaces -module .mod  -implicitnone -DJOREK_MODEL=500 -DUSE_MPI -DUSE_FFTW -DUSE_PASTIX -DUSE_HDF5 -I.mod -I/cineca/prod/opt/libraries/fftw/3.3.4/intelmpi--5.1--binary/include `/marconi/home/userexternal/dvanvugt/libraries/pastix/5.2.3/intelmpi--pe-xe-2016--binary--ptscotch/install/pastix-conf --incs` -I/cineca/prod/opt/libraries/hdf5/1.8.17/intelmpi--5.1--binary/include -Itiming   -c models/update_time_evol_params.f90 -o .obj/update_time_evol_params.o
mpif90 -f90=ifort -mt_mpi -align -qopenmp -O0 -g -traceback -fstack-security-check -ftrapuv -r8 -i4 -DUSE_BLOCK -fpp -xHost -O2  -qopenmp  -warn all -warn nointerfaces -warn nounused -fpp -r8 -check all,noarg_temp_created -check bounds -check uninit -debug all -debug-parameters -fpe0 -gen-interfaces -warn-interfaces -module .mod  -implicitnone -DJOREK_MODEL=500 -DUSE_MPI -DUSE_FFTW -DUSE_PASTIX -DUSE_HDF5 -I.mod -I/cineca/prod/opt/libraries/fftw/3.3.4/intelmpi--5.1--binary/include `/marconi/home/userexternal/dvanvugt/libraries/pastix/5.2.3/intelmpi--pe-xe-2016--binary--ptscotch/install/pastix-conf --incs` -I/cineca/prod/opt/libraries/hdf5/1.8.17/intelmpi--5.1--binary/include -Itiming   -c communication/broadcast_num_profiles.f90 -o .obj/broadcast_num_profiles.o
mpif90 -f90=ifort -mt_mpi -align -qopenmp -O0 -g -traceback -fstack-security-check -ftrapuv -r8 -i4 -DUSE_BLOCK -fpp -xHost -O2  -qopenmp  -warn all -warn nointerfaces -warn nounused -fpp -r8 -check all,noarg_temp_created -check bounds -check uninit -debug all -debug-parameters -fpe0 -gen-interfaces -warn-interfaces -module .mod  -implicitnone -DJOREK_MODEL=500 -DUSE_MPI -DUSE_FFTW -DUSE_PASTIX -DUSE_HDF5 -I.mod -I/cineca/prod/opt/libraries/fftw/3.3.4/intelmpi--5.1--binary/include `/marconi/home/userexternal/dvanvugt/libraries/pastix/5.2.3/intelmpi--pe-xe-2016--binary--ptscotch/install/pastix-conf --incs` -I/cineca/prod/opt/libraries/hdf5/1.8.17/intelmpi--5.1--binary/include -Itiming   -c models/read_num_profiles.f90 -o .obj/read_num_profiles.o
mpif90 -f90=ifort -mt_mpi -align -qopenmp -O0 -g -traceback -fstack-security-check -ftrapuv -r8 -i4 -DUSE_BLOCK -fpp -xHost -O2  -qopenmp  -warn all -warn nointerfaces -warn nounused -fpp -r8 -check all,noarg_temp_created -check bounds -check uninit -debug all -debug-parameters -fpe0 -gen-interfaces -warn-interfaces -module .mod  -implicitnone -DJOREK_MODEL=500 -DUSE_MPI -DUSE_FFTW -DUSE_PASTIX -DUSE_HDF5 -I.mod -I/cineca/prod/opt/libraries/fftw/3.3.4/intelmpi--5.1--binary/include `/marconi/home/userexternal/dvanvugt/libraries/pastix/5.2.3/intelmpi--pe-xe-2016--binary--ptscotch/install/pastix-conf --incs` -I/cineca/prod/opt/libraries/hdf5/1.8.17/intelmpi--5.1--binary/include -Itiming   -c models/derive_num_profiles.f90 -o .obj/derive_num_profiles.o
mpif90 -f90=ifort -mt_mpi -align -qopenmp -O0 -g -traceback -fstack-security-check -ftrapuv -r8 -i4 -DUSE_BLOCK -fpp -xHost -O2  -qopenmp  -warn all -warn nointerfaces -warn nounused -fpp -r8 -check all,noarg_temp_created -check bounds -check uninit -debug all -debug-parameters -fpe0 -gen-interfaces -warn-interfaces -module .mod  -implicitnone -DJOREK_MODEL=500 -DUSE_MPI -DUSE_FFTW -DUSE_PASTIX -DUSE_HDF5 -I.mod -I/cineca/prod/opt/libraries/fftw/3.3.4/intelmpi--5.1--binary/include `/marconi/home/userexternal/dvanvugt/libraries/pastix/5.2.3/intelmpi--pe-xe-2016--binary--ptscotch/install/pastix-conf --incs` -I/cineca/prod/opt/libraries/hdf5/1.8.17/intelmpi--5.1--binary/include -Itiming   -c models/read_RMP_profiles.f90 -o .obj/read_RMP_profiles.o
mpif90 -f90=ifort -mt_mpi -align -qopenmp -O0 -g -traceback -fstack-security-check -ftrapuv -r8 -i4 -DUSE_BLOCK -fpp -xHost -O2  -qopenmp  -warn all -warn nointerfaces -warn nounused -fpp -r8 -check all,noarg_temp_created -check bounds -check uninit -debug all -debug-parameters -fpe0 -gen-interfaces -warn-interfaces -module .mod  -implicitnone -DJOREK_MODEL=500 -DUSE_MPI -DUSE_FFTW -DUSE_PASTIX -DUSE_HDF5 -I.mod -I/cineca/prod/opt/libraries/fftw/3.3.4/intelmpi--5.1--binary/include `/marconi/home/userexternal/dvanvugt/libraries/pastix/5.2.3/intelmpi--pe-xe-2016--binary--ptscotch/install/pastix-conf --incs` -I/cineca/prod/opt/libraries/hdf5/1.8.17/intelmpi--5.1--binary/include -Itiming   -c models/element_matrix_GS_perturbation.f90 -o .obj/element_matrix_GS_perturbation.o
mpif90 -f90=ifort -mt_mpi -align -qopenmp -O0 -g -traceback -fstack-security-check -ftrapuv -r8 -i4 -DUSE_BLOCK -fpp -xHost -O2  -qopenmp  -warn all -warn nointerfaces -warn nounused -fpp -r8 -check all,noarg_temp_created -check bounds -check uninit -debug all -debug-parameters -fpe0 -gen-interfaces -warn-interfaces -module .mod  -implicitnone -DJOREK_MODEL=500 -DUSE_MPI -DUSE_FFTW -DUSE_PASTIX -DUSE_HDF5 -I.mod -I/cineca/prod/opt/libraries/fftw/3.3.4/intelmpi--5.1--binary/include `/marconi/home/userexternal/dvanvugt/libraries/pastix/5.2.3/intelmpi--pe-xe-2016--binary--ptscotch/install/pastix-conf --incs` -I/cineca/prod/opt/libraries/hdf5/1.8.17/intelmpi--5.1--binary/include -Itiming   -c models/element_matrix_GS_inverse.f90 -o .obj/element_matrix_GS_inverse.o
mpif90 -f90=ifort -mt_mpi -align -qopenmp -O0 -g -traceback -fstack-security-check -ftrapuv -r8 -i4 -DUSE_BLOCK -fpp -xHost -O2  -qopenmp  -warn all -warn nointerfaces -warn nounused -fpp -r8 -check all,noarg_temp_created -check bounds -check uninit -debug all -debug-parameters -fpe0 -gen-interfaces -warn-interfaces -module .mod  -implicitnone -DJOREK_MODEL=500 -DUSE_MPI -DUSE_FFTW -DUSE_PASTIX -DUSE_HDF5 -I.mod -I/cineca/prod/opt/libraries/fftw/3.3.4/intelmpi--5.1--binary/include `/marconi/home/userexternal/dvanvugt/libraries/pastix/5.2.3/intelmpi--pe-xe-2016--binary--ptscotch/install/pastix-conf --incs` -I/cineca/prod/opt/libraries/hdf5/1.8.17/intelmpi--5.1--binary/include -Itiming   -c models/chgmt_node.f90 -o .obj/chgmt_node.o
mpif90 -f90=ifort -mt_mpi -align -qopenmp -O0 -g -traceback -fstack-security-check -ftrapuv -r8 -i4 -DUSE_BLOCK -fpp -xHost -O2  -qopenmp  -warn all -warn nointerfaces -warn nounused -fpp -r8 -check all,noarg_temp_created -check bounds -check uninit -debug all -debug-parameters -fpe0 -gen-interfaces -warn-interfaces -module .mod  -implicitnone -DJOREK_MODEL=500 -DUSE_MPI -DUSE_FFTW -DUSE_PASTIX -DUSE_HDF5 -I.mod -I/cineca/prod/opt/libraries/fftw/3.3.4/intelmpi--5.1--binary/include `/marconi/home/userexternal/dvanvugt/libraries/pastix/5.2.3/intelmpi--pe-xe-2016--binary--ptscotch/install/pastix-conf --incs` -I/cineca/prod/opt/libraries/hdf5/1.8.17/intelmpi--5.1--binary/include -Itiming   -c models/element_matrix_poisson_inverse.f90 -o .obj/element_matrix_poisson_inverse.o
mpif90 -f90=ifort -mt_mpi -align -qopenmp -O0 -g -traceback -fstack-security-check -ftrapuv -r8 -i4 -DUSE_BLOCK -fpp -xHost -O2  -qopenmp  -warn all -warn nointerfaces -warn nounused -fpp -r8 -check all,noarg_temp_created -check bounds -check uninit -debug all -debug-parameters -fpe0 -gen-interfaces -warn-interfaces -module .mod  -implicitnone -DJOREK_MODEL=500 -DUSE_MPI -DUSE_FFTW -DUSE_PASTIX -DUSE_HDF5 -I.mod -I/cineca/prod/opt/libraries/fftw/3.3.4/intelmpi--5.1--binary/include `/marconi/home/userexternal/dvanvugt/libraries/pastix/5.2.3/intelmpi--pe-xe-2016--binary--ptscotch/install/pastix-conf --incs` -I/cineca/prod/opt/libraries/hdf5/1.8.17/intelmpi--5.1--binary/include -Itiming   -c models/element_matrix_GS.f90 -o .obj/element_matrix_GS.o
mpif90 -f90=ifort -mt_mpi -align -qopenmp -O0 -g -traceback -fstack-security-check -ftrapuv -r8 -i4 -DUSE_BLOCK -fpp -xHost -O2  -qopenmp  -warn all -warn nointerfaces -warn nounused -fpp -r8 -check all,noarg_temp_created -check bounds -check uninit -debug all -debug-parameters -fpe0 -gen-interfaces -warn-interfaces -module .mod  -implicitnone -DJOREK_MODEL=500 -DUSE_MPI -DUSE_FFTW -DUSE_PASTIX -DUSE_HDF5 -I.mod -I/cineca/prod/opt/libraries/fftw/3.3.4/intelmpi--5.1--binary/include `/marconi/home/userexternal/dvanvugt/libraries/pastix/5.2.3/intelmpi--pe-xe-2016--binary--ptscotch/install/pastix-conf --incs` -I/cineca/prod/opt/libraries/hdf5/1.8.17/intelmpi--5.1--binary/include -Itiming   -c models/element_matrix_poisson.f90 -o .obj/element_matrix_poisson.o
mpif90 -f90=ifort -mt_mpi -align -qopenmp -O0 -g -traceback -fstack-security-check -ftrapuv -r8 -i4 -DUSE_BLOCK -fpp -xHost -O2  -qopenmp  -warn all -warn nointerfaces -warn nounused -fpp -r8 -check all,noarg_temp_created -check bounds -check uninit -debug all -debug-parameters -fpe0 -gen-interfaces -warn-interfaces -module .mod  -implicitnone -DJOREK_MODEL=500 -DUSE_MPI -DUSE_FFTW -DUSE_PASTIX -DUSE_HDF5 -I.mod -I/cineca/prod/opt/libraries/fftw/3.3.4/intelmpi--5.1--binary/include `/marconi/home/userexternal/dvanvugt/libraries/pastix/5.2.3/intelmpi--pe-xe-2016--binary--ptscotch/install/pastix-conf --incs` -I/cineca/prod/opt/libraries/hdf5/1.8.17/intelmpi--5.1--binary/include -Itiming   -c diagnostics/q_profile.f90 -o .obj/q_profile.o
mpif90 -f90=ifort -mt_mpi -align -qopenmp -O0 -g -traceback -fstack-security-check -ftrapuv -r8 -i4 -DUSE_BLOCK -fpp -xHost -O2  -qopenmp  -warn all -warn nointerfaces -warn nounused -fpp -r8 -check all,noarg_temp_created -check bounds -check uninit -debug all -debug-parameters -fpe0 -gen-interfaces -warn-interfaces -module .mod  -implicitnone -DJOREK_MODEL=500 -DUSE_MPI -DUSE_FFTW -DUSE_PASTIX -DUSE_HDF5 -I.mod -I/cineca/prod/opt/libraries/fftw/3.3.4/intelmpi--5.1--binary/include `/marconi/home/userexternal/dvanvugt/libraries/pastix/5.2.3/intelmpi--pe-xe-2016--binary--ptscotch/install/pastix-conf --incs` -I/cineca/prod/opt/libraries/hdf5/1.8.17/intelmpi--5.1--binary/include -Itiming   -c diagnostics/integral_current.f90 -o .obj/integral_current.o
mpif90 -f90=ifort -mt_mpi -align -qopenmp -O0 -g -traceback -fstack-security-check -ftrapuv -r8 -i4 -DUSE_BLOCK -fpp -xHost -O2  -qopenmp  -warn all -warn nointerfaces -warn nounused -fpp -r8 -check all,noarg_temp_created -check bounds -check uninit -debug all -debug-parameters -fpe0 -gen-interfaces -warn-interfaces -module .mod  -implicitnone -DJOREK_MODEL=500 -DUSE_MPI -DUSE_FFTW -DUSE_PASTIX -DUSE_HDF5 -I.mod -I/cineca/prod/opt/libraries/fftw/3.3.4/intelmpi--5.1--binary/include `/marconi/home/userexternal/dvanvugt/libraries/pastix/5.2.3/intelmpi--pe-xe-2016--binary--ptscotch/install/pastix-conf --incs` -I/cineca/prod/opt/libraries/hdf5/1.8.17/intelmpi--5.1--binary/include -Itiming   -c plots/plot_coils.f90 -o .obj/plot_coils.o
mpif90 -f90=ifort -mt_mpi -align -qopenmp -O0 -g -traceback -fstack-security-check -ftrapuv -r8 -i4 -DUSE_BLOCK -fpp -xHost -O2  -qopenmp  -warn all -warn nointerfaces -warn nounused -fpp -r8 -check all,noarg_temp_created -check bounds -check uninit -debug all -debug-parameters -fpe0 -gen-interfaces -warn-interfaces -module .mod  -implicitnone -DJOREK_MODEL=500 -DUSE_MPI -DUSE_FFTW -DUSE_PASTIX -DUSE_HDF5 -I.mod -I/cineca/prod/opt/libraries/fftw/3.3.4/intelmpi--5.1--binary/include `/marconi/home/userexternal/dvanvugt/libraries/pastix/5.2.3/intelmpi--pe-xe-2016--binary--ptscotch/install/pastix-conf --incs` -I/cineca/prod/opt/libraries/hdf5/1.8.17/intelmpi--5.1--binary/include -Itiming   -c plots/plot_flux_surfaces.f90 -o .obj/plot_flux_surfaces.o
mpif90 -f90=ifort -mt_mpi -align -qopenmp -O0 -g -traceback -fstack-security-check -ftrapuv -r8 -i4 -DUSE_BLOCK -fpp -xHost -O2  -qopenmp  -warn all -warn nointerfaces -warn nounused -fpp -r8 -check all,noarg_temp_created -check bounds -check uninit -debug all -debug-parameters -fpe0 -gen-interfaces -warn-interfaces -module .mod  -implicitnone -DJOREK_MODEL=500 -DUSE_MPI -DUSE_FFTW -DUSE_PASTIX -DUSE_HDF5 -I.mod -I/cineca/prod/opt/libraries/fftw/3.3.4/intelmpi--5.1--binary/include `/marconi/home/userexternal/dvanvugt/libraries/pastix/5.2.3/intelmpi--pe-xe-2016--binary--ptscotch/install/pastix-conf --incs` -I/cineca/prod/opt/libraries/hdf5/1.8.17/intelmpi--5.1--binary/include -Itiming   -c plots/plot_grid.f90 -o .obj/plot_grid.o
mpif90 -f90=ifort -mt_mpi -align -qopenmp -O0 -g -traceback -fstack-security-check -ftrapuv -r8 -i4 -DUSE_BLOCK -fpp -xHost -O2  -qopenmp  -warn all -warn nointerfaces -warn nounused -fpp -r8 -check all,noarg_temp_created -check bounds -check uninit -debug all -debug-parameters -fpe0 -gen-interfaces -warn-interfaces -module .mod  -implicitnone -DJOREK_MODEL=500 -DUSE_MPI -DUSE_FFTW -DUSE_PASTIX -DUSE_HDF5 -I.mod -I/cineca/prod/opt/libraries/fftw/3.3.4/intelmpi--5.1--binary/include `/marconi/home/userexternal/dvanvugt/libraries/pastix/5.2.3/intelmpi--pe-xe-2016--binary--ptscotch/install/pastix-conf --incs` -I/cineca/prod/opt/libraries/hdf5/1.8.17/intelmpi--5.1--binary/include -Itiming   -c models/neo_coef.f90 -o .obj/neo_coef.o
mpif90 -f90=ifort -mt_mpi -align -qopenmp -O0 -g -traceback -fstack-security-check -ftrapuv -r8 -i4 -DUSE_BLOCK -fpp -xHost -O2  -qopenmp  -warn all -warn nointerfaces -warn nounused -fpp -r8 -check all,noarg_temp_created -check bounds -check uninit -debug all -debug-parameters -fpe0 -gen-interfaces -warn-interfaces -module .mod  -implicitnone -DJOREK_MODEL=500 -DUSE_MPI -DUSE_FFTW -DUSE_PASTIX -DUSE_HDF5 -I.mod -I/cineca/prod/opt/libraries/fftw/3.3.4/intelmpi--5.1--binary/include `/marconi/home/userexternal/dvanvugt/libraries/pastix/5.2.3/intelmpi--pe-xe-2016--binary--ptscotch/install/pastix-conf --incs` -I/cineca/prod/opt/libraries/hdf5/1.8.17/intelmpi--5.1--binary/include -Itiming   -c communication/broadcast_boundary.f90 -o .obj/broadcast_boundary.o
mpif90 -f90=ifort -mt_mpi -align -qopenmp -O0 -g -traceback -fstack-security-check -ftrapuv -r8 -i4 -DUSE_BLOCK -fpp -xHost -O2  -qopenmp  -warn all -warn nointerfaces -warn nounused -fpp -r8 -check all,noarg_temp_created -check bounds -check uninit -debug all -debug-parameters -fpe0 -gen-interfaces -warn-interfaces -module .mod  -implicitnone -DJOREK_MODEL=500 -DUSE_MPI -DUSE_FFTW -DUSE_PASTIX -DUSE_HDF5 -I.mod -I/cineca/prod/opt/libraries/fftw/3.3.4/intelmpi--5.1--binary/include `/marconi/home/userexternal/dvanvugt/libraries/pastix/5.2.3/intelmpi--pe-xe-2016--binary--ptscotch/install/pastix-conf --incs` -I/cineca/prod/opt/libraries/hdf5/1.8.17/intelmpi--5.1--binary/include -Itiming   -c communication/export_nemec.f90 -o .obj/export_nemec.o
mpif90 -f90=ifort -mt_mpi -align -qopenmp -O0 -g -traceback -fstack-security-check -ftrapuv -r8 -i4 -DUSE_BLOCK -fpp -xHost -O2  -qopenmp  -warn all -warn nointerfaces -warn nounused -fpp -r8 -check all,noarg_temp_created -check bounds -check uninit -debug all -debug-parameters -fpe0 -gen-interfaces -warn-interfaces -module .mod  -implicitnone -DJOREK_MODEL=500 -DUSE_MPI -DUSE_FFTW -DUSE_PASTIX -DUSE_HDF5 -I.mod -I/cineca/prod/opt/libraries/fftw/3.3.4/intelmpi--5.1--binary/include `/marconi/home/userexternal/dvanvugt/libraries/pastix/5.2.3/intelmpi--pe-xe-2016--binary--ptscotch/install/pastix-conf --incs` -I/cineca/prod/opt/libraries/hdf5/1.8.17/intelmpi--5.1--binary/include -Itiming   -c diagnostics/determine_PhiN.f90 -o .obj/determine_PhiN.o
mpif90 -f90=ifort -mt_mpi -align -qopenmp -O0 -g -traceback -fstack-security-check -ftrapuv -r8 -i4 -DUSE_BLOCK -fpp -xHost -O2  -qopenmp  -warn all -warn nointerfaces -warn nounused -fpp -r8 -check all,noarg_temp_created -check bounds -check uninit -debug all -debug-parameters -fpe0 -gen-interfaces -warn-interfaces -module .mod  -implicitnone -DJOREK_MODEL=500 -DUSE_MPI -DUSE_FFTW -DUSE_PASTIX -DUSE_HDF5 -I.mod -I/cineca/prod/opt/libraries/fftw/3.3.4/intelmpi--5.1--binary/include `/marconi/home/userexternal/dvanvugt/libraries/pastix/5.2.3/intelmpi--pe-xe-2016--binary--ptscotch/install/pastix-conf --incs` -I/cineca/prod/opt/libraries/hdf5/1.8.17/intelmpi--5.1--binary/include -Itiming   -c communication/broadcast_nodes.f90 -o .obj/broadcast_nodes.o
mpif90 -f90=ifort -mt_mpi -align -qopenmp -O0 -g -traceback -fstack-security-check -ftrapuv -r8 -i4 -DUSE_BLOCK -fpp -xHost -O2  -qopenmp  -warn all -warn nointerfaces -warn nounused -fpp -r8 -check all,noarg_temp_created -check bounds -check uninit -debug all -debug-parameters -fpe0 -gen-interfaces -warn-interfaces -module .mod  -implicitnone -DJOREK_MODEL=500 -DUSE_MPI -DUSE_FFTW -DUSE_PASTIX -DUSE_HDF5 -I.mod -I/cineca/prod/opt/libraries/fftw/3.3.4/intelmpi--5.1--binary/include `/marconi/home/userexternal/dvanvugt/libraries/pastix/5.2.3/intelmpi--pe-xe-2016--binary--ptscotch/install/pastix-conf --incs` -I/cineca/prod/opt/libraries/hdf5/1.8.17/intelmpi--5.1--binary/include -Itiming   -c communication/update_values.f90 -o .obj/update_values.o
mpif90 -f90=ifort -mt_mpi -align -qopenmp -O0 -g -traceback -fstack-security-check -ftrapuv -r8 -i4 -DUSE_BLOCK -fpp -xHost -O2  -qopenmp  -warn all -warn nointerfaces -warn nounused -fpp -r8 -check all,noarg_temp_created -check bounds -check uninit -debug all -debug-parameters -fpe0 -gen-interfaces -warn-interfaces -module .mod  -implicitnone -DJOREK_MODEL=500 -DUSE_MPI -DUSE_FFTW -DUSE_PASTIX -DUSE_HDF5 -I.mod -I/cineca/prod/opt/libraries/fftw/3.3.4/intelmpi--5.1--binary/include `/marconi/home/userexternal/dvanvugt/libraries/pastix/5.2.3/intelmpi--pe-xe-2016--binary--ptscotch/install/pastix-conf --incs` -I/cineca/prod/opt/libraries/hdf5/1.8.17/intelmpi--5.1--binary/include -Itiming   -c communication/distribute_harmonics.f90 -o .obj/distribute_harmonics.o
mpif90 -f90=ifort -mt_mpi -align -qopenmp -O0 -g -traceback -fstack-security-check -ftrapuv -r8 -i4 -DUSE_BLOCK -fpp -xHost -O2  -qopenmp  -warn all -warn nointerfaces -warn nounused -fpp -r8 -check all,noarg_temp_created -check bounds -check uninit -debug all -debug-parameters -fpe0 -gen-interfaces -warn-interfaces -module .mod  -implicitnone -DJOREK_MODEL=500 -DUSE_MPI -DUSE_FFTW -DUSE_PASTIX -DUSE_HDF5 -I.mod -I/cineca/prod/opt/libraries/fftw/3.3.4/intelmpi--5.1--binary/include `/marconi/home/userexternal/dvanvugt/libraries/pastix/5.2.3/intelmpi--pe-xe-2016--binary--ptscotch/install/pastix-conf --incs` -I/cineca/prod/opt/libraries/hdf5/1.8.17/intelmpi--5.1--binary/include -Itiming   -c communication/distribute_vector.f90 -o .obj/distribute_vector.o
mpif90 -f90=ifort -mt_mpi -align -qopenmp -O0 -g -traceback -fstack-security-check -ftrapuv -r8 -i4 -DUSE_BLOCK -fpp -xHost -O2  -qopenmp  -warn all -warn nointerfaces -warn nounused -fpp -r8 -check all,noarg_temp_created -check bounds -check uninit -debug all -debug-parameters -fpe0 -gen-interfaces -warn-interfaces -module .mod  -implicitnone -DJOREK_MODEL=500 -DUSE_MPI -DUSE_FFTW -DUSE_PASTIX -DUSE_HDF5 -I.mod -I/cineca/prod/opt/libraries/fftw/3.3.4/intelmpi--5.1--binary/include `/marconi/home/userexternal/dvanvugt/libraries/pastix/5.2.3/intelmpi--pe-xe-2016--binary--ptscotch/install/pastix-conf --incs` -I/cineca/prod/opt/libraries/hdf5/1.8.17/intelmpi--5.1--binary/include -Itiming   -c communication/update_deltas.f90 -o .obj/update_deltas.o
mpif90 -f90=ifort -mt_mpi -align -qopenmp -O0 -g -traceback -fstack-security-check -ftrapuv -r8 -i4 -DUSE_BLOCK -fpp -xHost -O2  -qopenmp  -warn all -warn nointerfaces -warn nounused -fpp -r8 -check all,noarg_temp_created -check bounds -check uninit -debug all -debug-parameters -fpe0 -gen-interfaces -warn-interfaces -module .mod  -implicitnone -DJOREK_MODEL=500 -DUSE_MPI -DUSE_FFTW -DUSE_PASTIX -DUSE_HDF5 -I.mod -I/cineca/prod/opt/libraries/fftw/3.3.4/intelmpi--5.1--binary/include `/marconi/home/userexternal/dvanvugt/libraries/pastix/5.2.3/intelmpi--pe-xe-2016--binary--ptscotch/install/pastix-conf --incs` -I/cineca/prod/opt/libraries/hdf5/1.8.17/intelmpi--5.1--binary/include -Itiming   -c communication/broadcast_elements.f90 -o .obj/broadcast_elements.o
mpif90 -f90=ifort -mt_mpi -align -qopenmp -O0 -g -traceback -fstack-security-check -ftrapuv -r8 -i4 -DUSE_BLOCK -fpp -xHost -O2  -qopenmp  -warn all -warn nointerfaces -warn nounused -fpp -r8 -check all,noarg_temp_created -check bounds -check uninit -debug all -debug-parameters -fpe0 -gen-interfaces -warn-interfaces -module .mod  -implicitnone -DJOREK_MODEL=500 -DUSE_MPI -DUSE_FFTW -DUSE_PASTIX -DUSE_HDF5 -I.mod -I/cineca/prod/opt/libraries/fftw/3.3.4/intelmpi--5.1--binary/include `/marconi/home/userexternal/dvanvugt/libraries/pastix/5.2.3/intelmpi--pe-xe-2016--binary--ptscotch/install/pastix-conf --incs` -I/cineca/prod/opt/libraries/hdf5/1.8.17/intelmpi--5.1--binary/include -Itiming   -c communication/export_helena.f90 -o .obj/export_helena.o
mpif90 -f90=ifort -mt_mpi -align -qopenmp -O0 -g -traceback -fstack-security-check -ftrapuv -r8 -i4 -DUSE_BLOCK -fpp -xHost -O2  -qopenmp  -warn all -warn nointerfaces -warn nounused -fpp -r8 -check all,noarg_temp_created -check bounds -check uninit -debug all -debug-parameters -fpe0 -gen-interfaces -warn-interfaces -module .mod  -implicitnone -DJOREK_MODEL=500 -DUSE_MPI -DUSE_FFTW -DUSE_PASTIX -DUSE_HDF5 -I.mod -I/cineca/prod/opt/libraries/fftw/3.3.4/intelmpi--5.1--binary/include `/marconi/home/userexternal/dvanvugt/libraries/pastix/5.2.3/intelmpi--pe-xe-2016--binary--ptscotch/install/pastix-conf --incs` -I/cineca/prod/opt/libraries/hdf5/1.8.17/intelmpi--5.1--binary/include -Itiming   -c communication/distribute_nodes_elements.f90 -o .obj/distribute_nodes_elements.o
mpif90 -f90=ifort -mt_mpi -align -qopenmp -O0 -g -traceback -fstack-security-check -ftrapuv -r8 -i4 -DUSE_BLOCK -fpp -xHost -O2  -qopenmp  -warn all -warn nointerfaces -warn nounused -fpp -r8 -check all,noarg_temp_created -check bounds -check uninit -debug all -debug-parameters -fpe0 -gen-interfaces -warn-interfaces -module .mod  -implicitnone -DJOREK_MODEL=500 -DUSE_MPI -DUSE_FFTW -DUSE_PASTIX -DUSE_HDF5 -I.mod -I/cineca/prod/opt/libraries/fftw/3.3.4/intelmpi--5.1--binary/include `/marconi/home/userexternal/dvanvugt/libraries/pastix/5.2.3/intelmpi--pe-xe-2016--binary--ptscotch/install/pastix-conf --incs` -I/cineca/prod/opt/libraries/hdf5/1.8.17/intelmpi--5.1--binary/include -Itiming   -c refinement/Ref_Active_Node.f90 -o .obj/Ref_Active_Node.o
mpif90 -f90=ifort -mt_mpi -align -qopenmp -O0 -g -traceback -fstack-security-check -ftrapuv -r8 -i4 -DUSE_BLOCK -fpp -xHost -O2  -qopenmp  -warn all -warn nointerfaces -warn nounused -fpp -r8 -check all,noarg_temp_created -check bounds -check uninit -debug all -debug-parameters -fpe0 -gen-interfaces -warn-interfaces -module .mod  -implicitnone -DJOREK_MODEL=500 -DUSE_MPI -DUSE_FFTW -DUSE_PASTIX -DUSE_HDF5 -I.mod -I/cineca/prod/opt/libraries/fftw/3.3.4/intelmpi--5.1--binary/include `/marconi/home/userexternal/dvanvugt/libraries/pastix/5.2.3/intelmpi--pe-xe-2016--binary--ptscotch/install/pastix-conf --incs` -I/cineca/prod/opt/libraries/hdf5/1.8.17/intelmpi--5.1--binary/include -Itiming   -c communication/broadcast_RMP_profiles.f90 -o .obj/broadcast_RMP_profiles.o
mpif90 -f90=ifort -mt_mpi -align -qopenmp -O0 -g -traceback -fstack-security-check -ftrapuv -r8 -i4 -DUSE_BLOCK -fpp -xHost -O2  -qopenmp  -warn all -warn nointerfaces -warn nounused -fpp -r8 -check all,noarg_temp_created -check bounds -check uninit -debug all -debug-parameters -fpe0 -gen-interfaces -warn-interfaces -module .mod  -implicitnone -DJOREK_MODEL=500 -DUSE_MPI -DUSE_FFTW -DUSE_PASTIX -DUSE_HDF5 -I.mod -I/cineca/prod/opt/libraries/fftw/3.3.4/intelmpi--5.1--binary/include `/marconi/home/userexternal/dvanvugt/libraries/pastix/5.2.3/intelmpi--pe-xe-2016--binary--ptscotch/install/pastix-conf --incs` -I/cineca/prod/opt/libraries/hdf5/1.8.17/intelmpi--5.1--binary/include -Itiming   -c solvers/solve_mumps_all.f90 -o .obj/solve_mumps_all.o
mpif90 -f90=ifort -mt_mpi -align -qopenmp -O0 -g -traceback -fstack-security-check -ftrapuv -r8 -i4 -DUSE_BLOCK -fpp -xHost -O2  -qopenmp  -warn all -warn nointerfaces -warn nounused -fpp -r8 -check all,noarg_temp_created -check bounds -check uninit -debug all -debug-parameters -fpe0 -gen-interfaces -warn-interfaces -module .mod  -implicitnone -DJOREK_MODEL=500 -DUSE_MPI -DUSE_FFTW -DUSE_PASTIX -DUSE_HDF5 -I.mod -I/cineca/prod/opt/libraries/fftw/3.3.4/intelmpi--5.1--binary/include `/marconi/home/userexternal/dvanvugt/libraries/pastix/5.2.3/intelmpi--pe-xe-2016--binary--ptscotch/install/pastix-conf --incs` -I/cineca/prod/opt/libraries/hdf5/1.8.17/intelmpi--5.1--binary/include -Itiming   -c solvers/solve_pastix_all.f90 -o .obj/solve_pastix_all.o
mpif90 -f90=ifort -mt_mpi -align -qopenmp -O0 -g -traceback -fstack-security-check -ftrapuv -r8 -i4 -DUSE_BLOCK -fpp -xHost -O2  -qopenmp  -warn all -warn nointerfaces -warn nounused -fpp -r8 -check all,noarg_temp_created -check bounds -check uninit -debug all -debug-parameters -fpe0 -gen-interfaces -warn-interfaces -module .mod  -implicitnone -DJOREK_MODEL=500 -DUSE_MPI -DUSE_FFTW -DUSE_PASTIX -DUSE_HDF5 -I.mod -I/cineca/prod/opt/libraries/fftw/3.3.4/intelmpi--5.1--binary/include `/marconi/home/userexternal/dvanvugt/libraries/pastix/5.2.3/intelmpi--pe-xe-2016--binary--ptscotch/install/pastix-conf --incs` -I/cineca/prod/opt/libraries/hdf5/1.8.17/intelmpi--5.1--binary/include -Itiming   -c refinement/Refine_Elem_List.f90 -o .obj/Refine_Elem_List.o
mpif90 -f90=ifort -mt_mpi -align -qopenmp -O0 -g -traceback -fstack-security-check -ftrapuv -r8 -i4 -DUSE_BLOCK -fpp -xHost -O2  -qopenmp  -warn all -warn nointerfaces -warn nounused -fpp -r8 -check all,noarg_temp_created -check bounds -check uninit -debug all -debug-parameters -fpe0 -gen-interfaces -warn-interfaces -module .mod  -implicitnone -DJOREK_MODEL=500 -DUSE_MPI -DUSE_FFTW -DUSE_PASTIX -DUSE_HDF5 -I.mod -I/cineca/prod/opt/libraries/fftw/3.3.4/intelmpi--5.1--binary/include `/marconi/home/userexternal/dvanvugt/libraries/pastix/5.2.3/intelmpi--pe-xe-2016--binary--ptscotch/install/pastix-conf --incs` -I/cineca/prod/opt/libraries/hdf5/1.8.17/intelmpi--5.1--binary/include -Itiming   -c refinement/Refine_Element.f90 -o .obj/Refine_Element.o
mpif90 -f90=ifort -mt_mpi -align -qopenmp -O0 -g -traceback -fstack-security-check -ftrapuv -r8 -i4 -DUSE_BLOCK -fpp -xHost -O2  -qopenmp  -warn all -warn nointerfaces -warn nounused -fpp -r8 -check all,noarg_temp_created -check bounds -check uninit -debug all -debug-parameters -fpe0 -gen-interfaces -warn-interfaces -module .mod  -implicitnone -DJOREK_MODEL=500 -DUSE_MPI -DUSE_FFTW -DUSE_PASTIX -DUSE_HDF5 -I.mod -I/cineca/prod/opt/libraries/fftw/3.3.4/intelmpi--5.1--binary/include `/marconi/home/userexternal/dvanvugt/libraries/pastix/5.2.3/intelmpi--pe-xe-2016--binary--ptscotch/install/pastix-conf --incs` -I/cineca/prod/opt/libraries/hdf5/1.8.17/intelmpi--5.1--binary/include -Itiming   -c refinement/Ref_Find_Constrained_Node.f90 -o .obj/Ref_Find_Constrained_Node.o
mpif90 -f90=ifort -mt_mpi -align -qopenmp -O0 -g -traceback -fstack-security-check -ftrapuv -r8 -i4 -DUSE_BLOCK -fpp -xHost -O2  -qopenmp  -warn all -warn nointerfaces -warn nounused -fpp -r8 -check all,noarg_temp_created -check bounds -check uninit -debug all -debug-parameters -fpe0 -gen-interfaces -warn-interfaces -module .mod  -implicitnone -DJOREK_MODEL=500 -DUSE_MPI -DUSE_FFTW -DUSE_PASTIX -DUSE_HDF5 -I.mod -I/cineca/prod/opt/libraries/fftw/3.3.4/intelmpi--5.1--binary/include `/marconi/home/userexternal/dvanvugt/libraries/pastix/5.2.3/intelmpi--pe-xe-2016--binary--ptscotch/install/pastix-conf --incs` -I/cineca/prod/opt/libraries/hdf5/1.8.17/intelmpi--5.1--binary/include -Itiming   -c refinement/Ref_Add_Node.f90 -o .obj/Ref_Add_Node.o
mpif90 -f90=ifort -mt_mpi -align -qopenmp -O0 -g -traceback -fstack-security-check -ftrapuv -r8 -i4 -DUSE_BLOCK -fpp -xHost -O2  -qopenmp  -warn all -warn nointerfaces -warn nounused -fpp -r8 -check all,noarg_temp_created -check bounds -check uninit -debug all -debug-parameters -fpe0 -gen-interfaces -warn-interfaces -module .mod  -implicitnone -DJOREK_MODEL=500 -DUSE_MPI -DUSE_FFTW -DUSE_PASTIX -DUSE_HDF5 -I.mod -I/cineca/prod/opt/libraries/fftw/3.3.4/intelmpi--5.1--binary/include `/marconi/home/userexternal/dvanvugt/libraries/pastix/5.2.3/intelmpi--pe-xe-2016--binary--ptscotch/install/pastix-conf --incs` -I/cineca/prod/opt/libraries/hdf5/1.8.17/intelmpi--5.1--binary/include -Itiming   -c refinement/Ref_boundary_node.f90 -o .obj/Ref_boundary_node.o
mpif90 -f90=ifort -mt_mpi -align -qopenmp -O0 -g -traceback -fstack-security-check -ftrapuv -r8 -i4 -DUSE_BLOCK -fpp -xHost -O2  -qopenmp  -warn all -warn nointerfaces -warn nounused -fpp -r8 -check all,noarg_temp_created -check bounds -check uninit -debug all -debug-parameters -fpe0 -gen-interfaces -warn-interfaces -module .mod  -implicitnone -DJOREK_MODEL=500 -DUSE_MPI -DUSE_FFTW -DUSE_PASTIX -DUSE_HDF5 -I.mod -I/cineca/prod/opt/libraries/fftw/3.3.4/intelmpi--5.1--binary/include `/marconi/home/userexternal/dvanvugt/libraries/pastix/5.2.3/intelmpi--pe-xe-2016--binary--ptscotch/install/pastix-conf --incs` -I/cineca/prod/opt/libraries/hdf5/1.8.17/intelmpi--5.1--binary/include -Itiming   -c refinement/Ref_Check_Neighb_Stat.f90 -o .obj/Ref_Check_Neighb_Stat.o
mpif90 -f90=ifort -mt_mpi -align -qopenmp -O0 -g -traceback -fstack-security-check -ftrapuv -r8 -i4 -DUSE_BLOCK -fpp -xHost -O2  -qopenmp  -warn all -warn nointerfaces -warn nounused -fpp -r8 -check all,noarg_temp_created -check bounds -check uninit -debug all -debug-parameters -fpe0 -gen-interfaces -warn-interfaces -module .mod  -implicitnone -DJOREK_MODEL=500 -DUSE_MPI -DUSE_FFTW -DUSE_PASTIX -DUSE_HDF5 -I.mod -I/cineca/prod/opt/libraries/fftw/3.3.4/intelmpi--5.1--binary/include `/marconi/home/userexternal/dvanvugt/libraries/pastix/5.2.3/intelmpi--pe-xe-2016--binary--ptscotch/install/pastix-conf --incs` -I/cineca/prod/opt/libraries/hdf5/1.8.17/intelmpi--5.1--binary/include -Itiming   -c refinement/mod_neighbours.f90 -o .obj/mod_neighbours.o
mpif90 -f90=ifort -mt_mpi -align -qopenmp -O0 -g -traceback -fstack-security-check -ftrapuv -r8 -i4 -DUSE_BLOCK -fpp -xHost -O2  -qopenmp  -warn all -warn nointerfaces -warn nounused -fpp -r8 -check all,noarg_temp_created -check bounds -check uninit -debug all -debug-parameters -fpe0 -gen-interfaces -warn-interfaces -module .mod  -implicitnone -DJOREK_MODEL=500 -DUSE_MPI -DUSE_FFTW -DUSE_PASTIX -DUSE_HDF5 -I.mod -I/cineca/prod/opt/libraries/fftw/3.3.4/intelmpi--5.1--binary/include `/marconi/home/userexternal/dvanvugt/libraries/pastix/5.2.3/intelmpi--pe-xe-2016--binary--ptscotch/install/pastix-conf --incs` -I/cineca/prod/opt/libraries/hdf5/1.8.17/intelmpi--5.1--binary/include -Itiming   -c refinement/Ref_Add_Elements.f90 -o .obj/Ref_Add_Elements.o
mpif90 -f90=ifort -mt_mpi -align -qopenmp -O0 -g -traceback -fstack-security-check -ftrapuv -r8 -i4 -DUSE_BLOCK -fpp -xHost -O2  -qopenmp  -warn all -warn nointerfaces -warn nounused -fpp -r8 -check all,noarg_temp_created -check bounds -check uninit -debug all -debug-parameters -fpe0 -gen-interfaces -warn-interfaces -module .mod  -implicitnone -DJOREK_MODEL=500 -DUSE_MPI -DUSE_FFTW -DUSE_PASTIX -DUSE_HDF5 -I.mod -I/cineca/prod/opt/libraries/fftw/3.3.4/intelmpi--5.1--binary/include `/marconi/home/userexternal/dvanvugt/libraries/pastix/5.2.3/intelmpi--pe-xe-2016--binary--ptscotch/install/pastix-conf --incs` -I/cineca/prod/opt/libraries/hdf5/1.8.17/intelmpi--5.1--binary/include -Itiming   -c refinement/Ref_Update_Index.f90 -o .obj/Ref_Update_Index.o
mpif90 -f90=ifort -mt_mpi -align -qopenmp -O0 -g -traceback -fstack-security-check -ftrapuv -r8 -i4 -DUSE_BLOCK -fpp -xHost -O2  -qopenmp  -warn all -warn nointerfaces -warn nounused -fpp -r8 -check all,noarg_temp_created -check bounds -check uninit -debug all -debug-parameters -fpe0 -gen-interfaces -warn-interfaces -module .mod  -implicitnone -DJOREK_MODEL=500 -DUSE_MPI -DUSE_FFTW -DUSE_PASTIX -DUSE_HDF5 -I.mod -I/cineca/prod/opt/libraries/fftw/3.3.4/intelmpi--5.1--binary/include `/marconi/home/userexternal/dvanvugt/libraries/pastix/5.2.3/intelmpi--pe-xe-2016--binary--ptscotch/install/pastix-conf --incs` -I/cineca/prod/opt/libraries/hdf5/1.8.17/intelmpi--5.1--binary/include -Itiming   -c elements/initialise_basis.f90 -o .obj/initialise_basis.o
mpif90 -f90=ifort -mt_mpi -align -qopenmp -O0 -g -traceback -fstack-security-check -ftrapuv -r8 -i4 -DUSE_BLOCK -fpp -xHost -O2  -qopenmp  -warn all -warn nointerfaces -warn nounused -fpp -r8 -check all,noarg_temp_created -check bounds -check uninit -debug all -debug-parameters -fpe0 -gen-interfaces -warn-interfaces -module .mod  -implicitnone -DJOREK_MODEL=500 -DUSE_MPI -DUSE_FFTW -DUSE_PASTIX -DUSE_HDF5 -I.mod -I/cineca/prod/opt/libraries/fftw/3.3.4/intelmpi--5.1--binary/include `/marconi/home/userexternal/dvanvugt/libraries/pastix/5.2.3/intelmpi--pe-xe-2016--binary--ptscotch/install/pastix-conf --incs` -I/cineca/prod/opt/libraries/hdf5/1.8.17/intelmpi--5.1--binary/include -Itiming   -c grids/grid_flux_surface.f90 -o .obj/grid_flux_surface.o
mpif90 -f90=ifort -mt_mpi -align -qopenmp -O0 -g -traceback -fstack-security-check -ftrapuv -r8 -i4 -DUSE_BLOCK -fpp -xHost -O2  -qopenmp  -warn all -warn nointerfaces -warn nounused -fpp -r8 -check all,noarg_temp_created -check bounds -check uninit -debug all -debug-parameters -fpe0 -gen-interfaces -warn-interfaces -module .mod  -implicitnone -DJOREK_MODEL=500 -DUSE_MPI -DUSE_FFTW -DUSE_PASTIX -DUSE_HDF5 -I.mod -I/cineca/prod/opt/libraries/fftw/3.3.4/intelmpi--5.1--binary/include `/marconi/home/userexternal/dvanvugt/libraries/pastix/5.2.3/intelmpi--pe-xe-2016--binary--ptscotch/install/pastix-conf --incs` -I/cineca/prod/opt/libraries/hdf5/1.8.17/intelmpi--5.1--binary/include -Itiming   -c grids/grid_bezier_square_polar.f90 -o .obj/grid_bezier_square_polar.o
mpif90 -f90=ifort -mt_mpi -align -qopenmp -O0 -g -traceback -fstack-security-check -ftrapuv -r8 -i4 -DUSE_BLOCK -fpp -xHost -O2  -qopenmp  -warn all -warn nointerfaces -warn nounused -fpp -r8 -check all,noarg_temp_created -check bounds -check uninit -debug all -debug-parameters -fpe0 -gen-interfaces -warn-interfaces -module .mod  -implicitnone -DJOREK_MODEL=500 -DUSE_MPI -DUSE_FFTW -DUSE_PASTIX -DUSE_HDF5 -I.mod -I/cineca/prod/opt/libraries/fftw/3.3.4/intelmpi--5.1--binary/include `/marconi/home/userexternal/dvanvugt/libraries/pastix/5.2.3/intelmpi--pe-xe-2016--binary--ptscotch/install/pastix-conf --incs` -I/cineca/prod/opt/libraries/hdf5/1.8.17/intelmpi--5.1--binary/include -Itiming   -c grids/grid_bezier_square.f90 -o .obj/grid_bezier_square.o
mpif90 -f90=ifort -mt_mpi -align -qopenmp -O0 -g -traceback -fstack-security-check -ftrapuv -r8 -i4 -DUSE_BLOCK -fpp -xHost -O2  -qopenmp  -warn all -warn nointerfaces -warn nounused -fpp -r8 -check all,noarg_temp_created -check bounds -check uninit -debug all -debug-parameters -fpe0 -gen-interfaces -warn-interfaces -module .mod  -implicitnone -DJOREK_MODEL=500 -DUSE_MPI -DUSE_FFTW -DUSE_PASTIX -DUSE_HDF5 -I.mod -I/cineca/prod/opt/libraries/fftw/3.3.4/intelmpi--5.1--binary/include `/marconi/home/userexternal/dvanvugt/libraries/pastix/5.2.3/intelmpi--pe-xe-2016--binary--ptscotch/install/pastix-conf --incs` -I/cineca/prod/opt/libraries/hdf5/1.8.17/intelmpi--5.1--binary/include -Itiming   -c grids/grid_polar_bezier.f90 -o .obj/grid_polar_bezier.o
mpif90 -f90=ifort -mt_mpi -align -qopenmp -O0 -g -traceback -fstack-security-check -ftrapuv -r8 -i4 -DUSE_BLOCK -fpp -xHost -O2  -qopenmp  -warn all -warn nointerfaces -warn nounused -fpp -r8 -check all,noarg_temp_created -check bounds -check uninit -debug all -debug-parameters -fpe0 -gen-interfaces -warn-interfaces -module .mod  -implicitnone -DJOREK_MODEL=500 -DUSE_MPI -DUSE_FFTW -DUSE_PASTIX -DUSE_HDF5 -I.mod -I/cineca/prod/opt/libraries/fftw/3.3.4/intelmpi--5.1--binary/include `/marconi/home/userexternal/dvanvugt/libraries/pastix/5.2.3/intelmpi--pe-xe-2016--binary--ptscotch/install/pastix-conf --incs` -I/cineca/prod/opt/libraries/hdf5/1.8.17/intelmpi--5.1--binary/include -Itiming   -c grids/grid_double_xpoint.f90 -o .obj/grid_double_xpoint.o
mpif90 -f90=ifort -mt_mpi -align -qopenmp -O0 -g -traceback -fstack-security-check -ftrapuv -r8 -i4 -DUSE_BLOCK -fpp -xHost -O2  -qopenmp  -warn all -warn nointerfaces -warn nounused -fpp -r8 -check all,noarg_temp_created -check bounds -check uninit -debug all -debug-parameters -fpe0 -gen-interfaces -warn-interfaces -module .mod  -implicitnone -DJOREK_MODEL=500 -DUSE_MPI -DUSE_FFTW -DUSE_PASTIX -DUSE_HDF5 -I.mod -I/cineca/prod/opt/libraries/fftw/3.3.4/intelmpi--5.1--binary/include `/marconi/home/userexternal/dvanvugt/libraries/pastix/5.2.3/intelmpi--pe-xe-2016--binary--ptscotch/install/pastix-conf --incs` -I/cineca/prod/opt/libraries/hdf5/1.8.17/intelmpi--5.1--binary/include -Itiming   -c grids/grid_utils/find_strategic_points.f90 -o .obj/find_strategic_points.o
mpif90 -f90=ifort -mt_mpi -align -qopenmp -O0 -g -traceback -fstack-security-check -ftrapuv -r8 -i4 -DUSE_BLOCK -fpp -xHost -O2  -qopenmp  -warn all -warn nointerfaces -warn nounused -fpp -r8 -check all,noarg_temp_created -check bounds -check uninit -debug all -debug-parameters -fpe0 -gen-interfaces -warn-interfaces -module .mod  -implicitnone -DJOREK_MODEL=500 -DUSE_MPI -DUSE_FFTW -DUSE_PASTIX -DUSE_HDF5 -I.mod -I/cineca/prod/opt/libraries/fftw/3.3.4/intelmpi--5.1--binary/include `/marconi/home/userexternal/dvanvugt/libraries/pastix/5.2.3/intelmpi--pe-xe-2016--binary--ptscotch/install/pastix-conf --incs` -I/cineca/prod/opt/libraries/hdf5/1.8.17/intelmpi--5.1--binary/include -Itiming   -c grids/grid_utils/define_final_grid.f90 -o .obj/define_final_grid.o
mpif90 -f90=ifort -mt_mpi -align -qopenmp -O0 -g -traceback -fstack-security-check -ftrapuv -r8 -i4 -DUSE_BLOCK -fpp -xHost -O2  -qopenmp  -warn all -warn nointerfaces -warn nounused -fpp -r8 -check all,noarg_temp_created -check bounds -check uninit -debug all -debug-parameters -fpe0 -gen-interfaces -warn-interfaces -module .mod  -implicitnone -DJOREK_MODEL=500 -DUSE_MPI -DUSE_FFTW -DUSE_PASTIX -DUSE_HDF5 -I.mod -I/cineca/prod/opt/libraries/fftw/3.3.4/intelmpi--5.1--binary/include `/marconi/home/userexternal/dvanvugt/libraries/pastix/5.2.3/intelmpi--pe-xe-2016--binary--ptscotch/install/pastix-conf --incs` -I/cineca/prod/opt/libraries/hdf5/1.8.17/intelmpi--5.1--binary/include -Itiming   -c grids/grid_utils/create_new_node.f90 -o .obj/create_new_node.o
mpif90 -f90=ifort -mt_mpi -align -qopenmp -O0 -g -traceback -fstack-security-check -ftrapuv -r8 -i4 -DUSE_BLOCK -fpp -xHost -O2  -qopenmp  -warn all -warn nointerfaces -warn nounused -fpp -r8 -check all,noarg_temp_created -check bounds -check uninit -debug all -debug-parameters -fpe0 -gen-interfaces -warn-interfaces -module .mod  -implicitnone -DJOREK_MODEL=500 -DUSE_MPI -DUSE_FFTW -DUSE_PASTIX -DUSE_HDF5 -I.mod -I/cineca/prod/opt/libraries/fftw/3.3.4/intelmpi--5.1--binary/include `/marconi/home/userexternal/dvanvugt/libraries/pastix/5.2.3/intelmpi--pe-xe-2016--binary--ptscotch/install/pastix-conf --incs` -I/cineca/prod/opt/libraries/hdf5/1.8.17/intelmpi--5.1--binary/include -Itiming   -c grids/grid_utils/create_x_node.f90 -o .obj/create_x_node.o
mpif90 -f90=ifort -mt_mpi -align -qopenmp -O0 -g -traceback -fstack-security-check -ftrapuv -r8 -i4 -DUSE_BLOCK -fpp -xHost -O2  -qopenmp  -warn all -warn nointerfaces -warn nounused -fpp -r8 -check all,noarg_temp_created -check bounds -check uninit -debug all -debug-parameters -fpe0 -gen-interfaces -warn-interfaces -module .mod  -implicitnone -DJOREK_MODEL=500 -DUSE_MPI -DUSE_FFTW -DUSE_PASTIX -DUSE_HDF5 -I.mod -I/cineca/prod/opt/libraries/fftw/3.3.4/intelmpi--5.1--binary/include `/marconi/home/userexternal/dvanvugt/libraries/pastix/5.2.3/intelmpi--pe-xe-2016--binary--ptscotch/install/pastix-conf --incs` -I/cineca/prod/opt/libraries/hdf5/1.8.17/intelmpi--5.1--binary/include -Itiming   -c grids/grid_utils/define_new_grid_points.f90 -o .obj/define_new_grid_points.o
mpif90 -f90=ifort -mt_mpi -align -qopenmp -O0 -g -traceback -fstack-security-check -ftrapuv -r8 -i4 -DUSE_BLOCK -fpp -xHost -O2  -qopenmp  -warn all -warn nointerfaces -warn nounused -fpp -r8 -check all,noarg_temp_created -check bounds -check uninit -debug all -debug-parameters -fpe0 -gen-interfaces -warn-interfaces -module .mod  -implicitnone -DJOREK_MODEL=500 -DUSE_MPI -DUSE_FFTW -DUSE_PASTIX -DUSE_HDF5 -I.mod -I/cineca/prod/opt/libraries/fftw/3.3.4/intelmpi--5.1--binary/include `/marconi/home/userexternal/dvanvugt/libraries/pastix/5.2.3/intelmpi--pe-xe-2016--binary--ptscotch/install/pastix-conf --incs` -I/cineca/prod/opt/libraries/hdf5/1.8.17/intelmpi--5.1--binary/include -Itiming   -c grids/grid_utils/find_Z_surface.f90 -o .obj/find_Z_surface.o
mpif90 -f90=ifort -mt_mpi -align -qopenmp -O0 -g -traceback -fstack-security-check -ftrapuv -r8 -i4 -DUSE_BLOCK -fpp -xHost -O2  -qopenmp  -warn all -warn nointerfaces -warn nounused -fpp -r8 -check all,noarg_temp_created -check bounds -check uninit -debug all -debug-parameters -fpe0 -gen-interfaces -warn-interfaces -module .mod  -implicitnone -DJOREK_MODEL=500 -DUSE_MPI -DUSE_FFTW -DUSE_PASTIX -DUSE_HDF5 -I.mod -I/cineca/prod/opt/libraries/fftw/3.3.4/intelmpi--5.1--binary/include `/marconi/home/userexternal/dvanvugt/libraries/pastix/5.2.3/intelmpi--pe-xe-2016--binary--ptscotch/install/pastix-conf --incs` -I/cineca/prod/opt/libraries/hdf5/1.8.17/intelmpi--5.1--binary/include -Itiming   -c grids/grid_utils/find_crossing.f90 -o .obj/find_crossing.o
mpif90 -f90=ifort -mt_mpi -align -qopenmp -O0 -g -traceback -fstack-security-check -ftrapuv -r8 -i4 -DUSE_BLOCK -fpp -xHost -O2  -qopenmp  -warn all -warn nointerfaces -warn nounused -fpp -r8 -check all,noarg_temp_created -check bounds -check uninit -debug all -debug-parameters -fpe0 -gen-interfaces -warn-interfaces -module .mod  -implicitnone -DJOREK_MODEL=500 -DUSE_MPI -DUSE_FFTW -DUSE_PASTIX -DUSE_HDF5 -I.mod -I/cineca/prod/opt/libraries/fftw/3.3.4/intelmpi--5.1--binary/include `/marconi/home/userexternal/dvanvugt/libraries/pastix/5.2.3/intelmpi--pe-xe-2016--binary--ptscotch/install/pastix-conf --incs` -I/cineca/prod/opt/libraries/hdf5/1.8.17/intelmpi--5.1--binary/include -Itiming   -c grids/grid_utils/find_R_surface.f90 -o .obj/find_R_surface.o
mpif90 -f90=ifort -mt_mpi -align -qopenmp -O0 -g -traceback -fstack-security-check -ftrapuv -r8 -i4 -DUSE_BLOCK -fpp -xHost -O2  -qopenmp  -warn all -warn nointerfaces -warn nounused -fpp -r8 -check all,noarg_temp_created -check bounds -check uninit -debug all -debug-parameters -fpe0 -gen-interfaces -warn-interfaces -module .mod  -implicitnone -DJOREK_MODEL=500 -DUSE_MPI -DUSE_FFTW -DUSE_PASTIX -DUSE_HDF5 -I.mod -I/cineca/prod/opt/libraries/fftw/3.3.4/intelmpi--5.1--binary/include `/marconi/home/userexternal/dvanvugt/libraries/pastix/5.2.3/intelmpi--pe-xe-2016--binary--ptscotch/install/pastix-conf --incs` -I/cineca/prod/opt/libraries/hdf5/1.8.17/intelmpi--5.1--binary/include -Itiming   -c grids/define_boundary.f90 -o .obj/define_boundary.o
mpif90 -f90=ifort -mt_mpi -align -qopenmp -O0 -g -traceback -fstack-security-check -ftrapuv -r8 -i4 -DUSE_BLOCK -fpp -xHost -O2  -qopenmp  -warn all -warn nointerfaces -warn nounused -fpp -r8 -check all,noarg_temp_created -check bounds -check uninit -debug all -debug-parameters -fpe0 -gen-interfaces -warn-interfaces -module .mod  -implicitnone -DJOREK_MODEL=500 -DUSE_MPI -DUSE_FFTW -DUSE_PASTIX -DUSE_HDF5 -I.mod -I/cineca/prod/opt/libraries/fftw/3.3.4/intelmpi--5.1--binary/include `/marconi/home/userexternal/dvanvugt/libraries/pastix/5.2.3/intelmpi--pe-xe-2016--binary--ptscotch/install/pastix-conf --incs` -I/cineca/prod/opt/libraries/hdf5/1.8.17/intelmpi--5.1--binary/include -Itiming   -c grids/grid_xpoint_wall.f90 -o .obj/grid_xpoint_wall.o
mpif90 -f90=ifort -mt_mpi -align -qopenmp -O0 -g -traceback -fstack-security-check -ftrapuv -r8 -i4 -DUSE_BLOCK -fpp -xHost -O2  -qopenmp  -warn all -warn nointerfaces -warn nounused -fpp -r8 -check all,noarg_temp_created -check bounds -check uninit -debug all -debug-parameters -fpe0 -gen-interfaces -warn-interfaces -module .mod  -implicitnone -DJOREK_MODEL=500 -DUSE_MPI -DUSE_FFTW -DUSE_PASTIX -DUSE_HDF5 -I.mod -I/cineca/prod/opt/libraries/fftw/3.3.4/intelmpi--5.1--binary/include `/marconi/home/userexternal/dvanvugt/libraries/pastix/5.2.3/intelmpi--pe-xe-2016--binary--ptscotch/install/pastix-conf --incs` -I/cineca/prod/opt/libraries/hdf5/1.8.17/intelmpi--5.1--binary/include -Itiming   -c grids/grid_xpoint.f90 -o .obj/grid_xpoint.o
mpif90 -f90=ifort -mt_mpi -align -qopenmp -O0 -g -traceback -fstack-security-check -ftrapuv -r8 -i4 -DUSE_BLOCK -fpp -xHost -O2  -qopenmp  -warn all -warn nointerfaces -warn nounused -fpp -r8 -check all,noarg_temp_created -check bounds -check uninit -debug all -debug-parameters -fpe0 -gen-interfaces -warn-interfaces -module .mod  -implicitnone -DJOREK_MODEL=500 -DUSE_MPI -DUSE_FFTW -DUSE_PASTIX -DUSE_HDF5 -I.mod -I/cineca/prod/opt/libraries/fftw/3.3.4/intelmpi--5.1--binary/include `/marconi/home/userexternal/dvanvugt/libraries/pastix/5.2.3/intelmpi--pe-xe-2016--binary--ptscotch/install/pastix-conf --incs` -I/cineca/prod/opt/libraries/hdf5/1.8.17/intelmpi--5.1--binary/include -Itiming   -c plots/plot_solution.f90 -o .obj/plot_solution.o
mpif90 -f90=ifort -mt_mpi -align -qopenmp -O0 -g -traceback -fstack-security-check -ftrapuv -r8 -i4 -DUSE_BLOCK -fpp -xHost -O2  -qopenmp  -warn all -warn nointerfaces -warn nounused -fpp -r8 -check all,noarg_temp_created -check bounds -check uninit -debug all -debug-parameters -fpe0 -gen-interfaces -warn-interfaces -module .mod  -implicitnone -DJOREK_MODEL=500 -DUSE_MPI -DUSE_FFTW -DUSE_PASTIX -DUSE_HDF5 -I.mod -I/cineca/prod/opt/libraries/fftw/3.3.4/intelmpi--5.1--binary/include `/marconi/home/userexternal/dvanvugt/libraries/pastix/5.2.3/intelmpi--pe-xe-2016--binary--ptscotch/install/pastix-conf --incs` -I/cineca/prod/opt/libraries/hdf5/1.8.17/intelmpi--5.1--binary/include -Itiming   -c solvers/murge_module.f90 -o .obj/murge_module.o
mpif90 -f90=ifort -mt_mpi -align -qopenmp -O0 -g -traceback -fstack-security-check -ftrapuv -r8 -i4 -DUSE_BLOCK -fpp -xHost -O2  -qopenmp  -warn all -warn nointerfaces -warn nounused -fpp -r8 -check all,noarg_temp_created -check bounds -check uninit -debug all -debug-parameters -fpe0 -gen-interfaces -warn-interfaces -module .mod  -implicitnone -DJOREK_MODEL=500 -DUSE_MPI -DUSE_FFTW -DUSE_PASTIX -DUSE_HDF5 -I.mod -I/cineca/prod/opt/libraries/fftw/3.3.4/intelmpi--5.1--binary/include `/marconi/home/userexternal/dvanvugt/libraries/pastix/5.2.3/intelmpi--pe-xe-2016--binary--ptscotch/install/pastix-conf --incs` -I/cineca/prod/opt/libraries/hdf5/1.8.17/intelmpi--5.1--binary/include -Itiming   -c models/mgi_module.f90 -o .obj/mgi_module.o
mpif90 -f90=ifort -mt_mpi -align -qopenmp -O0 -g -traceback -fstack-security-check -ftrapuv -r8 -i4 -DUSE_BLOCK -fpp -xHost -O2  -qopenmp  -warn all -warn nointerfaces -warn nounused -fpp -r8 -check all,noarg_temp_created -check bounds -check uninit -debug all -debug-parameters -fpe0 -gen-interfaces -warn-interfaces -module .mod  -implicitnone -DJOREK_MODEL=500 -DUSE_MPI -DUSE_FFTW -DUSE_PASTIX -DUSE_HDF5 -I.mod -I/cineca/prod/opt/libraries/fftw/3.3.4/intelmpi--5.1--binary/include `/marconi/home/userexternal/dvanvugt/libraries/pastix/5.2.3/intelmpi--pe-xe-2016--binary--ptscotch/install/pastix-conf --incs` -I/cineca/prod/opt/libraries/hdf5/1.8.17/intelmpi--5.1--binary/include -Itiming   -c vacuum/vacuum_equilibrium.f90 -o .obj/vacuum_equilibrium.o
mpif90 -f90=ifort -mt_mpi -align -qopenmp -O0 -g -traceback -fstack-security-check -ftrapuv -r8 -i4 -DUSE_BLOCK -fpp -xHost -O2  -qopenmp  -warn all -warn nointerfaces -warn nounused -fpp -r8 -check all,noarg_temp_created -check bounds -check uninit -debug all -debug-parameters -fpe0 -gen-interfaces -warn-interfaces -module .mod  -implicitnone -DJOREK_MODEL=500 -DUSE_MPI -DUSE_FFTW -DUSE_PASTIX -DUSE_HDF5 -I.mod -I/cineca/prod/opt/libraries/fftw/3.3.4/intelmpi--5.1--binary/include `/marconi/home/userexternal/dvanvugt/libraries/pastix/5.2.3/intelmpi--pe-xe-2016--binary--ptscotch/install/pastix-conf --incs` -I/cineca/prod/opt/libraries/hdf5/1.8.17/intelmpi--5.1--binary/include -Itiming   -c models/mod_bootstrap_functions.f90 -o .obj/mod_bootstrap_functions.o
mpif90 -f90=ifort -mt_mpi -align -qopenmp -O0 -g -traceback -fstack-security-check -ftrapuv -r8 -i4 -DUSE_BLOCK -fpp -xHost -O2  -qopenmp  -warn all -warn nointerfaces -warn nounused -fpp -r8 -check all,noarg_temp_created -check bounds -check uninit -debug all -debug-parameters -fpe0 -gen-interfaces -warn-interfaces -module .mod  -implicitnone -DJOREK_MODEL=500 -DUSE_MPI -DUSE_FFTW -DUSE_PASTIX -DUSE_HDF5 -I.mod -I/cineca/prod/opt/libraries/fftw/3.3.4/intelmpi--5.1--binary/include `/marconi/home/userexternal/dvanvugt/libraries/pastix/5.2.3/intelmpi--pe-xe-2016--binary--ptscotch/install/pastix-conf --incs` -I/cineca/prod/opt/libraries/hdf5/1.8.17/intelmpi--5.1--binary/include -Itiming   -c diagnostics/diagnostics.f90 -o .obj/diagnostics.o
mpif90 -f90=ifort -mt_mpi -align -qopenmp -O0 -g -traceback -fstack-security-check -ftrapuv -r8 -i4 -DUSE_BLOCK -fpp -xHost -O2  -qopenmp  -warn all -warn nointerfaces -warn nounused -fpp -r8 -check all,noarg_temp_created -check bounds -check uninit -debug all -debug-parameters -fpe0 -gen-interfaces -warn-interfaces -module .mod  -implicitnone -DJOREK_MODEL=500 -DUSE_MPI -DUSE_FFTW -DUSE_PASTIX -DUSE_HDF5 -I.mod -I/cineca/prod/opt/libraries/fftw/3.3.4/intelmpi--5.1--binary/include `/marconi/home/userexternal/dvanvugt/libraries/pastix/5.2.3/intelmpi--pe-xe-2016--binary--ptscotch/install/pastix-conf --incs` -I/cineca/prod/opt/libraries/hdf5/1.8.17/intelmpi--5.1--binary/include -Itiming   -c diagnostics/boundary_check.f90 -o .obj/boundary_check.o
mpif90 -f90=ifort -mt_mpi -align -qopenmp -O0 -g -traceback -fstack-security-check -ftrapuv -r8 -i4 -DUSE_BLOCK -fpp -xHost -O2  -qopenmp  -warn all -warn nointerfaces -warn nounused -fpp -r8 -check all,noarg_temp_created -check bounds -check uninit -debug all -debug-parameters -fpe0 -gen-interfaces -warn-interfaces -module .mod  -implicitnone -DJOREK_MODEL=500 -DUSE_MPI -DUSE_FFTW -DUSE_PASTIX -DUSE_HDF5 -I.mod -I/cineca/prod/opt/libraries/fftw/3.3.4/intelmpi--5.1--binary/include `/marconi/home/userexternal/dvanvugt/libraries/pastix/5.2.3/intelmpi--pe-xe-2016--binary--ptscotch/install/pastix-conf --incs` -I/cineca/prod/opt/libraries/hdf5/1.8.17/intelmpi--5.1--binary/include -Itiming   -c models/model500/init_live_data_model.f90 -o .obj/init_live_data_model.o
mpif90 -f90=ifort -mt_mpi -align -qopenmp -O0 -g -traceback -fstack-security-check -ftrapuv -r8 -i4 -DUSE_BLOCK -fpp -xHost -O2  -qopenmp  -warn all -warn nointerfaces -warn nounused -fpp -r8 -check all,noarg_temp_created -check bounds -check uninit -debug all -debug-parameters -fpe0 -gen-interfaces -warn-interfaces -module .mod  -implicitnone -DJOREK_MODEL=500 -DUSE_MPI -DUSE_FFTW -DUSE_PASTIX -DUSE_HDF5 -I.mod -I/cineca/prod/opt/libraries/fftw/3.3.4/intelmpi--5.1--binary/include `/marconi/home/userexternal/dvanvugt/libraries/pastix/5.2.3/intelmpi--pe-xe-2016--binary--ptscotch/install/pastix-conf --incs` -I/cineca/prod/opt/libraries/hdf5/1.8.17/intelmpi--5.1--binary/include -Itiming   -c grids/grid_utils/define_flux_values.f90 -o .obj/define_flux_values.o
mpif90 -f90=ifort -mt_mpi -align -qopenmp -O0 -g -traceback -fstack-security-check -ftrapuv -r8 -i4 -DUSE_BLOCK -fpp -xHost -O2  -qopenmp  -warn all -warn nointerfaces -warn nounused -fpp -r8 -check all,noarg_temp_created -check bounds -check uninit -debug all -debug-parameters -fpe0 -gen-interfaces -warn-interfaces -module .mod  -implicitnone -DJOREK_MODEL=500 -DUSE_MPI -DUSE_FFTW -DUSE_PASTIX -DUSE_HDF5 -I.mod -I/cineca/prod/opt/libraries/fftw/3.3.4/intelmpi--5.1--binary/include `/marconi/home/userexternal/dvanvugt/libraries/pastix/5.2.3/intelmpi--pe-xe-2016--binary--ptscotch/install/pastix-conf --incs` -I/cineca/prod/opt/libraries/hdf5/1.8.17/intelmpi--5.1--binary/include -Itiming   -c grids/grid_utils/reorder_flux_surfaces.f90 -o .obj/reorder_flux_surfaces.o
mpif90 -f90=ifort -mt_mpi -align -qopenmp -O0 -g -traceback -fstack-security-check -ftrapuv -r8 -i4 -DUSE_BLOCK -fpp -xHost -O2  -qopenmp  -warn all -warn nointerfaces -warn nounused -fpp -r8 -check all,noarg_temp_created -check bounds -check uninit -debug all -debug-parameters -fpe0 -gen-interfaces -warn-interfaces -module .mod  -implicitnone -DJOREK_MODEL=500 -DUSE_MPI -DUSE_FFTW -DUSE_PASTIX -DUSE_HDF5 -I.mod -I/cineca/prod/opt/libraries/fftw/3.3.4/intelmpi--5.1--binary/include `/marconi/home/userexternal/dvanvugt/libraries/pastix/5.2.3/intelmpi--pe-xe-2016--binary--ptscotch/install/pastix-conf --incs` -I/cineca/prod/opt/libraries/hdf5/1.8.17/intelmpi--5.1--binary/include -Itiming   -c grids/grid_utils/find_wall_crossings_with_flux_surface.f90 -o .obj/find_wall_crossings_with_flux_surface.o
mpif90 -f90=ifort -mt_mpi -align -qopenmp -O0 -g -traceback -fstack-security-check -ftrapuv -r8 -i4 -DUSE_BLOCK -fpp -xHost -O2  -qopenmp  -warn all -warn nointerfaces -warn nounused -fpp -r8 -check all,noarg_temp_created -check bounds -check uninit -debug all -debug-parameters -fpe0 -gen-interfaces -warn-interfaces -module .mod  -implicitnone -DJOREK_MODEL=500 -DUSE_MPI -DUSE_FFTW -DUSE_PASTIX -DUSE_HDF5 -I.mod -I/cineca/prod/opt/libraries/fftw/3.3.4/intelmpi--5.1--binary/include `/marconi/home/userexternal/dvanvugt/libraries/pastix/5.2.3/intelmpi--pe-xe-2016--binary--ptscotch/install/pastix-conf --incs` -I/cineca/prod/opt/libraries/hdf5/1.8.17/intelmpi--5.1--binary/include -Itiming   -c models/model500/mod_boundary_conditions.f90 -o .obj/mod_boundary_conditions.o
mpif90 -f90=ifort -mt_mpi -align -qopenmp -O0 -g -traceback -fstack-security-check -ftrapuv -r8 -i4 -DUSE_BLOCK -fpp -xHost -O2  -qopenmp  -warn all -warn nointerfaces -warn nounused -fpp -r8 -check all,noarg_temp_created -check bounds -check uninit -debug all -debug-parameters -fpe0 -gen-interfaces -warn-interfaces -module .mod  -implicitnone -DJOREK_MODEL=500 -DUSE_MPI -DUSE_FFTW -DUSE_PASTIX -DUSE_HDF5 -I.mod -I/cineca/prod/opt/libraries/fftw/3.3.4/intelmpi--5.1--binary/include `/marconi/home/userexternal/dvanvugt/libraries/pastix/5.2.3/intelmpi--pe-xe-2016--binary--ptscotch/install/pastix-conf --incs` -I/cineca/prod/opt/libraries/hdf5/1.8.17/intelmpi--5.1--binary/include -Itiming   -c solvers/solve_mat_n.f90 -o .obj/solve_mat_n.o
mpif90 -f90=ifort -mt_mpi -align -qopenmp -O0 -g -traceback -fstack-security-check -ftrapuv -r8 -i4 -DUSE_BLOCK -fpp -xHost -O2  -qopenmp  -warn all -warn nointerfaces -warn nounused -fpp -r8 -check all,noarg_temp_created -check bounds -check uninit -debug all -debug-parameters -fpe0 -gen-interfaces -warn-interfaces -module .mod  -implicitnone -DJOREK_MODEL=500 -DUSE_MPI -DUSE_FFTW -DUSE_PASTIX -DUSE_HDF5 -I.mod -I/cineca/prod/opt/libraries/fftw/3.3.4/intelmpi--5.1--binary/include `/marconi/home/userexternal/dvanvugt/libraries/pastix/5.2.3/intelmpi--pe-xe-2016--binary--ptscotch/install/pastix-conf --incs` -I/cineca/prod/opt/libraries/hdf5/1.8.17/intelmpi--5.1--binary/include -Itiming   -c models/model500/initialise_parameters.f90 -o .obj/initialise_parameters.o
mpif90 -f90=ifort -mt_mpi -align -qopenmp -O0 -g -traceback -fstack-security-check -ftrapuv -r8 -i4 -DUSE_BLOCK -fpp -xHost -O2  -qopenmp  -warn all -warn nointerfaces -warn nounused -fpp -r8 -check all,noarg_temp_created -check bounds -check uninit -debug all -debug-parameters -fpe0 -gen-interfaces -warn-interfaces -module .mod  -implicitnone -DJOREK_MODEL=500 -DUSE_MPI -DUSE_FFTW -DUSE_PASTIX -DUSE_HDF5 -I.mod -I/cineca/prod/opt/libraries/fftw/3.3.4/intelmpi--5.1--binary/include `/marconi/home/userexternal/dvanvugt/libraries/pastix/5.2.3/intelmpi--pe-xe-2016--binary--ptscotch/install/pastix-conf --incs` -I/cineca/prod/opt/libraries/hdf5/1.8.17/intelmpi--5.1--binary/include -Itiming   -c models/preset_parameters.f90 -o .obj/preset_parameters.o
mpif90 -f90=ifort -mt_mpi -align -qopenmp -O0 -g -traceback -fstack-security-check -ftrapuv -r8 -i4 -DUSE_BLOCK -fpp -xHost -O2  -qopenmp  -warn all -warn nointerfaces -warn nounused -fpp -r8 -check all,noarg_temp_created -check bounds -check uninit -debug all -debug-parameters -fpe0 -gen-interfaces -warn-interfaces -module .mod  -implicitnone -DJOREK_MODEL=500 -DUSE_MPI -DUSE_FFTW -DUSE_PASTIX -DUSE_HDF5 -I.mod -I/cineca/prod/opt/libraries/fftw/3.3.4/intelmpi--5.1--binary/include `/marconi/home/userexternal/dvanvugt/libraries/pastix/5.2.3/intelmpi--pe-xe-2016--binary--ptscotch/install/pastix-conf --incs` -I/cineca/prod/opt/libraries/hdf5/1.8.17/intelmpi--5.1--binary/include -Itiming   -c models/mod_poiss.f90 -o .obj/mod_poiss.o
mpif90 -f90=ifort -mt_mpi -align -qopenmp -O0 -g -traceback -fstack-security-check -ftrapuv -r8 -i4 -DUSE_BLOCK -fpp -xHost -O2  -qopenmp  -warn all -warn nointerfaces -warn nounused -fpp -r8 -check all,noarg_temp_created -check bounds -check uninit -debug all -debug-parameters -fpe0 -gen-interfaces -warn-interfaces -module .mod  -implicitnone -DJOREK_MODEL=500 -DUSE_MPI -DUSE_FFTW -DUSE_PASTIX -DUSE_HDF5 -I.mod -I/cineca/prod/opt/libraries/fftw/3.3.4/intelmpi--5.1--binary/include `/marconi/home/userexternal/dvanvugt/libraries/pastix/5.2.3/intelmpi--pe-xe-2016--binary--ptscotch/install/pastix-conf --incs` -I/cineca/prod/opt/libraries/hdf5/1.8.17/intelmpi--5.1--binary/include -Itiming   -c solvers/solve_murge_all.f90 -o .obj/solve_murge_all.o
mpif90 -f90=ifort -mt_mpi -align -qopenmp -O0 -g -traceback -fstack-security-check -ftrapuv -r8 -i4 -DUSE_BLOCK -fpp -xHost -O2  -qopenmp  -warn all -warn nointerfaces -warn nounused -fpp -r8 -check all,noarg_temp_created -check bounds -check uninit -debug all -debug-parameters -fpe0 -gen-interfaces -warn-interfaces -module .mod  -implicitnone -DJOREK_MODEL=500 -DUSE_MPI -DUSE_FFTW -DUSE_PASTIX -DUSE_HDF5 -I.mod -I/cineca/prod/opt/libraries/fftw/3.3.4/intelmpi--5.1--binary/include `/marconi/home/userexternal/dvanvugt/libraries/pastix/5.2.3/intelmpi--pe-xe-2016--binary--ptscotch/install/pastix-conf --incs` -I/cineca/prod/opt/libraries/hdf5/1.8.17/intelmpi--5.1--binary/include -Itiming   -c solvers/gmres_driver.f90 -o .obj/gmres_driver.o
mpif90 -f90=ifort -mt_mpi -align -qopenmp -O0 -g -traceback -fstack-security-check -ftrapuv -r8 -i4 -DUSE_BLOCK -fpp -xHost -O2  -qopenmp  -warn all -warn nointerfaces -warn nounused -fpp -r8 -check all,noarg_temp_created -check bounds -check uninit -debug all -debug-parameters -fpe0 -gen-interfaces -warn-interfaces -module .mod  -implicitnone -DJOREK_MODEL=500 -DUSE_MPI -DUSE_FFTW -DUSE_PASTIX -DUSE_HDF5 -I.mod -I/cineca/prod/opt/libraries/fftw/3.3.4/intelmpi--5.1--binary/include `/marconi/home/userexternal/dvanvugt/libraries/pastix/5.2.3/intelmpi--pe-xe-2016--binary--ptscotch/install/pastix-conf --incs` -I/cineca/prod/opt/libraries/hdf5/1.8.17/intelmpi--5.1--binary/include -Itiming   -c solvers/gmres_matrix_vector.f90 -o .obj/gmres_matrix_vector.o
mpif90 -f90=ifort -mt_mpi -align -qopenmp -O0 -g -traceback -fstack-security-check -ftrapuv -r8 -i4 -DUSE_BLOCK -fpp -xHost -O2  -qopenmp  -warn all -warn nointerfaces -warn nounused -fpp -r8 -check all,noarg_temp_created -check bounds -check uninit -debug all -debug-parameters -fpe0 -gen-interfaces -warn-interfaces -module .mod  -implicitnone -DJOREK_MODEL=500 -DUSE_MPI -DUSE_FFTW -DUSE_PASTIX -DUSE_HDF5 -I.mod -I/cineca/prod/opt/libraries/fftw/3.3.4/intelmpi--5.1--binary/include `/marconi/home/userexternal/dvanvugt/libraries/pastix/5.2.3/intelmpi--pe-xe-2016--binary--ptscotch/install/pastix-conf --incs` -I/cineca/prod/opt/libraries/hdf5/1.8.17/intelmpi--5.1--binary/include -Itiming   -c solvers/gmres_precondition.f90 -o .obj/gmres_precondition.o
mpif90 -f90=ifort -mt_mpi -align -qopenmp -O0 -g -traceback -fstack-security-check -ftrapuv -r8 -i4 -DUSE_BLOCK -fpp -xHost -O2  -qopenmp  -warn all -warn nointerfaces -warn nounused -fpp -r8 -check all,noarg_temp_created -check bounds -check uninit -debug all -debug-parameters -fpe0 -gen-interfaces -warn-interfaces -module .mod  -implicitnone -DJOREK_MODEL=500 -DUSE_MPI -DUSE_FFTW -DUSE_PASTIX -DUSE_HDF5 -I.mod -I/cineca/prod/opt/libraries/fftw/3.3.4/intelmpi--5.1--binary/include `/marconi/home/userexternal/dvanvugt/libraries/pastix/5.2.3/intelmpi--pe-xe-2016--binary--ptscotch/install/pastix-conf --incs` -I/cineca/prod/opt/libraries/hdf5/1.8.17/intelmpi--5.1--binary/include -Itiming   -c refinement/Ref_Update_Neighbours.f90 -o .obj/Ref_Update_Neighbours.o
mpif90 -f90=ifort -mt_mpi -align -qopenmp -O0 -g -traceback -fstack-security-check -ftrapuv -r8 -i4 -DUSE_BLOCK -fpp -xHost -O2  -qopenmp  -warn all -warn nointerfaces -warn nounused -fpp -r8 -check all,noarg_temp_created -check bounds -check uninit -debug all -debug-parameters -fpe0 -gen-interfaces -warn-interfaces -module .mod  -implicitnone -DJOREK_MODEL=500 -DUSE_MPI -DUSE_FFTW -DUSE_PASTIX -DUSE_HDF5 -I.mod -I/cineca/prod/opt/libraries/fftw/3.3.4/intelmpi--5.1--binary/include `/marconi/home/userexternal/dvanvugt/libraries/pastix/5.2.3/intelmpi--pe-xe-2016--binary--ptscotch/install/pastix-conf --incs` -I/cineca/prod/opt/libraries/hdf5/1.8.17/intelmpi--5.1--binary/include -Itiming   -c models/mod_log_params.f90 -o .obj/mod_log_params.o
mpif90 -f90=ifort -mt_mpi -align -qopenmp -O0 -g -traceback -fstack-security-check -ftrapuv -r8 -i4 -DUSE_BLOCK -fpp -xHost -O2  -qopenmp  -warn all -warn nointerfaces -warn nounused -fpp -r8 -check all,noarg_temp_created -check bounds -check uninit -debug all -debug-parameters -fpe0 -gen-interfaces -warn-interfaces -module .mod  -implicitnone -DJOREK_MODEL=500 -DUSE_MPI -DUSE_FFTW -DUSE_PASTIX -DUSE_HDF5 -I.mod -I/cineca/prod/opt/libraries/fftw/3.3.4/intelmpi--5.1--binary/include `/marconi/home/userexternal/dvanvugt/libraries/pastix/5.2.3/intelmpi--pe-xe-2016--binary--ptscotch/install/pastix-conf --incs` -I/cineca/prod/opt/libraries/hdf5/1.8.17/intelmpi--5.1--binary/include -Itiming   -c models/pellet_module.f90 -o .obj/pellet_module.o
mpif90 -f90=ifort -mt_mpi -align -qopenmp -O0 -g -traceback -fstack-security-check -ftrapuv -r8 -i4 -DUSE_BLOCK -fpp -xHost -O2  -qopenmp  -warn all -warn nointerfaces -warn nounused -fpp -r8 -check all,noarg_temp_created -check bounds -check uninit -debug all -debug-parameters -fpe0 -gen-interfaces -warn-interfaces -module .mod  -implicitnone -DJOREK_MODEL=500 -DUSE_MPI -DUSE_FFTW -DUSE_PASTIX -DUSE_HDF5 -I.mod -I/cineca/prod/opt/libraries/fftw/3.3.4/intelmpi--5.1--binary/include `/marconi/home/userexternal/dvanvugt/libraries/pastix/5.2.3/intelmpi--pe-xe-2016--binary--ptscotch/install/pastix-conf --incs` -I/cineca/prod/opt/libraries/hdf5/1.8.17/intelmpi--5.1--binary/include -Itiming   -c models/domains.f90 -o .obj/domains.o
mpif90 -f90=ifort -mt_mpi -align -qopenmp -O0 -g -traceback -fstack-security-check -ftrapuv -r8 -i4 -DUSE_BLOCK -fpp -xHost -O2  -qopenmp  -warn all -warn nointerfaces -warn nounused -fpp -r8 -check all,noarg_temp_created -check bounds -check uninit -debug all -debug-parameters -fpe0 -gen-interfaces -warn-interfaces -module .mod  -implicitnone -DJOREK_MODEL=500 -DUSE_MPI -DUSE_FFTW -DUSE_PASTIX -DUSE_HDF5 -I.mod -I/cineca/prod/opt/libraries/fftw/3.3.4/intelmpi--5.1--binary/include `/marconi/home/userexternal/dvanvugt/libraries/pastix/5.2.3/intelmpi--pe-xe-2016--binary--ptscotch/install/pastix-conf --incs` -I/cineca/prod/opt/libraries/hdf5/1.8.17/intelmpi--5.1--binary/include -Itiming   -c models/equilibrium.f90 -o .obj/equilibrium.o
mpif90 -f90=ifort -mt_mpi -align -qopenmp -O0 -g -traceback -fstack-security-check -ftrapuv -r8 -i4 -DUSE_BLOCK -fpp -xHost -O2  -qopenmp  -warn all -warn nointerfaces -warn nounused -fpp -r8 -check all,noarg_temp_created -check bounds -check uninit -debug all -debug-parameters -fpe0 -gen-interfaces -warn-interfaces -module .mod  -implicitnone -DJOREK_MODEL=500 -DUSE_MPI -DUSE_FFTW -DUSE_PASTIX -DUSE_HDF5 -I.mod -I/cineca/prod/opt/libraries/fftw/3.3.4/intelmpi--5.1--binary/include `/marconi/home/userexternal/dvanvugt/libraries/pastix/5.2.3/intelmpi--pe-xe-2016--binary--ptscotch/install/pastix-conf --incs` -I/cineca/prod/opt/libraries/hdf5/1.8.17/intelmpi--5.1--binary/include -Itiming   -c models/model500/initial_conditions.f90 -o .obj/initial_conditions.o
mpif90 -f90=ifort -mt_mpi -align -qopenmp -O0 -g -traceback -fstack-security-check -ftrapuv -r8 -i4 -DUSE_BLOCK -fpp -xHost -O2  -qopenmp  -warn all -warn nointerfaces -warn nounused -fpp -r8 -check all,noarg_temp_created -check bounds -check uninit -debug all -debug-parameters -fpe0 -gen-interfaces -warn-interfaces -module .mod  -implicitnone -DJOREK_MODEL=500 -DUSE_MPI -DUSE_FFTW -DUSE_PASTIX -DUSE_HDF5 -I.mod -I/cineca/prod/opt/libraries/fftw/3.3.4/intelmpi--5.1--binary/include `/marconi/home/userexternal/dvanvugt/libraries/pastix/5.2.3/intelmpi--pe-xe-2016--binary--ptscotch/install/pastix-conf --incs` -I/cineca/prod/opt/libraries/hdf5/1.8.17/intelmpi--5.1--binary/include -Itiming   -c models/model500/mod_elt_matrix.f90 -o .obj/mod_elt_matrix.o
mpif90 -f90=ifort -mt_mpi -align -qopenmp -O0 -g -traceback -fstack-security-check -ftrapuv -r8 -i4 -DUSE_BLOCK -fpp -xHost -O2  -qopenmp  -warn all -warn nointerfaces -warn nounused -fpp -r8 -check all,noarg_temp_created -check bounds -check uninit -debug all -debug-parameters -fpe0 -gen-interfaces -warn-interfaces -module .mod  -implicitnone -DJOREK_MODEL=500 -DUSE_MPI -DUSE_FFTW -DUSE_PASTIX -DUSE_HDF5 -I.mod -I/cineca/prod/opt/libraries/fftw/3.3.4/intelmpi--5.1--binary/include `/marconi/home/userexternal/dvanvugt/libraries/pastix/5.2.3/intelmpi--pe-xe-2016--binary--ptscotch/install/pastix-conf --incs` -I/cineca/prod/opt/libraries/hdf5/1.8.17/intelmpi--5.1--binary/include -Itiming   -c models/model500/mod_elt_matrix_fft.f90 -o .obj/mod_elt_matrix_fft.o
mpif90 -f90=ifort -mt_mpi -align -qopenmp -O0 -g -traceback -fstack-security-check -ftrapuv -r8 -i4 -DUSE_BLOCK -fpp -xHost -O2  -qopenmp  -warn all -warn nointerfaces -warn nounused -fpp -r8 -check all,noarg_temp_created -check bounds -check uninit -debug all -debug-parameters -fpe0 -gen-interfaces -warn-interfaces -module .mod  -implicitnone -DJOREK_MODEL=500 -DUSE_MPI -DUSE_FFTW -DUSE_PASTIX -DUSE_HDF5 -I.mod -I/cineca/prod/opt/libraries/fftw/3.3.4/intelmpi--5.1--binary/include `/marconi/home/userexternal/dvanvugt/libraries/pastix/5.2.3/intelmpi--pe-xe-2016--binary--ptscotch/install/pastix-conf --incs` -I/cineca/prod/opt/libraries/hdf5/1.8.17/intelmpi--5.1--binary/include -Itiming   -c communication/mod_import_restart.f90 -o .obj/mod_import_restart.o
mpif90 -f90=ifort -mt_mpi -align -qopenmp -O0 -g -traceback -fstack-security-check -ftrapuv -r8 -i4 -DUSE_BLOCK -fpp -xHost -O2  -qopenmp  -warn all -warn nointerfaces -warn nounused -fpp -r8 -check all,noarg_temp_created -check bounds -check uninit -debug all -debug-parameters -fpe0 -gen-interfaces -warn-interfaces -module .mod  -implicitnone -DJOREK_MODEL=500 -DUSE_MPI -DUSE_FFTW -DUSE_PASTIX -DUSE_HDF5 -I.mod -I/cineca/prod/opt/libraries/fftw/3.3.4/intelmpi--5.1--binary/include `/marconi/home/userexternal/dvanvugt/libraries/pastix/5.2.3/intelmpi--pe-xe-2016--binary--ptscotch/install/pastix-conf --incs` -I/cineca/prod/opt/libraries/hdf5/1.8.17/intelmpi--5.1--binary/include -Itiming   -c communication/mod_export_restart.f90 -o .obj/mod_export_restart.o
mpif90 -f90=ifort -mt_mpi -align -qopenmp -O0 -g -traceback -fstack-security-check -ftrapuv -r8 -i4 -DUSE_BLOCK -fpp -xHost -O2  -qopenmp  -warn all -warn nointerfaces -warn nounused -fpp -r8 -check all,noarg_temp_created -check bounds -check uninit -debug all -debug-parameters -fpe0 -gen-interfaces -warn-interfaces -module .mod  -implicitnone -DJOREK_MODEL=500 -DUSE_MPI -DUSE_FFTW -DUSE_PASTIX -DUSE_HDF5 -I.mod -I/cineca/prod/opt/libraries/fftw/3.3.4/intelmpi--5.1--binary/include `/marconi/home/userexternal/dvanvugt/libraries/pastix/5.2.3/intelmpi--pe-xe-2016--binary--ptscotch/install/pastix-conf --incs` -I/cineca/prod/opt/libraries/hdf5/1.8.17/intelmpi--5.1--binary/include -Itiming   -c communication/broadcast_phys.f90 -o .obj/broadcast_phys.o
mpif90 -f90=ifort -mt_mpi -align -qopenmp -O0 -g -traceback -fstack-security-check -ftrapuv -r8 -i4 -DUSE_BLOCK -fpp -xHost -O2  -qopenmp  -warn all -warn nointerfaces -warn nounused -fpp -r8 -check all,noarg_temp_created -check bounds -check uninit -debug all -debug-parameters -fpe0 -gen-interfaces -warn-interfaces -module .mod  -implicitnone -DJOREK_MODEL=500 -DUSE_MPI -DUSE_FFTW -DUSE_PASTIX -DUSE_HDF5 -I.mod -I/cineca/prod/opt/libraries/fftw/3.3.4/intelmpi--5.1--binary/include `/marconi/home/userexternal/dvanvugt/libraries/pastix/5.2.3/intelmpi--pe-xe-2016--binary--ptscotch/install/pastix-conf --incs` -I/cineca/prod/opt/libraries/hdf5/1.8.17/intelmpi--5.1--binary/include -Itiming   -c diagnostics/integrals.f90 -o .obj/integrals.o
mpif90 -f90=ifort -mt_mpi -align -qopenmp -O0 -g -traceback -fstack-security-check -ftrapuv -r8 -i4 -DUSE_BLOCK -fpp -xHost -O2  -qopenmp  -warn all -warn nointerfaces -warn nounused -fpp -r8 -check all,noarg_temp_created -check bounds -check uninit -debug all -debug-parameters -fpe0 -gen-interfaces -warn-interfaces -module .mod  -implicitnone -DJOREK_MODEL=500 -DUSE_MPI -DUSE_FFTW -DUSE_PASTIX -DUSE_HDF5 -I.mod -I/cineca/prod/opt/libraries/fftw/3.3.4/intelmpi--5.1--binary/include `/marconi/home/userexternal/dvanvugt/libraries/pastix/5.2.3/intelmpi--pe-xe-2016--binary--ptscotch/install/pastix-conf --incs` -I/cineca/prod/opt/libraries/hdf5/1.8.17/intelmpi--5.1--binary/include -Itiming   -c diagnostics/integrals_3D.f90 -o .obj/integrals_3D.o
mpif90 -f90=ifort -mt_mpi -align -qopenmp -O0 -g -traceback -fstack-security-check -ftrapuv -r8 -i4 -DUSE_BLOCK -fpp -xHost -O2  -qopenmp  -warn all -warn nointerfaces -warn nounused -fpp -r8 -check all,noarg_temp_created -check bounds -check uninit -debug all -debug-parameters -fpe0 -gen-interfaces -warn-interfaces -module .mod  -implicitnone -DJOREK_MODEL=500 -DUSE_MPI -DUSE_FFTW -DUSE_PASTIX -DUSE_HDF5 -I.mod -I/cineca/prod/opt/libraries/fftw/3.3.4/intelmpi--5.1--binary/include `/marconi/home/userexternal/dvanvugt/libraries/pastix/5.2.3/intelmpi--pe-xe-2016--binary--ptscotch/install/pastix-conf --incs` -I/cineca/prod/opt/libraries/hdf5/1.8.17/intelmpi--5.1--binary/include -Itiming   -c diagnostics/jorek2help.f90 -o .obj/jorek2help.o
mpif90 -f90=ifort -mt_mpi -align -qopenmp -O0 -g -traceback -fstack-security-check -ftrapuv -r8 -i4 -DUSE_BLOCK -fpp -xHost -O2  -qopenmp  -warn all -warn nointerfaces -warn nounused -fpp -r8 -check all,noarg_temp_created -check bounds -check uninit -debug all -debug-parameters -fpe0 -gen-interfaces -warn-interfaces -module .mod  -implicitnone -DJOREK_MODEL=500 -DUSE_MPI -DUSE_FFTW -DUSE_PASTIX -DUSE_HDF5 -I.mod -I/cineca/prod/opt/libraries/fftw/3.3.4/intelmpi--5.1--binary/include `/marconi/home/userexternal/dvanvugt/libraries/pastix/5.2.3/intelmpi--pe-xe-2016--binary--ptscotch/install/pastix-conf --incs` -I/cineca/prod/opt/libraries/hdf5/1.8.17/intelmpi--5.1--binary/include -Itiming   -c matrix/construct_matrix_mod.f90 -o .obj/construct_matrix_mod.o
mpif90 -f90=ifort -mt_mpi -align -qopenmp -O0 -g -traceback -fstack-security-check -ftrapuv -r8 -i4 -DUSE_BLOCK -fpp -xHost -O2  -qopenmp  -warn all -warn nointerfaces -warn nounused -fpp -r8 -check all,noarg_temp_created -check bounds -check uninit -debug all -debug-parameters -fpe0 -gen-interfaces -warn-interfaces -module .mod  -implicitnone -DJOREK_MODEL=500 -DUSE_MPI -DUSE_FFTW -DUSE_PASTIX -DUSE_HDF5 -I.mod -I/cineca/prod/opt/libraries/fftw/3.3.4/intelmpi--5.1--binary/include `/marconi/home/userexternal/dvanvugt/libraries/pastix/5.2.3/intelmpi--pe-xe-2016--binary--ptscotch/install/pastix-conf --incs` -I/cineca/prod/opt/libraries/hdf5/1.8.17/intelmpi--5.1--binary/include -Itiming   -c matrix/construct_matrix_murge_mod.f90 -o .obj/construct_matrix_murge_mod.o
mpif90 -f90=ifort -mt_mpi -align -qopenmp -O0 -g -traceback -fstack-security-check -ftrapuv -r8 -i4 -DUSE_BLOCK -fpp -xHost -O2  -qopenmp  -warn all -warn nointerfaces -warn nounused -fpp -r8 -check all,noarg_temp_created -check bounds -check uninit -debug all -debug-parameters -fpe0 -gen-interfaces -warn-interfaces -module .mod  -implicitnone -DJOREK_MODEL=500 -DUSE_MPI -DUSE_FFTW -DUSE_PASTIX -DUSE_HDF5 -I.mod -I/cineca/prod/opt/libraries/fftw/3.3.4/intelmpi--5.1--binary/include `/marconi/home/userexternal/dvanvugt/libraries/pastix/5.2.3/intelmpi--pe-xe-2016--binary--ptscotch/install/pastix-conf --incs` -I/cineca/prod/opt/libraries/hdf5/1.8.17/intelmpi--5.1--binary/include -Itiming   -c jorek2_main.f90 -o .obj/jorek2_main.o
mpif90 -f90=ifort -mt_mpi -align -qopenmp -O0 -g -traceback -fstack-security-check -ftrapuv -DJOREK_MODEL=500 -DUSE_MPI -DUSE_FFTW -DUSE_PASTIX -DUSE_HDF5 -I.mod -I/cineca/prod/opt/libraries/fftw/3.3.4/intelmpi--5.1--binary/include `/marconi/home/userexternal/dvanvugt/libraries/pastix/5.2.3/intelmpi--pe-xe-2016--binary--ptscotch/install/pastix-conf --incs` -I/cineca/prod/opt/libraries/hdf5/1.8.17/intelmpi--5.1--binary/include -Itiming  -o jorek2_main .obj/jorek2_main.o .obj/constants.o .obj/mumps_module.o .obj/pastix_module.o .obj/murge_module.o .obj/tr_module.o .obj/mpi_mod.o .obj/flush_it.o .obj/pastix_getmem.o .obj/mod_parameters.o .obj/data_structure.o .obj/gauss.o .obj/global_distributed_matrix.o .obj/mod_clock.o .obj/nodes_elements.o .obj/wsmp_module.o .obj/phys_module.o .obj/mod_log_params.o .obj/vacuum.o .obj/hdf5_io_module.o .obj/pellet_module.o .obj/mgi_module.o .obj/integrals_3D.o .obj/basis_at_gaussian.o .obj/domains.o .obj/diagnostics.o .obj/find_RZ.o .obj/RZ_minmax.o .obj/root.o .obj/cub1D.o .obj/interp_RZ.o .obj/basisfunctions2.o .obj/interp.o .obj/find_xpoint.o .obj/mnewtax.o .obj/find_axis.o .obj/density.o .obj/current.o .obj/temperature_e.o .obj/ffprime.o .obj/temperature_i.o .obj/temperature.o .obj/sources.o .obj/corr_neg.o .obj/interp_PRZ.o .obj/mod_basisfunctions.o .obj/equil_info.o .obj/find_strike.o .obj/find_limiter.o .obj/mod_boundary.o .obj/vacuum_response.o .obj/boundary_check.o .obj/basisfunctions1.o .obj/export_boundary.o .obj/vacuum_equilibrium.o .obj/live_data.o .obj/init_live_data_model.o .obj/diffusivities.o .obj/profiles.o .obj/mod_bootstrap_functions.o .obj/grid_xpoint_data.o .obj/determine_q_profile.o .obj/find_flux_surfaces.o .obj/flux_surface_add_line.o .obj/SolveM2.o .obj/psi_minmax.o .obj/flux_surface_add_point.o .obj/solvP3.o .obj/find_theta_surface.o .obj/define_flux_values.o .obj/py_plots_grids.o .obj/reorder_flux_surfaces.o .obj/find_wall_crossings_with_flux_surface.o .obj/high_resolution_wall.o .obj/check_point_is_inside_wall.o .obj/find_crossing_on_surface_piece.o .obj/meshac2.o .obj/fgauss.o .obj/construct_matrix_mod.o .obj/mod_boundary_matrix_open.o .obj/mod_elt_matrix.o .obj/mod_elt_matrix_fft.o .obj/RFT2.o .obj/mod_locate_irn_jcn.o .obj/mod_global_matrix_structure.o .obj/mod_ch_node_struct.o .obj/mod_ch_nod_rhs_elm.o .obj/basisfunctions.o .obj/mod_boundary_conditions.o .obj/r3_info.o .obj/boundary_matrix.o .obj/construct_matrix_murge_mod.o .obj/mod_import_restart.o .obj/mod_export_restart.o .obj/solve_mat_n.o .obj/mod_coicsr.o .obj/split_broadcast.o .obj/out_save_module.o .obj/jorek2help.o .obj/energy.o .obj/det_modes.o .obj/initialise_and_broadcast_parameters.o .obj/update_time_evol_params.o .obj/broadcast_phys.o .obj/broadcast_num_profiles.o .obj/initialise_parameters.o .obj/read_num_profiles.o .obj/preset_parameters.o .obj/derive_num_profiles.o .obj/read_RMP_profiles.o .obj/equilibrium.o .obj/mod_poiss.o .obj/element_matrix_GS_perturbation.o .obj/element_matrix_GS_inverse.o .obj/chgmt_node.o .obj/element_matrix_poisson_inverse.o .obj/element_matrix_GS.o .obj/element_matrix_poisson.o .obj/q_profile.o .obj/ppplib.o .obj/integral_current.o .obj/plot_coils.o .obj/plot_flux_surfaces.o .obj/plot_grid.o .obj/bezier_1d.o .obj/neo_coef.o .obj/broadcast_boundary.o .obj/export_nemec.o .obj/determine_PhiN.o .obj/broadcast_nodes.o .obj/update_values.o .obj/distribute_harmonics.o .obj/distribute_vector.o .obj/update_deltas.o .obj/broadcast_elements.o .obj/export_helena.o .obj/integrals.o .obj/distribute_nodes_elements.o .obj/Ref_Active_Node.o .obj/broadcast_RMP_profiles.o .obj/initialise_mumps.o .obj/solve_murge_all.o .obj/solve_mumps_all.o .obj/solve_pastix_all.o .obj/gmres_driver.o .obj/gmres_matrix_vector.o .obj/gmres_precondition.o .obj/dPackgmres.o .obj/initial_conditions.o .obj/Refine_Elem_List.o .obj/Refine_Element.o .obj/Ref_Find_Constrained_Node.o .obj/Ref_Add_Node.o .obj/Ref_boundary_node.o .obj/Ref_Check_Neighb_Stat.o .obj/Ref_Update_Neighbours.o .obj/mod_neighbours.o .obj/Ref_Add_Elements.o .obj/Ref_Update_Index.o .obj/initialise_basis.o .obj/grid_flux_surface.o .obj/spline.o .obj/grid_bezier_square_polar.o .obj/dlength.o .obj/grid_bezier_square.o .obj/grid_polar_bezier.o .obj/grid_double_xpoint.o .obj/find_strategic_points.o .obj/define_final_grid.o .obj/create_new_node.o .obj/create_x_node.o .obj/define_new_grid_points.o .obj/find_Z_surface.o .obj/find_crossing.o .obj/find_R_surface.o .obj/define_boundary.o .obj/tb15a.o .obj/tg02a.o .obj/grid_xpoint_wall.o .obj/find_wall_crossing.o .obj/grid_xpoint.o .obj/plot_solution.o    /cineca/prod/opt/libraries/fftw/3.3.4/intelmpi--5.1--binary/lib/libfftw3.a `/marconi/home/userexternal/dvanvugt/libraries/pastix/5.2.3/intelmpi--pe-xe-2016--binary--ptscotch/install/pastix-conf --libs`  -L/cineca/prod/opt/compilers/intel/pe-xe-2016/binary/mkl/lib/intel64 `/marconi/home/userexternal/dvanvugt/libraries/pastix/5.2.3/intelmpi--pe-xe-2016--binary--ptscotch/install/pastix-conf --blas` -L/cineca/prod/opt/libraries/hdf5/1.8.17/intelmpi--5.1--binary/lib -lhdf5_fortran -lhdf5hl_fortran -lhdf5 -lhdf5_hl /cineca/prod/opt/libraries/szip/2.1/gnu--6.1.0/lib/libsz.a -lz
mv jorek2_main jorek_model500
